Archive member included to satisfy reference by file (symbol)

C:/ST/STM32CubeIDE_1.14.1/STM32CubeIDE/plugins/com.st.stm32cube.ide.mcu.externaltools.gnu-tools-for-stm32.13.3.rel1.win32_1.0.0.202411081344/tools/bin/../lib/gcc/arm-none-eabi/13.3.1/../../../../arm-none-eabi/lib/thumb/v7e-m+fp/hard\libc_nano.a(libc_a-exit.o)
                              C:/ST/STM32CubeIDE_1.14.1/STM32CubeIDE/plugins/com.st.stm32cube.ide.mcu.externaltools.gnu-tools-for-stm32.13.3.rel1.win32_1.0.0.202411081344/tools/bin/../lib/gcc/arm-none-eabi/13.3.1/../../../../arm-none-eabi/lib/thumb/v7e-m+fp/hard/crt0.o (exit)
C:/ST/STM32CubeIDE_1.14.1/STM32CubeIDE/plugins/com.st.stm32cube.ide.mcu.externaltools.gnu-tools-for-stm32.13.3.rel1.win32_1.0.0.202411081344/tools/bin/../lib/gcc/arm-none-eabi/13.3.1/../../../../arm-none-eabi/lib/thumb/v7e-m+fp/hard\libc_nano.a(libc_a-findfp.o)
                              C:/ST/STM32CubeIDE_1.14.1/STM32CubeIDE/plugins/com.st.stm32cube.ide.mcu.externaltools.gnu-tools-for-stm32.13.3.rel1.win32_1.0.0.202411081344/tools/bin/../lib/gcc/arm-none-eabi/13.3.1/../../../../arm-none-eabi/lib/thumb/v7e-m+fp/hard\libc_nano.a(libc_a-exit.o) (__stdio_exit_handler)
C:/ST/STM32CubeIDE_1.14.1/STM32CubeIDE/plugins/com.st.stm32cube.ide.mcu.externaltools.gnu-tools-for-stm32.13.3.rel1.win32_1.0.0.202411081344/tools/bin/../lib/gcc/arm-none-eabi/13.3.1/../../../../arm-none-eabi/lib/thumb/v7e-m+fp/hard\libc_nano.a(libc_a-fwalk.o)
                              C:/ST/STM32CubeIDE_1.14.1/STM32CubeIDE/plugins/com.st.stm32cube.ide.mcu.externaltools.gnu-tools-for-stm32.13.3.rel1.win32_1.0.0.202411081344/tools/bin/../lib/gcc/arm-none-eabi/13.3.1/../../../../arm-none-eabi/lib/thumb/v7e-m+fp/hard\libc_nano.a(libc_a-findfp.o) (_fwalk_sglue)
C:/ST/STM32CubeIDE_1.14.1/STM32CubeIDE/plugins/com.st.stm32cube.ide.mcu.externaltools.gnu-tools-for-stm32.13.3.rel1.win32_1.0.0.202411081344/tools/bin/../lib/gcc/arm-none-eabi/13.3.1/../../../../arm-none-eabi/lib/thumb/v7e-m+fp/hard\libc_nano.a(libc_a-stdio.o)
                              C:/ST/STM32CubeIDE_1.14.1/STM32CubeIDE/plugins/com.st.stm32cube.ide.mcu.externaltools.gnu-tools-for-stm32.13.3.rel1.win32_1.0.0.202411081344/tools/bin/../lib/gcc/arm-none-eabi/13.3.1/../../../../arm-none-eabi/lib/thumb/v7e-m+fp/hard\libc_nano.a(libc_a-findfp.o) (__sread)
C:/ST/STM32CubeIDE_1.14.1/STM32CubeIDE/plugins/com.st.stm32cube.ide.mcu.externaltools.gnu-tools-for-stm32.13.3.rel1.win32_1.0.0.202411081344/tools/bin/../lib/gcc/arm-none-eabi/13.3.1/../../../../arm-none-eabi/lib/thumb/v7e-m+fp/hard\libc_nano.a(libc_a-memset.o)
                              C:/ST/STM32CubeIDE_1.14.1/STM32CubeIDE/plugins/com.st.stm32cube.ide.mcu.externaltools.gnu-tools-for-stm32.13.3.rel1.win32_1.0.0.202411081344/tools/bin/../lib/gcc/arm-none-eabi/13.3.1/../../../../arm-none-eabi/lib/thumb/v7e-m+fp/hard/crt0.o (memset)
C:/ST/STM32CubeIDE_1.14.1/STM32CubeIDE/plugins/com.st.stm32cube.ide.mcu.externaltools.gnu-tools-for-stm32.13.3.rel1.win32_1.0.0.202411081344/tools/bin/../lib/gcc/arm-none-eabi/13.3.1/../../../../arm-none-eabi/lib/thumb/v7e-m+fp/hard\libc_nano.a(libc_a-closer.o)
                              C:/ST/STM32CubeIDE_1.14.1/STM32CubeIDE/plugins/com.st.stm32cube.ide.mcu.externaltools.gnu-tools-for-stm32.13.3.rel1.win32_1.0.0.202411081344/tools/bin/../lib/gcc/arm-none-eabi/13.3.1/../../../../arm-none-eabi/lib/thumb/v7e-m+fp/hard\libc_nano.a(libc_a-stdio.o) (_close_r)
C:/ST/STM32CubeIDE_1.14.1/STM32CubeIDE/plugins/com.st.stm32cube.ide.mcu.externaltools.gnu-tools-for-stm32.13.3.rel1.win32_1.0.0.202411081344/tools/bin/../lib/gcc/arm-none-eabi/13.3.1/../../../../arm-none-eabi/lib/thumb/v7e-m+fp/hard\libc_nano.a(libc_a-reent.o)
                              C:/ST/STM32CubeIDE_1.14.1/STM32CubeIDE/plugins/com.st.stm32cube.ide.mcu.externaltools.gnu-tools-for-stm32.13.3.rel1.win32_1.0.0.202411081344/tools/bin/../lib/gcc/arm-none-eabi/13.3.1/../../../../arm-none-eabi/lib/thumb/v7e-m+fp/hard\libc_nano.a(libc_a-closer.o) (errno)
C:/ST/STM32CubeIDE_1.14.1/STM32CubeIDE/plugins/com.st.stm32cube.ide.mcu.externaltools.gnu-tools-for-stm32.13.3.rel1.win32_1.0.0.202411081344/tools/bin/../lib/gcc/arm-none-eabi/13.3.1/../../../../arm-none-eabi/lib/thumb/v7e-m+fp/hard\libc_nano.a(libc_a-impure.o)
                              C:/ST/STM32CubeIDE_1.14.1/STM32CubeIDE/plugins/com.st.stm32cube.ide.mcu.externaltools.gnu-tools-for-stm32.13.3.rel1.win32_1.0.0.202411081344/tools/bin/../lib/gcc/arm-none-eabi/13.3.1/../../../../arm-none-eabi/lib/thumb/v7e-m+fp/hard\libc_nano.a(libc_a-reent.o) (_impure_ptr)
C:/ST/STM32CubeIDE_1.14.1/STM32CubeIDE/plugins/com.st.stm32cube.ide.mcu.externaltools.gnu-tools-for-stm32.13.3.rel1.win32_1.0.0.202411081344/tools/bin/../lib/gcc/arm-none-eabi/13.3.1/../../../../arm-none-eabi/lib/thumb/v7e-m+fp/hard\libc_nano.a(libc_a-lseekr.o)
[...]
Memory Configuration

Name             Origin             Length             Attributes
RAM              0x20000000         0x00020000         xrw
FLASH            0x08000000         0x00080000         xr
*default*        0x00000000         0xffffffff

Linker script and memory map

LOAD C:/ST/STM32CubeIDE_1.14.1/STM32CubeIDE/plugins/com.st.stm32cube.ide.mcu.externaltools.gnu-tools-for-stm32.13.3.rel1.win32_1.0.0.202411081344/tools/bin/../lib/gcc/arm-none-eabi/13.3.1/thumb/v7e-m+fp/hard/crti.o
LOAD C:/ST/STM32CubeIDE_1.14.1/STM32CubeIDE/plugins/com.st.stm32cube.ide.mcu.externaltools.gnu-tools-for-stm32.13.3.rel1.win32_1.0.0.202411081344/tools/bin/../lib/gcc/arm-none-eabi/13.3.1/thumb/v7e-m+fp/hard/crtbegin.o
LOAD C:/ST/STM32CubeIDE_1.14.1/STM32CubeIDE/plugins/com.st.stm32cube.ide.mcu.externaltools.gnu-tools-for-stm32.13.3.rel1.win32_1.0.0.202411081344/tools/bin/../lib/gcc/arm-none-eabi/13.3.1/../../../../arm-none-eabi/lib/thumb/v7e-m+fp/hard/crt0.o
LOAD ./Core/Src/App/appTask.o
LOAD ./Core/Src/App/commTask.o
LOAD ./Core/Src/App/watchdogTask.o
LOAD ./Core/Src/Drivers/ADC.o
LOAD ./Core/Src/Drivers/Dig.o
LOAD ./Core/Src/Drivers/PWM.o
LOAD ./Core/Src/Drivers/RC_Driver.o
LOAD ./Core/Src/Drivers/UART.o
LOAD ./Core/Src/Drivers/WDG.o
LOAD ./Core/Src/Middleware/DCMotCntrMod.o
LOAD ./Core/Src/Middleware/JoyMod.o
LOAD ./Core/Src/freertos.o
LOAD ./Core/Src/main.o
LOAD ./Core/Src/stm32f4xx_hal_msp.o
LOAD ./Core/Src/stm32f4xx_it.o
LOAD ./Core/Src/syscalls.o
LOAD ./Core/Src/sysmem.o
LOAD ./Core/Src/system_stm32f4xx.o
LOAD ./Core/Startup/startup_stm32f446retx.o
LOAD ./Drivers/STM32F4xx_HAL_Driver/Src/stm32f4xx_hal.o
LOAD ./Drivers/STM32F4xx_HAL_Driver/Src/stm32f4xx_hal_adc.o
LOAD ./Drivers/STM32F4xx_HAL_Driver/Src/stm32f4xx_hal_adc_ex.o
LOAD ./Drivers/STM32F4xx_HAL_Driver/Src/stm32f4xx_hal_cortex.o
LOAD ./Drivers/STM32F4xx_HAL_Driver/Src/stm32f4xx_hal_dma.o
LOAD ./Drivers/STM32F4xx_HAL_Driver/Src/stm32f4xx_hal_dma_ex.o
LOAD ./Drivers/STM32F4xx_HAL_Driver/Src/stm32f4xx_hal_exti.o
LOAD ./Drivers/STM32F4xx_HAL_Driver/Src/stm32f4xx_hal_flash.o
LOAD ./Drivers/STM32F4xx_HAL_Driver/Src/stm32f4xx_hal_flash_ex.o
LOAD ./Drivers/STM32F4xx_HAL_Driver/Src/stm32f4xx_hal_flash_ramfunc.o
LOAD ./Drivers/STM32F4xx_HAL_Driver/Src/stm32f4xx_hal_gpio.o
LOAD ./Drivers/STM32F4xx_HAL_Driver/Src/stm32f4xx_hal_iwdg.o
LOAD ./Drivers/STM32F4xx_HAL_Driver/Src/stm32f4xx_hal_pwr.o
LOAD ./Drivers/STM32F4xx_HAL_Driver/Src/stm32f4xx_hal_pwr_ex.o
LOAD ./Drivers/STM32F4xx_HAL_Driver/Src/stm32f4xx_hal_rcc.o
LOAD ./Drivers/STM32F4xx_HAL_Driver/Src/stm32f4xx_hal_rcc_ex.o
LOAD ./Drivers/STM32F4xx_HAL_Driver/Src/stm32f4xx_hal_tim.o
LOAD ./Drivers/STM32F4xx_HAL_Driver/Src/stm32f4xx_hal_tim_ex.o
LOAD ./Drivers/STM32F4xx_HAL_Driver/Src/stm32f4xx_hal_uart.o
LOAD ./Drivers/STM32F4xx_HAL_Driver/Src/stm32f4xx_ll_adc.o
LOAD ./Middlewares/Third_Party/FreeRTOS/Source/CMSIS_RTOS_V2/cmsis_os2.o
LOAD ./Middlewares/Third_Party/FreeRTOS/Source/croutine.o
LOAD ./Middlewares/Third_Party/FreeRTOS/Source/event_groups.o
LOAD ./Middlewares/Third_Party/FreeRTOS/Source/list.o
LOAD ./Middlewares/Third_Party/FreeRTOS/Source/queue.o
LOAD ./Middlewares/Third_Party/FreeRTOS/Source/stream_buffer.o
LOAD ./Middlewares/Third_Party/FreeRTOS/Source/tasks.o
LOAD ./Middlewares/Third_Party/FreeRTOS/Source/timers.o
LOAD ./Middlewares/Third_Party/FreeRTOS/Source/portable/GCC/ARM_CM4F/port.o
LOAD ./Middlewares/Third_Party/FreeRTOS/Source/portable/MemMang/heap_4.o
START GROUP
LOAD C:/ST/STM32CubeIDE_1.14.1/STM32CubeIDE/plugins/com.st.stm32cube.ide.mcu.externaltools.gnu-tools-for-stm32.13.3.rel1.win32_1.0.0.202411081344/tools/bin/../lib/gcc/arm-none-eabi/13.3.1/../../../../arm-none-eabi/lib/thumb/v7e-m+fp/hard\libc_nano.a
LOAD C:/ST/STM32CubeIDE_1.14.1/STM32CubeIDE/plugins/com.st.stm32cube.ide.mcu.externaltools.gnu-tools-for-stm32.13.3.rel1.win32_1.0.0.202411081344/tools/bin/../lib/gcc/arm-none-eabi/13.3.1/../../../../arm-none-eabi/lib/thumb/v7e-m+fp/hard\libm.a
END GROUP
START GROUP
LOAD C:/ST/STM32CubeIDE_1.14.1/STM32CubeIDE/plugins/com.st.stm32cube.ide.mcu.externaltools.gnu-tools-for-stm32.13.3.rel1.win32_1.0.0.202411081344/tools/bin/../lib/gcc/arm-none-eabi/13.3.1/thumb/v7e-m+fp/hard\libgcc.a
LOAD C:/ST/STM32CubeIDE_1.14.1/STM32CubeIDE/plugins/com.st.stm32cube.ide.mcu.externaltools.gnu-tools-for-stm32.13.3.rel1.win32_1.0.0.202411081344/tools/bin/../lib/gcc/arm-none-eabi/13.3.1/../../../../arm-none-eabi/lib/thumb/v7e-m+fp/hard\libc_nano.a
END GROUP
START GROUP
LOAD C:/ST/STM32CubeIDE_1.14.1/STM32CubeIDE/plugins/com.st.stm32cube.ide.mcu.externaltools.gnu-tools-for-stm32.13.3.rel1.win32_1.0.0.202411081344/tools/bin/../lib/gcc/arm-none-eabi/13.3.1/thumb/v7e-m+fp/hard\libgcc.a
LOAD C:/ST/STM32CubeIDE_1.14.1/STM32CubeIDE/plugins/com.st.stm32cube.ide.mcu.externaltools.gnu-tools-for-stm32.13.3.rel1.win32_1.0.0.202411081344/tools/bin/../lib/gcc/arm-none-eabi/13.3.1/../../../../arm-none-eabi/lib/thumb/v7e-m+fp/hard\libc_nano.a
LOAD C:/ST/STM32CubeIDE_1.14.1/STM32CubeIDE/plugins/com.st.stm32cube.ide.mcu.externaltools.gnu-tools-for-stm32.13.3.rel1.win32_1.0.0.202411081344/tools/bin/../lib/gcc/arm-none-eabi/13.3.1/../../../../arm-none-eabi/lib/thumb/v7e-m+fp/hard\libnosys.a
END GROUP
START GROUP
LOAD C:/ST/STM32CubeIDE_1.14.1/STM32CubeIDE/plugins/com.st.stm32cube.ide.mcu.externaltools.gnu-tools-for-stm32.13.3.rel1.win32_1.0.0.202411081344/tools/bin/../lib/gcc/arm-none-eabi/13.3.1/thumb/v7e-m+fp/hard\libgcc.a
LOAD C:/ST/STM32CubeIDE_1.14.1/STM32CubeIDE/plugins/com.st.stm32cube.ide.mcu.externaltools.gnu-tools-for-stm32.13.3.rel1.win32_1.0.0.202411081344/tools/bin/../lib/gcc/arm-none-eabi/13.3.1/../../../../arm-none-eabi/lib/thumb/v7e-m+fp/hard\libc_nano.a
LOAD C:/ST/STM32CubeIDE_1.14.1/STM32CubeIDE/plugins/com.st.stm32cube.ide.mcu.externaltools.gnu-tools-for-stm32.13.3.rel1.win32_1.0.0.202411081344/tools/bin/../lib/gcc/arm-none-eabi/13.3.1/../../../../arm-none-eabi/lib/thumb/v7e-m+fp/hard\libnosys.a
END GROUP
LOAD C:/ST/STM32CubeIDE_1.14.1/STM32CubeIDE/plugins/com.st.stm32cube.ide.mcu.externaltools.gnu-tools-for-stm32.13.3.rel1.win32_1.0.0.202411081344/tools/bin/../lib/gcc/arm-none-eabi/13.3.1/thumb/v7e-m+fp/hard/crtend.o
LOAD C:/ST/STM32CubeIDE_1.14.1/STM32CubeIDE/plugins/com.st.stm32cube.ide.mcu.externaltools.gnu-tools-for-stm32.13.3.rel1.win32_1.0.0.202411081344/tools/bin/../lib/gcc/arm-none-eabi/13.3.1/thumb/v7e-m+fp/hard/crtn.o
                0x20020000                        _estack = (ORIGIN (RAM) + LENGTH (RAM))
                0x00000200                        _Min_Heap_Size = 0x200
                0x00000400                        _Min_Stack_Size = 0x400

.isr_vector     0x08000000      0x1c4
                0x08000000                        . = ALIGN (0x4)
 *(.isr_vector)
 .isr_vector    0x08000000      0x1c4 ./Core/Startup/startup_stm32f446retx.o
                0x08000000                g_pfnVectors
                0x080001c4                        . = ALIGN (0x4)

.text           0x080001d0     0x6304
                0x080001d0                        . = ALIGN (0x4)
 *(.text)
 .text          0x080001d0       0x40 C:/ST/STM32CubeIDE_1.14.1/STM32CubeIDE/plugins/com.st.stm32cube.ide.mcu.externaltools.gnu-tools-for-stm32.13.3.rel1.win32_1.0.0.202411081344/tools/bin/../lib/gcc/arm-none-eabi/13.3.1/thumb/v7e-m+fp/hard/crtbegin.o
 .text          0x08000210       0x30 C:/ST/STM32CubeIDE_1.14.1/STM32CubeIDE/plugins/com.st.stm32cube.ide.mcu.externaltools.gnu-tools-for-stm32.13.3.rel1.win32_1.0.0.202411081344/tools/bin/../lib/gcc/arm-none-eabi/13.3.1/thumb/v7e-m+fp/hard\libgcc.a(_aeabi_uldivmod.o)
                0x08000210                __aeabi_uldivmod
 .text          0x08000240      0x2f8 C:/ST/STM32CubeIDE_1.14.1/STM32CubeIDE/plugins/com.st.stm32cube.ide.mcu.externaltools.gnu-tools-for-stm32.13.3.rel1.win32_1.0.0.202411081344/tools/bin/../lib/gcc/arm-none-eabi/13.3.1/thumb/v7e-m+fp/hard\libgcc.a(_udivmoddi4.o)
                0x08000240                __udivmoddi4
 .text          0x08000538        0x4 C:/ST/STM32CubeIDE_1.14.1/STM32CubeIDE/plugins/com.st.stm32cube.ide.mcu.externaltools.gnu-tools-for-stm32.13.3.rel1.win32_1.0.0.202411081344/tools/bin/../lib/gcc/arm-none-eabi/13.3.1/thumb/v7e-m+fp/hard\libgcc.a(_dvmd_tls.o)
                0x08000538                __aeabi_idiv0
                0x08000538                __aeabi_ldiv0
 *(.text*)
 .text.AppTask  0x0800053c       0x30 ./Core/Src/App/appTask.o
                0x0800053c                AppTask
 .text.AppTask_IsAlive
                0x0800056c       0x18 ./Core/Src/App/appTask.o
                0x0800056c                AppTask_IsAlive
 .text.CommTask
                0x08000584       0x1c ./Core/Src/App/commTask.o
                0x08000584                CommTask
 .text.CommTask_IsAlive
                0x080005a0       0x18 ./Core/Src/App/commTask.o
                0x080005a0                CommTask_IsAlive
 .text.WatchdogTask
                0x080005b8       0x2a ./Core/Src/App/watchdogTask.o
                0x080005b8                WatchdogTask
 *fill*         0x080005e2        0x2 
 .text.ADC_Init
                0x080005e4       0x14 ./Core/Src/Drivers/ADC.o
                0x080005e4                ADC_Init
 .text.ADC_GetValue
                0x080005f8       0x70 ./Core/Src/Drivers/ADC.o
                0x080005f8                ADC_GetValue
 .text.Dig_Write
                0x08000668       0x34 ./Core/Src/Drivers/Dig.o
                0x08000668                Dig_Write
 .text.PWM_Init
                0x0800069c       0x14 ./Core/Src/Drivers/PWM.o
                0x0800069c                PWM_Init
 .text.PWM_SetDuty
                0x080006b0       0x34 ./Core/Src/Drivers/PWM.o
                0x080006b0                PWM_SetDuty
 .text.RC_GetJoyYRaw
                0x080006e4       0x10 ./Core/Src/Drivers/RC_Driver.o
                0x080006e4                RC_GetJoyYRaw
 .text.WDG_Refresh
                0x080006f4       0x14 ./Core/Src/Drivers/WDG.o
                0x080006f4                WDG_Refresh
 .text.DCMotor_Run
                0x08000708       0x6c ./Core/Src/Middleware/DCMotCntrMod.o
                0x08000708                DCMotor_Run
 .text.Joy_GetScaledValue
                0x08000774       0x28 ./Core/Src/Middleware/JoyMod.o
                0x08000774                Joy_GetScaledValue
 .text.Joy_Scale
                0x0800079c       0x6c ./Core/Src/Middleware/JoyMod.o
 .text.main     0x08000808       0x88 ./Core/Src/main.o
                0x08000808                main
 .text.SystemClock_Config
                0x08000890       0xe8 ./Core/Src/main.o
                0x08000890                SystemClock_Config
 .text.MX_ADC1_Init
                0x08000978       0xa4 ./Core/Src/main.o
 .text.MX_IWDG_Init
                0x08000a1c       0x34 ./Core/Src/main.o
 .text.MX_TIM1_Init
                0x08000a50      0x108 ./Core/Src/main.o
 .text.MX_USART2_UART_Init
                0x08000b58       0x54 ./Core/Src/main.o
 .text.MX_GPIO_Init
                0x08000bac       0x64 ./Core/Src/main.o
 .text.Error_Handler
                0x08000c10        0xc ./Core/Src/main.o
                0x08000c10                Error_Handler
 .text.HAL_MspInit
                0x08000c1c       0x58 ./Core/Src/stm32f4xx_hal_msp.o
                0x08000c1c                HAL_MspInit
 .text.HAL_ADC_MspInit
                0x08000c74       0x88 ./Core/Src/stm32f4xx_hal_msp.o
                0x08000c74                HAL_ADC_MspInit
 .text.HAL_TIM_PWM_MspInit
                0x08000cfc       0x44 ./Core/Src/stm32f4xx_hal_msp.o
                0x08000cfc                HAL_TIM_PWM_MspInit
 .text.HAL_TIM_MspPostInit
                0x08000d40       0x74 ./Core/Src/stm32f4xx_hal_msp.o
                0x08000d40                HAL_TIM_MspPostInit
 .text.HAL_UART_MspInit
                0x08000db4       0x90 ./Core/Src/stm32f4xx_hal_msp.o
                0x08000db4                HAL_UART_MspInit
 .text.NMI_Handler
                0x08000e44        0x8 ./Core/Src/stm32f4xx_it.o
                0x08000e44                NMI_Handler
 .text.HardFault_Handler
                0x08000e4c        0x8 ./Core/Src/stm32f4xx_it.o
                0x08000e4c                HardFault_Handler
 .text.MemManage_Handler
                0x08000e54        0x8 ./Core/Src/stm32f4xx_it.o
                0x08000e54                MemManage_Handler
 .text.BusFault_Handler
                0x08000e5c        0x8 ./Core/Src/stm32f4xx_it.o
                0x08000e5c                BusFault_Handler
 .text.UsageFault_Handler
                0x08000e64        0x8 ./Core/Src/stm32f4xx_it.o
                0x08000e64                UsageFault_Handler
 .text.DebugMon_Handler
                0x08000e6c        0xe ./Core/Src/stm32f4xx_it.o
                0x08000e6c                DebugMon_Handler
 .text.SysTick_Handler
                0x08000e7a       0x1a ./Core/Src/stm32f4xx_it.o
                0x08000e7a                SysTick_Handler
 .text.SystemInit
                0x08000e94       0x24 ./Core/Src/system_stm32f4xx.o
                0x08000e94                SystemInit
 .text.Reset_Handler
                0x08000eb8       0x50 ./Core/Startup/startup_stm32f446retx.o
                0x08000eb8                Reset_Handler
 .text.Default_Handler
                0x08000f08        0x2 ./Core/Startup/startup_stm32f446retx.o
                0x08000f08                RTC_Alarm_IRQHandler
                0x08000f08                EXTI2_IRQHandler
                0x08000f08                TIM8_CC_IRQHandler
                0x08000f08                FMPI2C1_EV_IRQHandler
                0x08000f08                SPI4_IRQHandler
                0x08000f08                TIM1_CC_IRQHandler
                0x08000f08                DMA2_Stream5_IRQHandler
                0x08000f08                DMA1_Stream5_IRQHandler
                0x08000f08                PVD_IRQHandler
                0x08000f08                SDIO_IRQHandler
                0x08000f08                TAMP_STAMP_IRQHandler
                0x08000f08                CAN2_RX1_IRQHandler
                0x08000f08                EXTI3_IRQHandler
                0x08000f08                TIM8_TRG_COM_TIM14_IRQHandler
                0x08000f08                TIM1_UP_TIM10_IRQHandler
                0x08000f08                TIM8_UP_TIM13_IRQHandler
                0x08000f08                I2C3_ER_IRQHandler
                0x08000f08                EXTI0_IRQHandler
                0x08000f08                I2C2_EV_IRQHandler
                0x08000f08                DMA1_Stream2_IRQHandler
                0x08000f08                CAN1_RX0_IRQHandler
                0x08000f08                FPU_IRQHandler
                0x08000f08                OTG_HS_WKUP_IRQHandler
                0x08000f08                CAN2_SCE_IRQHandler
                0x08000f08                DMA2_Stream2_IRQHandler
                0x08000f08                SPI1_IRQHandler
                0x08000f08                TIM6_DAC_IRQHandler
                0x08000f08                TIM1_BRK_TIM9_IRQHandler
                0x08000f08                DCMI_IRQHandler
                0x08000f08                CAN2_RX0_IRQHandler
                0x08000f08                DMA2_Stream3_IRQHandler
                0x08000f08                SAI2_IRQHandler
                0x08000f08                USART6_IRQHandler
                0x08000f08                USART3_IRQHandler
                0x08000f08                CAN1_RX1_IRQHandler
                0x08000f08                UART5_IRQHandler
                0x08000f08                DMA2_Stream0_IRQHandler
                0x08000f08                TIM4_IRQHandler
                0x08000f08                QUADSPI_IRQHandler
                0x08000f08                I2C1_EV_IRQHandler
                0x08000f08                DMA1_Stream6_IRQHandler
                0x08000f08                DMA1_Stream1_IRQHandler
                0x08000f08                UART4_IRQHandler
                0x08000f08                TIM3_IRQHandler
                0x08000f08                RCC_IRQHandler
                0x08000f08                TIM8_BRK_TIM12_IRQHandler
                0x08000f08                Default_Handler
                0x08000f08                CEC_IRQHandler
                0x08000f08                EXTI15_10_IRQHandler
                0x08000f08                ADC_IRQHandler
                0x08000f08                DMA1_Stream7_IRQHandler
                0x08000f08                TIM7_IRQHandler
                0x08000f08                CAN2_TX_IRQHandler
                0x08000f08                TIM5_IRQHandler
                0x08000f08                DMA2_Stream7_IRQHandler
                0x08000f08                I2C3_EV_IRQHandler
                0x08000f08                EXTI9_5_IRQHandler
                0x08000f08                RTC_WKUP_IRQHandler
                0x08000f08                SPDIF_RX_IRQHandler
                0x08000f08                SPI2_IRQHandler
                0x08000f08                OTG_HS_EP1_IN_IRQHandler
                0x08000f08                DMA1_Stream0_IRQHandler
                0x08000f08                CAN1_TX_IRQHandler
                0x08000f08                FMPI2C1_ER_IRQHandler
                0x08000f08                EXTI4_IRQHandler
                0x08000f08                OTG_HS_EP1_OUT_IRQHandler
                0x08000f08                WWDG_IRQHandler
                0x08000f08                TIM2_IRQHandler
                0x08000f08                OTG_FS_WKUP_IRQHandler
                0x08000f08                TIM1_TRG_COM_TIM11_IRQHandler
                0x08000f08                OTG_HS_IRQHandler
                0x08000f08                EXTI1_IRQHandler
                0x08000f08                USART2_IRQHandler
                0x08000f08                I2C2_ER_IRQHandler
                0x08000f08                DMA2_Stream1_IRQHandler
                0x08000f08                CAN1_SCE_IRQHandler
                0x08000f08                FLASH_IRQHandler
                0x08000f08                DMA2_Stream4_IRQHandler
                0x08000f08                USART1_IRQHandler
                0x08000f08                OTG_FS_IRQHandler
                0x08000f08                SPI3_IRQHandler
                0x08000f08                DMA1_Stream4_IRQHandler
                0x08000f08                I2C1_ER_IRQHandler
                0x08000f08                FMC_IRQHandler
                0x08000f08                DMA2_Stream6_IRQHandler
                0x08000f08                SAI1_IRQHandler
                0x08000f08                DMA1_Stream3_IRQHandler
 *fill*         0x08000f0a        0x2 
 .text.HAL_Init
                0x08000f0c       0x44 ./Drivers/STM32F4xx_HAL_Driver/Src/stm32f4xx_hal.o
                0x08000f0c                HAL_Init
 .text.HAL_InitTick
                0x08000f50       0x60 ./Drivers/STM32F4xx_HAL_Driver/Src/stm32f4xx_hal.o
                0x08000f50                HAL_InitTick
 .text.HAL_IncTick
                0x08000fb0       0x28 ./Drivers/STM32F4xx_HAL_Driver/Src/stm32f4xx_hal.o
                0x08000fb0                HAL_IncTick
 .text.HAL_GetTick
                0x08000fd8       0x18 ./Drivers/STM32F4xx_HAL_Driver/Src/stm32f4xx_hal.o
                0x08000fd8                HAL_GetTick
 .text.HAL_ADC_Init
                0x08000ff0       0x86 ./Drivers/STM32F4xx_HAL_Driver/Src/stm32f4xx_hal_adc.o
                0x08000ff0                HAL_ADC_Init
 *fill*         0x08001076        0x2 
 .text.HAL_ADC_Start
                0x08001078      0x1a4 ./Drivers/STM32F4xx_HAL_Driver/Src/stm32f4xx_hal_adc.o
                0x08001078                HAL_ADC_Start
 .text.HAL_ADC_Stop
                0x0800121c       0x66 ./Drivers/STM32F4xx_HAL_Driver/Src/stm32f4xx_hal_adc.o
                0x0800121c                HAL_ADC_Stop
 .text.HAL_ADC_PollForConversion
                0x08001282      0x116 ./Drivers/STM32F4xx_HAL_Driver/Src/stm32f4xx_hal_adc.o
                0x08001282                HAL_ADC_PollForConversion
 .text.HAL_ADC_GetValue
                0x08001398       0x1a ./Drivers/STM32F4xx_HAL_Driver/Src/stm32f4xx_hal_adc.o
                0x08001398                HAL_ADC_GetValue
 *fill*         0x080013b2        0x2 
 .text.HAL_ADC_ConfigChannel
                0x080013b4      0x264 ./Drivers/STM32F4xx_HAL_Driver/Src/stm32f4xx_hal_adc.o
                0x080013b4                HAL_ADC_ConfigChannel
 .text.ADC_Init
                0x08001618      0x1f8 ./Drivers/STM32F4xx_HAL_Driver/Src/stm32f4xx_hal_adc.o
 .text.__NVIC_SetPriorityGrouping
                0x08001810       0x48 ./Drivers/STM32F4xx_HAL_Driver/Src/stm32f4xx_hal_cortex.o
 .text.__NVIC_GetPriorityGrouping
                0x08001858       0x1c ./Drivers/STM32F4xx_HAL_Driver/Src/stm32f4xx_hal_cortex.o
 .text.__NVIC_SetPriority
                0x08001874       0x54 ./Drivers/STM32F4xx_HAL_Driver/Src/stm32f4xx_hal_cortex.o
 .text.NVIC_EncodePriority
                0x080018c8       0x66 ./Drivers/STM32F4xx_HAL_Driver/Src/stm32f4xx_hal_cortex.o
 *fill*         0x0800192e        0x2 
 .text.SysTick_Config
                0x08001930       0x44 ./Drivers/STM32F4xx_HAL_Driver/Src/stm32f4xx_hal_cortex.o
 .text.HAL_NVIC_SetPriorityGrouping
                0x08001974       0x16 ./Drivers/STM32F4xx_HAL_Driver/Src/stm32f4xx_hal_cortex.o
                0x08001974                HAL_NVIC_SetPriorityGrouping
 .text.HAL_NVIC_SetPriority
                0x0800198a       0x38 ./Drivers/STM32F4xx_HAL_Driver/Src/stm32f4xx_hal_cortex.o
                0x0800198a                HAL_NVIC_SetPriority
 .text.HAL_SYSTICK_Config
                0x080019c2       0x18 ./Drivers/STM32F4xx_HAL_Driver/Src/stm32f4xx_hal_cortex.o
                0x080019c2                HAL_SYSTICK_Config
 *fill*         0x080019da        0x2 
 .text.HAL_GPIO_Init
                0x080019dc      0x328 ./Drivers/STM32F4xx_HAL_Driver/Src/stm32f4xx_hal_gpio.o
                0x080019dc                HAL_GPIO_Init
 .text.HAL_GPIO_WritePin
                0x08001d04       0x32 ./Drivers/STM32F4xx_HAL_Driver/Src/stm32f4xx_hal_gpio.o
                0x08001d04                HAL_GPIO_WritePin
 .text.HAL_IWDG_Init
                0x08001d36       0x88 ./Drivers/STM32F4xx_HAL_Driver/Src/stm32f4xx_hal_iwdg.o
                0x08001d36                HAL_IWDG_Init
 .text.HAL_IWDG_Refresh
                0x08001dbe       0x20 ./Drivers/STM32F4xx_HAL_Driver/Src/stm32f4xx_hal_iwdg.o
                0x08001dbe                HAL_IWDG_Refresh
 *fill*         0x08001dde        0x2 
 .text.HAL_PWREx_EnableOverDrive
                0x08001de0       0xa0 ./Drivers/STM32F4xx_HAL_Driver/Src/stm32f4xx_hal_pwr_ex.o
                0x08001de0                HAL_PWREx_EnableOverDrive
 .text.HAL_RCC_ClockConfig
                0x08001e80      0x1cc ./Drivers/STM32F4xx_HAL_Driver/Src/stm32f4xx_hal_rcc.o
                0x08001e80                HAL_RCC_ClockConfig
 .text.HAL_RCC_GetHCLKFreq
                0x0800204c       0x18 ./Drivers/STM32F4xx_HAL_Driver/Src/stm32f4xx_hal_rcc.o
                0x0800204c                HAL_RCC_GetHCLKFreq
 .text.HAL_RCC_GetPCLK1Freq
                0x08002064       0x28 ./Drivers/STM32F4xx_HAL_Driver/Src/stm32f4xx_hal_rcc.o
                0x08002064                HAL_RCC_GetPCLK1Freq
 .text.HAL_RCC_GetPCLK2Freq
                0x0800208c       0x28 ./Drivers/STM32F4xx_HAL_Driver/Src/stm32f4xx_hal_rcc.o
                0x0800208c                HAL_RCC_GetPCLK2Freq
 .text.HAL_RCC_GetSysClockFreq
                0x080020b4      0x354 ./Drivers/STM32F4xx_HAL_Driver/Src/stm32f4xx_hal_rcc_ex.o
                0x080020b4                HAL_RCC_GetSysClockFreq
 .text.HAL_RCC_OscConfig
                0x08002408      0x53c ./Drivers/STM32F4xx_HAL_Driver/Src/stm32f4xx_hal_rcc_ex.o
                0x08002408                HAL_RCC_OscConfig
 .text.HAL_TIM_PWM_Init
                0x08002944       0x9e ./Drivers/STM32F4xx_HAL_Driver/Src/stm32f4xx_hal_tim.o
                0x08002944                HAL_TIM_PWM_Init
 *fill*         0x080029e2        0x2 
 .text.HAL_TIM_PWM_Start
                0x080029e4      0x190 ./Drivers/STM32F4xx_HAL_Driver/Src/stm32f4xx_hal_tim.o
                0x080029e4                HAL_TIM_PWM_Start
 .text.HAL_TIM_PWM_ConfigChannel
                0x08002b74      0x184 ./Drivers/STM32F4xx_HAL_Driver/Src/stm32f4xx_hal_tim.o
                0x08002b74                HAL_TIM_PWM_ConfigChannel
 .text.TIM_Base_SetConfig
                0x08002cf8      0x14c ./Drivers/STM32F4xx_HAL_Driver/Src/stm32f4xx_hal_tim.o
                0x08002cf8                TIM_Base_SetConfig
 .text.TIM_OC1_SetConfig
                0x08002e44       0xe0 ./Drivers/STM32F4xx_HAL_Driver/Src/stm32f4xx_hal_tim.o
 .text.TIM_OC2_SetConfig
                0x08002f24       0xec ./Drivers/STM32F4xx_HAL_Driver/Src/stm32f4xx_hal_tim.o
                0x08002f24                TIM_OC2_SetConfig
 .text.TIM_OC3_SetConfig
                0x08003010       0xe8 ./Drivers/STM32F4xx_HAL_Driver/Src/stm32f4xx_hal_tim.o
 .text.TIM_OC4_SetConfig
                0x080030f8       0xac ./Drivers/STM32F4xx_HAL_Driver/Src/stm32f4xx_hal_tim.o
 .text.TIM_CCxChannelCmd
                0x080031a4       0x4a ./Drivers/STM32F4xx_HAL_Driver/Src/stm32f4xx_hal_tim.o
                0x080031a4                TIM_CCxChannelCmd
 *fill*         0x080031ee        0x2 
 .text.HAL_TIMEx_MasterConfigSynchronization
                0x080031f0       0xf8 ./Drivers/STM32F4xx_HAL_Driver/Src/stm32f4xx_hal_tim_ex.o
                0x080031f0                HAL_TIMEx_MasterConfigSynchronization
 .text.HAL_TIMEx_ConfigBreakDeadTime
                0x080032e8       0xa4 ./Drivers/STM32F4xx_HAL_Driver/Src/stm32f4xx_hal_tim_ex.o
                0x080032e8                HAL_TIMEx_ConfigBreakDeadTime
 .text.HAL_UART_Init
                0x0800338c       0xa0 ./Drivers/STM32F4xx_HAL_Driver/Src/stm32f4xx_hal_uart.o
                0x0800338c                HAL_UART_Init
 .text.UART_SetConfig
                0x0800342c      0x4e8 ./Drivers/STM32F4xx_HAL_Driver/Src/stm32f4xx_hal_uart.o
 .text.__NVIC_SetPriority
                0x08003914       0x54 ./Middlewares/Third_Party/FreeRTOS/Source/CMSIS_RTOS_V2/cmsis_os2.o
 .text.SVC_Setup
                0x08003968       0x12 ./Middlewares/Third_Party/FreeRTOS/Source/CMSIS_RTOS_V2/cmsis_os2.o
 *fill*         0x0800397a        0x2 
 .text.osKernelInitialize
                0x0800397c       0x48 ./Middlewares/Third_Party/FreeRTOS/Source/CMSIS_RTOS_V2/cmsis_os2.o
                0x0800397c                osKernelInitialize
 .text.osKernelStart
                0x080039c4       0x4c ./Middlewares/Third_Party/FreeRTOS/Source/CMSIS_RTOS_V2/cmsis_os2.o
                0x080039c4                osKernelStart
 .text.osThreadNew
                0x08003a10      0x124 ./Middlewares/Third_Party/FreeRTOS/Source/CMSIS_RTOS_V2/cmsis_os2.o
                0x08003a10                osThreadNew
 .text.vApplicationGetIdleTaskMemory
                0x08003b34       0x34 ./Middlewares/Third_Party/FreeRTOS/Source/CMSIS_RTOS_V2/cmsis_os2.o
                0x08003b34                vApplicationGetIdleTaskMemory
 .text.vApplicationGetTimerTaskMemory
                0x08003b68       0x34 ./Middlewares/Third_Party/FreeRTOS/Source/CMSIS_RTOS_V2/cmsis_os2.o
                0x08003b68                vApplicationGetTimerTaskMemory
 .text.vListInitialise
                0x08003b9c       0x40 ./Middlewares/Third_Party/FreeRTOS/Source/list.o
                0x08003b9c                vListInitialise
 .text.vListInitialiseItem
                0x08003bdc       0x1a ./Middlewares/Third_Party/FreeRTOS/Source/list.o
                0x08003bdc                vListInitialiseItem
 .text.vListInsertEnd
                0x08003bf6       0x48 ./Middlewares/Third_Party/FreeRTOS/Source/list.o
                0x08003bf6                vListInsertEnd
 .text.vListInsert
                0x08003c3e       0x72 ./Middlewares/Third_Party/FreeRTOS/Source/list.o
                0x08003c3e                vListInsert
 .text.uxListRemove
                0x08003cb0       0x54 ./Middlewares/Third_Party/FreeRTOS/Source/list.o
                0x08003cb0                uxListRemove
 .text.xQueueGenericReset
                0x08003d04       0xd4 ./Middlewares/Third_Party/FreeRTOS/Source/queue.o
                0x08003d04                xQueueGenericReset
 .text.xQueueGenericCreateStatic
                0x08003dd8       0xfa ./Middlewares/Third_Party/FreeRTOS/Source/queue.o
                0x08003dd8                xQueueGenericCreateStatic
 .text.prvInitialiseNewQueue
                0x08003ed2       0x46 ./Middlewares/Third_Party/FreeRTOS/Source/queue.o
 .text.xQueueGenericSend
                0x08003f18      0x204 ./Middlewares/Third_Party/FreeRTOS/Source/queue.o
                0x08003f18                xQueueGenericSend
 .text.xQueueGenericSendFromISR
                0x0800411c      0x13c ./Middlewares/Third_Party/FreeRTOS/Source/queue.o
                0x0800411c                xQueueGenericSendFromISR
 .text.xQueueReceive
                0x08004258      0x1c4 ./Middlewares/Third_Party/FreeRTOS/Source/queue.o
                0x08004258                xQueueReceive
 .text.prvCopyDataToQueue
                0x0800441c       0xd4 ./Middlewares/Third_Party/FreeRTOS/Source/queue.o
 .text.prvCopyDataFromQueue
                0x080044f0       0x4c ./Middlewares/Third_Party/FreeRTOS/Source/queue.o
 .text.prvUnlockQueue
                0x0800453c       0xa4 ./Middlewares/Third_Party/FreeRTOS/Source/queue.o
 .text.prvIsQueueEmpty
                0x080045e0       0x2c ./Middlewares/Third_Party/FreeRTOS/Source/queue.o
 .text.prvIsQueueFull
                0x0800460c       0x30 ./Middlewares/Third_Party/FreeRTOS/Source/queue.o
 .text.vQueueAddToRegistry
                0x0800463c       0x54 ./Middlewares/Third_Party/FreeRTOS/Source/queue.o
                0x0800463c                vQueueAddToRegistry
 .text.vQueueWaitForMessageRestricted
                0x08004690       0x68 ./Middlewares/Third_Party/FreeRTOS/Source/queue.o
                0x08004690                vQueueWaitForMessageRestricted
 .text.xTaskCreateStatic
                0x080046f8       0xc0 ./Middlewares/Third_Party/FreeRTOS/Source/tasks.o
                0x080046f8                xTaskCreateStatic
 .text.xTaskCreate
                0x080047b8       0x8a ./Middlewares/Third_Party/FreeRTOS/Source/tasks.o
                0x080047b8                xTaskCreate
 .text.prvInitialiseNewTask
                0x08004842      0x120 ./Middlewares/Third_Party/FreeRTOS/Source/tasks.o
 *fill*         0x08004962        0x2 
 .text.prvAddNewTaskToReadyList
                0x08004964       0xe0 ./Middlewares/Third_Party/FreeRTOS/Source/tasks.o
 .text.vTaskDelay
                0x08004a44       0x6c ./Middlewares/Third_Party/FreeRTOS/Source/tasks.o
                0x08004a44                vTaskDelay
 .text.vTaskStartScheduler
                0x08004ab0       0xd0 ./Middlewares/Third_Party/FreeRTOS/Source/tasks.o
                0x08004ab0                vTaskStartScheduler
 .text.vTaskSuspendAll
                0x08004b80       0x1c ./Middlewares/Third_Party/FreeRTOS/Source/tasks.o
                0x08004b80                vTaskSuspendAll
 .text.xTaskResumeAll
                0x08004b9c      0x13c ./Middlewares/Third_Party/FreeRTOS/Source/tasks.o
                0x08004b9c                xTaskResumeAll
 .text.xTaskGetTickCount
                0x08004cd8       0x20 ./Middlewares/Third_Party/FreeRTOS/Source/tasks.o
                0x08004cd8                xTaskGetTickCount
 .text.xTaskIncrementTick
                0x08004cf8      0x174 ./Middlewares/Third_Party/FreeRTOS/Source/tasks.o
                0x08004cf8                xTaskIncrementTick
 .text.vTaskSwitchContext
                0x08004e6c       0xbc ./Middlewares/Third_Party/FreeRTOS/Source/tasks.o
                0x08004e6c                vTaskSwitchContext
 .text.vTaskPlaceOnEventList
                0x08004f28       0x4c ./Middlewares/Third_Party/FreeRTOS/Source/tasks.o
                0x08004f28                vTaskPlaceOnEventList
 .text.vTaskPlaceOnEventListRestricted
                0x08004f74       0x58 ./Middlewares/Third_Party/FreeRTOS/Source/tasks.o
                0x08004f74                vTaskPlaceOnEventListRestricted
 .text.xTaskRemoveFromEventList
                0x08004fcc       0xc8 ./Middlewares/Third_Party/FreeRTOS/Source/tasks.o
                0x08004fcc                xTaskRemoveFromEventList
 .text.vTaskInternalSetTimeOutState
                0x08005094       0x2c ./Middlewares/Third_Party/FreeRTOS/Source/tasks.o
                0x08005094                vTaskInternalSetTimeOutState
 .text.xTaskCheckForTimeOut
                0x080050c0       0xc8 ./Middlewares/Third_Party/FreeRTOS/Source/tasks.o
                0x080050c0                xTaskCheckForTimeOut
 .text.vTaskMissedYield
                0x08005188       0x18 ./Middlewares/Third_Party/FreeRTOS/Source/tasks.o
                0x08005188                vTaskMissedYield
 .text.prvIdleTask
                0x080051a0       0x30 ./Middlewares/Third_Party/FreeRTOS/Source/tasks.o
 .text.prvInitialiseTaskLists
                0x080051d0       0x80 ./Middlewares/Third_Party/FreeRTOS/Source/tasks.o
 .text.prvCheckTasksWaitingTermination
                0x08005250       0x5c ./Middlewares/Third_Party/FreeRTOS/Source/tasks.o
 .text.prvDeleteTCB
                0x080052ac       0x60 ./Middlewares/Third_Party/FreeRTOS/Source/tasks.o
 .text.prvResetNextTaskUnblockTime
                0x0800530c       0x40 ./Middlewares/Third_Party/FreeRTOS/Source/tasks.o
 .text.xTaskGetSchedulerState
                0x0800534c       0x3c ./Middlewares/Third_Party/FreeRTOS/Source/tasks.o
                0x0800534c                xTaskGetSchedulerState
 .text.xTaskPriorityDisinherit
                0x08005388       0xe0 ./Middlewares/Third_Party/FreeRTOS/Source/tasks.o
                0x08005388                xTaskPriorityDisinherit
 .text.prvAddCurrentTaskToDelayedList
                0x08005468       0xa8 ./Middlewares/Third_Party/FreeRTOS/Source/tasks.o
 .text.xTimerCreateTimerTask
                0x08005510       0x94 ./Middlewares/Third_Party/FreeRTOS/Source/timers.o
                0x08005510                xTimerCreateTimerTask
 .text.xTimerGenericCommand
                0x080055a4       0x9c ./Middlewares/Third_Party/FreeRTOS/Source/timers.o
                0x080055a4                xTimerGenericCommand
 .text.prvProcessExpiredTimer
                0x08005640       0x9c ./Middlewares/Third_Party/FreeRTOS/Source/timers.o
 .text.prvTimerTask
                0x080056dc       0x26 ./Middlewares/Third_Party/FreeRTOS/Source/timers.o
 *fill*         0x08005702        0x2 
 .text.prvProcessTimerOrBlockTask
                0x08005704       0x9c ./Middlewares/Third_Party/FreeRTOS/Source/timers.o
 .text.prvGetNextExpireTime
                0x080057a0       0x48 ./Middlewares/Third_Party/FreeRTOS/Source/timers.o
 .text.prvSampleTimeNow
                0x080057e8       0x40 ./Middlewares/Third_Party/FreeRTOS/Source/timers.o
 .text.prvInsertTimerInActiveList
                0x08005828       0x84 ./Middlewares/Third_Party/FreeRTOS/Source/timers.o
 .text.prvProcessReceivedCommands
                0x080058ac      0x1cc ./Middlewares/Third_Party/FreeRTOS/Source/timers.o
 .text.prvSwitchTimerLists
                0x08005a78       0xcc ./Middlewares/Third_Party/FreeRTOS/Source/timers.o
 .text.prvCheckForValidListAndQueue
                0x08005b44       0x80 ./Middlewares/Third_Party/FreeRTOS/Source/timers.o
 .text.pxPortInitialiseStack
                0x08005bc4       0x68 ./Middlewares/Third_Party/FreeRTOS/Source/portable/GCC/ARM_CM4F/port.o
                0x08005bc4                pxPortInitialiseStack
 .text.prvTaskExitError
                0x08005c2c       0x5c ./Middlewares/Third_Party/FreeRTOS/Source/portable/GCC/ARM_CM4F/port.o
 *fill*         0x08005c88        0x8 
 .text.SVC_Handler
                0x08005c90       0x28 ./Middlewares/Third_Party/FreeRTOS/Source/portable/GCC/ARM_CM4F/port.o
                0x08005c90                SVC_Handler
 .text.prvPortStartFirstTask
                0x08005cb8       0x28 ./Middlewares/Third_Party/FreeRTOS/Source/portable/GCC/ARM_CM4F/port.o
 .text.xPortStartScheduler
                0x08005ce0      0x148 ./Middlewares/Third_Party/FreeRTOS/Source/portable/GCC/ARM_CM4F/port.o
                0x08005ce0                xPortStartScheduler
 .text.vPortEnterCritical
                0x08005e28       0x64 ./Middlewares/Third_Party/FreeRTOS/Source/portable/GCC/ARM_CM4F/port.o
                0x08005e28                vPortEnterCritical
 .text.vPortExitCritical
                0x08005e8c       0x54 ./Middlewares/Third_Party/FreeRTOS/Source/portable/GCC/ARM_CM4F/port.o
                0x08005e8c                vPortExitCritical
 .text.PendSV_Handler
                0x08005ee0       0x68 ./Middlewares/Third_Party/FreeRTOS/Source/portable/GCC/ARM_CM4F/port.o
                0x08005ee0                PendSV_Handler
 .text.xPortSysTickHandler
                0x08005f48       0x44 ./Middlewares/Third_Party/FreeRTOS/Source/portable/GCC/ARM_CM4F/port.o
                0x08005f48                xPortSysTickHandler
 .text.vPortSetupTimerInterrupt
                0x08005f8c       0x48 ./Middlewares/Third_Party/FreeRTOS/Source/portable/GCC/ARM_CM4F/port.o
                0x08005f8c                vPortSetupTimerInterrupt
 .text.vPortEnableVFP
                0x08005fd4       0x14 ./Middlewares/Third_Party/FreeRTOS/Source/portable/GCC/ARM_CM4F/port.o
 .text.vPortValidateInterruptPriority
                0x08005fe8       0x84 ./Middlewares/Third_Party/FreeRTOS/Source/portable/GCC/ARM_CM4F/port.o
                0x08005fe8                vPortValidateInterruptPriority
 .text.pvPortMalloc
                0x0800606c      0x19c ./Middlewares/Third_Party/FreeRTOS/Source/portable/MemMang/heap_4.o
                0x0800606c                pvPortMalloc
 .text.vPortFree
                0x08006208       0xc8 ./Middlewares/Third_Party/FreeRTOS/Source/portable/MemMang/heap_4.o
                0x08006208                vPortFree
 .text.prvHeapInit
                0x080062d0       0xc4 ./Middlewares/Third_Party/FreeRTOS/Source/portable/MemMang/heap_4.o
 .text.prvInsertBlockIntoFreeList
                0x08006394       0xb4 ./Middlewares/Third_Party/FreeRTOS/Source/portable/MemMang/heap_4.o
 .text.memset   0x08006448       0x10 C:/ST/STM32CubeIDE_1.14.1/STM32CubeIDE/plugins/com.st.stm32cube.ide.mcu.externaltools.gnu-tools-for-stm32.13.3.rel1.win32_1.0.0.202411081344/tools/bin/../lib/gcc/arm-none-eabi/13.3.1/../../../../arm-none-eabi/lib/thumb/v7e-m+fp/hard\libc_nano.a(libc_a-memset.o)
                0x08006448                memset
 .text.__libc_init_array
                0x08006458       0x48 C:/ST/STM32CubeIDE_1.14.1/STM32CubeIDE/plugins/com.st.stm32cube.ide.mcu.externaltools.gnu-tools-for-stm32.13.3.rel1.win32_1.0.0.202411081344/tools/bin/../lib/gcc/arm-none-eabi/13.3.1/../../../../arm-none-eabi/lib/thumb/v7e-m+fp/hard\libc_nano.a(libc_a-init.o)
                0x08006458                __libc_init_array
 .text.memcpy   0x080064a0       0x1c C:/ST/STM32CubeIDE_1.14.1/STM32CubeIDE/plugins/com.st.stm32cube.ide.mcu.externaltools.gnu-tools-for-stm32.13.3.rel1.win32_1.0.0.202411081344/tools/bin/../lib/gcc/arm-none-eabi/13.3.1/../../../../arm-none-eabi/lib/thumb/v7e-m+fp/hard\libc_nano.a(libc_a-memcpy-stub.o)
                0x080064a0                memcpy
 *(.glue_7)
 .glue_7        0x080064bc        0x0 linker stubs
 *(.glue_7t)
 .glue_7t       0x080064bc        0x0 linker stubs
 *(.eh_frame)
 .eh_frame      0x080064bc        0x0 C:/ST/STM32CubeIDE_1.14.1/STM32CubeIDE/plugins/com.st.stm32cube.ide.mcu.externaltools.gnu-tools-for-stm32.13.3.rel1.win32_1.0.0.202411081344/tools/bin/../lib/gcc/arm-none-eabi/13.3.1/thumb/v7e-m+fp/hard/crtbegin.o
 *(.init)
 .init          0x080064bc        0x4 C:/ST/STM32CubeIDE_1.14.1/STM32CubeIDE/plugins/com.st.stm32cube.ide.mcu.externaltools.gnu-tools-for-stm32.13.3.rel1.win32_1.0.0.202411081344/tools/bin/../lib/gcc/arm-none-eabi/13.3.1/thumb/v7e-m+fp/hard/crti.o
                0x080064bc                _init
 .init          0x080064c0        0x8 C:/ST/STM32CubeIDE_1.14.1/STM32CubeIDE/plugins/com.st.stm32cube.ide.mcu.externaltools.gnu-tools-for-stm32.13.3.rel1.win32_1.0.0.202411081344/tools/bin/../lib/gcc/arm-none-eabi/13.3.1/thumb/v7e-m+fp/hard/crtn.o
 *(.fini)
 .fini          0x080064c8        0x4 C:/ST/STM32CubeIDE_1.14.1/STM32CubeIDE/plugins/com.st.stm32cube.ide.mcu.externaltools.gnu-tools-for-stm32.13.3.rel1.win32_1.0.0.202411081344/tools/bin/../lib/gcc/arm-none-eabi/13.3.1/thumb/v7e-m+fp/hard/crti.o
                0x080064c8                _fini
 .fini          0x080064cc        0x8 C:/ST/STM32CubeIDE_1.14.1/STM32CubeIDE/plugins/com.st.stm32cube.ide.mcu.externaltools.gnu-tools-for-stm32.13.3.rel1.win32_1.0.0.202411081344/tools/bin/../lib/gcc/arm-none-eabi/13.3.1/thumb/v7e-m+fp/hard/crtn.o
                0x080064d4                        . = ALIGN (0x4)
                0x080064d4                        _etext = .

.vfp11_veneer   0x080064d4        0x0
 .vfp11_veneer  0x080064d4        0x0 linker stubs

.v4_bx          0x080064d4        0x0
 .v4_bx         0x080064d4        0x0 linker stubs

.iplt           0x080064d4        0x0
 .iplt          0x080064d4        0x0 C:/ST/STM32CubeIDE_1.14.1/STM32CubeIDE/plugins/com.st.stm32cube.ide.mcu.externaltools.gnu-tools-for-stm32.13.3.rel1.win32_1.0.0.202411081344/tools/bin/../lib/gcc/arm-none-eabi/13.3.1/thumb/v7e-m+fp/hard/crtbegin.o

.rodata         0x080064d4       0xcc
                0x080064d4                        . = ALIGN (0x4)
 *(.rodata)
 .rodata        0x080064d4       0x2d ./Core/Src/main.o
 *fill*         0x08006501        0x3 
 .rodata        0x08006504        0x5 ./Middlewares/Third_Party/FreeRTOS/Source/tasks.o
 *fill*         0x08006509        0x3 
 .rodata        0x0800650c        0xd ./Middlewares/Third_Party/FreeRTOS/Source/timers.o
 *(.rodata*)
 *fill*         0x08006519        0x3 
 .rodata.appTask_attributes
                0x0800651c       0x24 ./Core/Src/main.o
                0x0800651c                appTask_attributes
 .rodata.commTask_attributes
                0x08006540       0x24 ./Core/Src/main.o
                0x08006540                commTask_attributes
 .rodata.watchdogTask_attributes
                0x08006564       0x24 ./Core/Src/main.o
                0x08006564                watchdogTask_attributes
 .rodata.AHBPrescTable
                0x08006588       0x10 ./Core/Src/system_stm32f4xx.o
                0x08006588                AHBPrescTable
 .rodata.APBPrescTable
                0x08006598        0x8 ./Core/Src/system_stm32f4xx.o
                0x08006598                APBPrescTable
                0x080065a0                        . = ALIGN (0x4)

.ARM.extab      0x080065a0        0x0
                0x080065a0                        . = ALIGN (0x4)
 *(.ARM.extab* .gnu.linkonce.armextab.*)
                0x080065a0                        . = ALIGN (0x4)

.ARM            0x080065a0        0x8
                0x080065a0                        . = ALIGN (0x4)
                0x080065a0                        __exidx_start = .
 *(.ARM.exidx*)
 .ARM.exidx     0x080065a0        0x8 C:/ST/STM32CubeIDE_1.14.1/STM32CubeIDE/plugins/com.st.stm32cube.ide.mcu.externaltools.gnu-tools-for-stm32.13.3.rel1.win32_1.0.0.202411081344/tools/bin/../lib/gcc/arm-none-eabi/13.3.1/thumb/v7e-m+fp/hard\libgcc.a(_udivmoddi4.o)
                0x080065a8                        __exidx_end = .
                0x080065a8                        . = ALIGN (0x4)

.preinit_array  0x080065a8        0x0
                0x080065a8                        . = ALIGN (0x4)
                0x080065a8                        PROVIDE (__preinit_array_start = .)
 *(.preinit_array*)
                0x080065a8                        PROVIDE (__preinit_array_end = .)
                0x080065a8                        . = ALIGN (0x4)

.init_array     0x080065a8        0x4
                0x080065a8                        . = ALIGN (0x4)
                0x080065a8                        PROVIDE (__init_array_start = .)
 *(SORT_BY_NAME(.init_array.*))
 *(.init_array*)
 .init_array    0x080065a8        0x4 C:/ST/STM32CubeIDE_1.14.1/STM32CubeIDE/plugins/com.st.stm32cube.ide.mcu.externaltools.gnu-tools-for-stm32.13.3.rel1.win32_1.0.0.202411081344/tools/bin/../lib/gcc/arm-none-eabi/13.3.1/thumb/v7e-m+fp/hard/crtbegin.o
                0x080065ac                        PROVIDE (__init_array_end = .)
                0x080065ac                        . = ALIGN (0x4)

.fini_array     0x080065ac        0x4
                0x080065ac                        . = ALIGN (0x4)
                [!provide]                        PROVIDE (__fini_array_start = .)
 *(SORT_BY_NAME(.fini_array.*))
 *(.fini_array*)
 .fini_array    0x080065ac        0x4 C:/ST/STM32CubeIDE_1.14.1/STM32CubeIDE/plugins/com.st.stm32cube.ide.mcu.externaltools.gnu-tools-for-stm32.13.3.rel1.win32_1.0.0.202411081344/tools/bin/../lib/gcc/arm-none-eabi/13.3.1/thumb/v7e-m+fp/hard/crtbegin.o
                [!provide]                        PROVIDE (__fini_array_end = .)
                0x080065b0                        . = ALIGN (0x4)
                0x080065b0                        _sidata = LOADADDR (.data)

.rel.dyn        0x080065b0        0x0
 .rel.iplt      0x080065b0        0x0 C:/ST/STM32CubeIDE_1.14.1/STM32CubeIDE/plugins/com.st.stm32cube.ide.mcu.externaltools.gnu-tools-for-stm32.13.3.rel1.win32_1.0.0.202411081344/tools/bin/../lib/gcc/arm-none-eabi/13.3.1/thumb/v7e-m+fp/hard/crtbegin.o

.data           0x20000000       0x10 load address 0x080065b0
                0x20000000                        . = ALIGN (0x4)
                0x20000000                        _sdata = .
 *(.data)
 *(.data*)
 .data.SystemCoreClock
                0x20000000        0x4 ./Core/Src/system_stm32f4xx.o
                0x20000000                SystemCoreClock
 .data.uwTickPrio
                0x20000004        0x4 ./Drivers/STM32F4xx_HAL_Driver/Src/stm32f4xx_hal.o
                0x20000004                uwTickPrio
 .data.uwTickFreq
                0x20000008        0x1 ./Drivers/STM32F4xx_HAL_Driver/Src/stm32f4xx_hal.o
                0x20000008                uwTickFreq
 *fill*         0x20000009        0x3 
 .data.uxCriticalNesting
                0x2000000c        0x4 ./Middlewares/Third_Party/FreeRTOS/Source/portable/GCC/ARM_CM4F/port.o
 *(.RamFunc)
 *(.RamFunc*)
                0x20000010                        . = ALIGN (0x4)
                0x20000010                        _edata = .

.igot.plt       0x20000010        0x0 load address 0x080065c0
 .igot.plt      0x20000010        0x0 C:/ST/STM32CubeIDE_1.14.1/STM32CubeIDE/plugins/com.st.stm32cube.ide.mcu.externaltools.gnu-tools-for-stm32.13.3.rel1.win32_1.0.0.202411081344/tools/bin/../lib/gcc/arm-none-eabi/13.3.1/thumb/v7e-m+fp/hard/crtbegin.o
                0x20000010                        . = ALIGN (0x4)

.bss            0x20000010     0x4a64 load address 0x080065c0
                0x20000010                        _sbss = .
                0x20000010                        __bss_start__ = _sbss
 *(.bss)
 .bss           0x20000010       0x1c C:/ST/STM32CubeIDE_1.14.1/STM32CubeIDE/plugins/com.st.stm32cube.ide.mcu.externaltools.gnu-tools-for-stm32.13.3.rel1.win32_1.0.0.202411081344/tools/bin/../lib/gcc/arm-none-eabi/13.3.1/thumb/v7e-m+fp/hard/crtbegin.o
 *(.bss*)
 .bss.appTaskAliveFlag
                0x2000002c        0x1 ./Core/Src/App/appTask.o
 .bss.commTaskAliveFlag
                0x2000002d        0x1 ./Core/Src/App/commTask.o
 *fill*         0x2000002e        0x2 
 .bss.hadc1     0x20000030       0x48 ./Core/Src/main.o
                0x20000030                hadc1
 .bss.hiwdg     0x20000078        0xc ./Core/Src/main.o
                0x20000078                hiwdg
 .bss.htim1     0x20000084       0x48 ./Core/Src/main.o
                0x20000084                htim1
 .bss.huart2    0x200000cc       0x48 ./Core/Src/main.o
                0x200000cc                huart2
 .bss.appTaskHandle
                0x20000114        0x4 ./Core/Src/main.o
                0x20000114                appTaskHandle
 .bss.commTaskHandle
                0x20000118        0x4 ./Core/Src/main.o
                0x20000118                commTaskHandle
 .bss.watchdogTaskHandle
                0x2000011c        0x4 ./Core/Src/main.o
                0x2000011c                watchdogTaskHandle
 .bss.uwTick    0x20000120        0x4 ./Drivers/STM32F4xx_HAL_Driver/Src/stm32f4xx_hal.o
                0x20000120                uwTick
 .bss.KernelState
                0x20000124        0x4 ./Middlewares/Third_Party/FreeRTOS/Source/CMSIS_RTOS_V2/cmsis_os2.o
 .bss.Idle_TCB.3
                0x20000128       0x5c ./Middlewares/Third_Party/FreeRTOS/Source/CMSIS_RTOS_V2/cmsis_os2.o
 .bss.Idle_Stack.2
                0x20000184      0x200 ./Middlewares/Third_Party/FreeRTOS/Source/CMSIS_RTOS_V2/cmsis_os2.o
 .bss.Timer_TCB.1
                0x20000384       0x5c ./Middlewares/Third_Party/FreeRTOS/Source/CMSIS_RTOS_V2/cmsis_os2.o
 .bss.Timer_Stack.0
                0x200003e0      0x400 ./Middlewares/Third_Party/FreeRTOS/Source/CMSIS_RTOS_V2/cmsis_os2.o
 .bss.xQueueRegistry
                0x200007e0       0x40 ./Middlewares/Third_Party/FreeRTOS/Source/queue.o
                0x200007e0                xQueueRegistry
 .bss.pxCurrentTCB
                0x20000820        0x4 ./Middlewares/Third_Party/FreeRTOS/Source/tasks.o
                0x20000820                pxCurrentTCB
 .bss.pxReadyTasksLists
                0x20000824      0x460 ./Middlewares/Third_Party/FreeRTOS/Source/tasks.o
 .bss.xDelayedTaskList1
                0x20000c84       0x14 ./Middlewares/Third_Party/FreeRTOS/Source/tasks.o
 .bss.xDelayedTaskList2
                0x20000c98       0x14 ./Middlewares/Third_Party/FreeRTOS/Source/tasks.o
 .bss.pxDelayedTaskList
                0x20000cac        0x4 ./Middlewares/Third_Party/FreeRTOS/Source/tasks.o
 .bss.pxOverflowDelayedTaskList
                0x20000cb0        0x4 ./Middlewares/Third_Party/FreeRTOS/Source/tasks.o
 .bss.xPendingReadyList
                0x20000cb4       0x14 ./Middlewares/Third_Party/FreeRTOS/Source/tasks.o
 .bss.xTasksWaitingTermination
                0x20000cc8       0x14 ./Middlewares/Third_Party/FreeRTOS/Source/tasks.o
 .bss.uxDeletedTasksWaitingCleanUp
                0x20000cdc        0x4 ./Middlewares/Third_Party/FreeRTOS/Source/tasks.o
 .bss.xSuspendedTaskList
                0x20000ce0       0x14 ./Middlewares/Third_Party/FreeRTOS/Source/tasks.o
 .bss.uxCurrentNumberOfTasks
                0x20000cf4        0x4 ./Middlewares/Third_Party/FreeRTOS/Source/tasks.o
 .bss.xTickCount
                0x20000cf8        0x4 ./Middlewares/Third_Party/FreeRTOS/Source/tasks.o
 .bss.uxTopReadyPriority
                0x20000cfc        0x4 ./Middlewares/Third_Party/FreeRTOS/Source/tasks.o
 .bss.xSchedulerRunning
                0x20000d00        0x4 ./Middlewares/Third_Party/FreeRTOS/Source/tasks.o
 .bss.xPendedTicks
                0x20000d04        0x4 ./Middlewares/Third_Party/FreeRTOS/Source/tasks.o
 .bss.xYieldPending
                0x20000d08        0x4 ./Middlewares/Third_Party/FreeRTOS/Source/tasks.o
 .bss.xNumOfOverflows
                0x20000d0c        0x4 ./Middlewares/Third_Party/FreeRTOS/Source/tasks.o
 .bss.uxTaskNumber
                0x20000d10        0x4 ./Middlewares/Third_Party/FreeRTOS/Source/tasks.o
 .bss.xNextTaskUnblockTime
                0x20000d14        0x4 ./Middlewares/Third_Party/FreeRTOS/Source/tasks.o
 .bss.xIdleTaskHandle
                0x20000d18        0x4 ./Middlewares/Third_Party/FreeRTOS/Source/tasks.o
 .bss.uxSchedulerSuspended
                0x20000d1c        0x4 ./Middlewares/Third_Party/FreeRTOS/Source/tasks.o
 .bss.xActiveTimerList1
                0x20000d20       0x14 ./Middlewares/Third_Party/FreeRTOS/Source/timers.o
 .bss.xActiveTimerList2
                0x20000d34       0x14 ./Middlewares/Third_Party/FreeRTOS/Source/timers.o
 .bss.pxCurrentTimerList
                0x20000d48        0x4 ./Middlewares/Third_Party/FreeRTOS/Source/timers.o
 .bss.pxOverflowTimerList
                0x20000d4c        0x4 ./Middlewares/Third_Party/FreeRTOS/Source/timers.o
 .bss.xTimerQueue
                0x20000d50        0x4 ./Middlewares/Third_Party/FreeRTOS/Source/timers.o
 .bss.xTimerTaskHandle
                0x20000d54        0x4 ./Middlewares/Third_Party/FreeRTOS/Source/timers.o
 .bss.xLastTime.2
                0x20000d58        0x4 ./Middlewares/Third_Party/FreeRTOS/Source/timers.o
 .bss.ucStaticTimerQueueStorage.1
                0x20000d5c       0xa0 ./Middlewares/Third_Party/FreeRTOS/Source/timers.o
 .bss.xStaticTimerQueue.0
                0x20000dfc       0x50 ./Middlewares/Third_Party/FreeRTOS/Source/timers.o
 .bss.ucMaxSysCallPriority
                0x20000e4c        0x1 ./Middlewares/Third_Party/FreeRTOS/Source/portable/GCC/ARM_CM4F/port.o
 *fill*         0x20000e4d        0x3 
 .bss.ulMaxPRIGROUPValue
                0x20000e50        0x4 ./Middlewares/Third_Party/FreeRTOS/Source/portable/GCC/ARM_CM4F/port.o
 .bss.ucHeap    0x20000e54     0x3c00 ./Middlewares/Third_Party/FreeRTOS/Source/portable/MemMang/heap_4.o
 .bss.xStart    0x20004a54        0x8 ./Middlewares/Third_Party/FreeRTOS/Source/portable/MemMang/heap_4.o
 .bss.pxEnd     0x20004a5c        0x4 ./Middlewares/Third_Party/FreeRTOS/Source/portable/MemMang/heap_4.o
 .bss.xFreeBytesRemaining
                0x20004a60        0x4 ./Middlewares/Third_Party/FreeRTOS/Source/portable/MemMang/heap_4.o
 .bss.xMinimumEverFreeBytesRemaining
                0x20004a64        0x4 ./Middlewares/Third_Party/FreeRTOS/Source/portable/MemMang/heap_4.o
 .bss.xNumberOfSuccessfulAllocations
                0x20004a68        0x4 ./Middlewares/Third_Party/FreeRTOS/Source/portable/MemMang/heap_4.o
 .bss.xNumberOfSuccessfulFrees
                0x20004a6c        0x4 ./Middlewares/Third_Party/FreeRTOS/Source/portable/MemMang/heap_4.o
 .bss.xBlockAllocatedBit
                0x20004a70        0x4 ./Middlewares/Third_Party/FreeRTOS/Source/portable/MemMang/heap_4.o
 *(COMMON)
                0x20004a74                        . = ALIGN (0x4)
                0x20004a74                        _ebss = .
                0x20004a74                        __bss_end__ = _ebss

._user_heap_stack
                0x20004a74      0x604 load address 0x080065c0
                0x20004a78                        . = ALIGN (0x8)
 *fill*         0x20004a74        0x4 
                [!provide]                        PROVIDE (end = .)
                0x20004a78                        PROVIDE (_end = .)
                0x20004c78                        . = (. + _Min_Heap_Size)
 *fill*         0x20004a78      0x200 
                0x20005078                        . = (. + _Min_Stack_Size)
 *fill*         0x20004c78      0x400 
                0x20005078                        . = ALIGN (0x8)

/DISCARD/
 libc.a(*)
 libm.a(*)
 libgcc.a(*)

.ARM.attributes
                0x00000000       0x30
 *(.ARM.attributes)
 .ARM.attributes
                0x00000000       0x22 C:/ST/STM32CubeIDE_1.14.1/STM32CubeIDE/plugins/com.st.stm32cube.ide.mcu.externaltools.gnu-tools-for-stm32.13.3.rel1.win32_1.0.0.202411081344/tools/bin/../lib/gcc/arm-none-eabi/13.3.1/thumb/v7e-m+fp/hard/crti.o
 .ARM.attributes
                0x00000022       0x34 C:/ST/STM32CubeIDE_1.14.1/STM32CubeIDE/plugins/com.st.stm32cube.ide.mcu.externaltools.gnu-tools-for-stm32.13.3.rel1.win32_1.0.0.202411081344/tools/bin/../lib/gcc/arm-none-eabi/13.3.1/thumb/v7e-m+fp/hard/crtbegin.o
 .ARM.attributes
                0x00000056       0x34 ./Core/Src/App/appTask.o
 .ARM.attributes
                0x0000008a       0x34 ./Core/Src/App/commTask.o
 .ARM.attributes
                0x000000be       0x34 ./Core/Src/App/watchdogTask.o
 .ARM.attributes
                0x000000f2       0x34 ./Core/Src/Drivers/ADC.o
 .ARM.attributes
                0x00000126       0x34 ./Core/Src/Drivers/Dig.o
 .ARM.attributes
                0x0000015a       0x34 ./Core/Src/Drivers/PWM.o
 .ARM.attributes
                0x0000018e       0x34 ./Core/Src/Drivers/RC_Driver.o
 .ARM.attributes
                0x000001c2       0x34 ./Core/Src/Drivers/WDG.o
 .ARM.attributes
                0x000001f6       0x34 ./Core/Src/Middleware/DCMotCntrMod.o
 .ARM.attributes
                0x0000022a       0x34 ./Core/Src/Middleware/JoyMod.o
 .ARM.attributes
                0x0000025e       0x34 ./Core/Src/main.o
 .ARM.attributes
                0x00000292       0x34 ./Core/Src/stm32f4xx_hal_msp.o
 .ARM.attributes
                0x000002c6       0x34 ./Core/Src/stm32f4xx_it.o
 .ARM.attributes
                0x000002fa       0x34 ./Core/Src/system_stm32f4xx.o
 .ARM.attributes
                0x0000032e       0x21 ./Core/Startup/startup_stm32f446retx.o
 .ARM.attributes
                0x0000034f       0x34 ./Drivers/STM32F4xx_HAL_Driver/Src/stm32f4xx_hal.o
 .ARM.attributes
                0x00000383       0x34 ./Drivers/STM32F4xx_HAL_Driver/Src/stm32f4xx_hal_adc.o
 .ARM.attributes
                0x000003b7       0x34 ./Drivers/STM32F4xx_HAL_Driver/Src/stm32f4xx_hal_cortex.o
 .ARM.attributes
                0x000003eb       0x34 ./Drivers/STM32F4xx_HAL_Driver/Src/stm32f4xx_hal_gpio.o
 .ARM.attributes
                0x0000041f       0x34 ./Drivers/STM32F4xx_HAL_Driver/Src/stm32f4xx_hal_iwdg.o
 .ARM.attributes
                0x00000453       0x34 ./Drivers/STM32F4xx_HAL_Driver/Src/stm32f4xx_hal_pwr_ex.o
 .ARM.attributes
                0x00000487       0x34 ./Drivers/STM32F4xx_HAL_Driver/Src/stm32f4xx_hal_rcc.o
 .ARM.attributes
                0x000004bb       0x34 ./Drivers/STM32F4xx_HAL_Driver/Src/stm32f4xx_hal_rcc_ex.o
 .ARM.attributes
                0x000004ef       0x34 ./Drivers/STM32F4xx_HAL_Driver/Src/stm32f4xx_hal_tim.o
 .ARM.attributes
                0x00000523       0x34 ./Drivers/STM32F4xx_HAL_Driver/Src/stm32f4xx_hal_tim_ex.o
 .ARM.attributes
                0x00000557       0x34 ./Drivers/STM32F4xx_HAL_Driver/Src/stm32f4xx_hal_uart.o
 .ARM.attributes
                0x0000058b       0x34 ./Middlewares/Third_Party/FreeRTOS/Source/CMSIS_RTOS_V2/cmsis_os2.o
 .ARM.attributes
                0x000005bf       0x34 ./Middlewares/Third_Party/FreeRTOS/Source/list.o
 .ARM.attributes
                0x000005f3       0x34 ./Middlewares/Third_Party/FreeRTOS/Source/queue.o
 .ARM.attributes
                0x00000627       0x34 ./Middlewares/Third_Party/FreeRTOS/Source/tasks.o
 .ARM.attributes
                0x0000065b       0x34 ./Middlewares/Third_Party/FreeRTOS/Source/timers.o
 .ARM.attributes
                0x0000068f       0x34 ./Middlewares/Third_Party/FreeRTOS/Source/portable/GCC/ARM_CM4F/port.o
 .ARM.attributes
                0x000006c3       0x34 ./Middlewares/Third_Party/FreeRTOS/Source/portable/MemMang/heap_4.o
 .ARM.attributes
                0x000006f7       0x34 C:/ST/STM32CubeIDE_1.14.1/STM32CubeIDE/plugins/com.st.stm32cube.ide.mcu.externaltools.gnu-tools-for-stm32.13.3.rel1.win32_1.0.0.202411081344/tools/bin/../lib/gcc/arm-none-eabi/13.3.1/../../../../arm-none-eabi/lib/thumb/v7e-m+fp/hard\libc_nano.a(libc_a-memset.o)
 .ARM.attributes
                0x0000072b       0x34 C:/ST/STM32CubeIDE_1.14.1/STM32CubeIDE/plugins/com.st.stm32cube.ide.mcu.externaltools.gnu-tools-for-stm32.13.3.rel1.win32_1.0.0.202411081344/tools/bin/../lib/gcc/arm-none-eabi/13.3.1/../../../../arm-none-eabi/lib/thumb/v7e-m+fp/hard\libc_nano.a(libc_a-init.o)
 .ARM.attributes
                0x0000075f       0x34 C:/ST/STM32CubeIDE_1.14.1/STM32CubeIDE/plugins/com.st.stm32cube.ide.mcu.externaltools.gnu-tools-for-stm32.13.3.rel1.win32_1.0.0.202411081344/tools/bin/../lib/gcc/arm-none-eabi/13.3.1/../../../../arm-none-eabi/lib/thumb/v7e-m+fp/hard\libc_nano.a(libc_a-memcpy-stub.o)
 .ARM.attributes
                0x00000793       0x22 C:/ST/STM32CubeIDE_1.14.1/STM32CubeIDE/plugins/com.st.stm32cube.ide.mcu.externaltools.gnu-tools-for-stm32.13.3.rel1.win32_1.0.0.202411081344/tools/bin/../lib/gcc/arm-none-eabi/13.3.1/thumb/v7e-m+fp/hard\libgcc.a(_aeabi_uldivmod.o)
 .ARM.attributes
                0x000007b5       0x34 C:/ST/STM32CubeIDE_1.14.1/STM32CubeIDE/plugins/com.st.stm32cube.ide.mcu.externaltools.gnu-tools-for-stm32.13.3.rel1.win32_1.0.0.202411081344/tools/bin/../lib/gcc/arm-none-eabi/13.3.1/thumb/v7e-m+fp/hard\libgcc.a(_udivmoddi4.o)
 .ARM.attributes
                0x000007e9       0x22 C:/ST/STM32CubeIDE_1.14.1/STM32CubeIDE/plugins/com.st.stm32cube.ide.mcu.externaltools.gnu-tools-for-stm32.13.3.rel1.win32_1.0.0.202411081344/tools/bin/../lib/gcc/arm-none-eabi/13.3.1/thumb/v7e-m+fp/hard\libgcc.a(_dvmd_tls.o)
 .ARM.attributes
                0x0000080b       0x22 C:/ST/STM32CubeIDE_1.14.1/STM32CubeIDE/plugins/com.st.stm32cube.ide.mcu.externaltools.gnu-tools-for-stm32.13.3.rel1.win32_1.0.0.202411081344/tools/bin/../lib/gcc/arm-none-eabi/13.3.1/thumb/v7e-m+fp/hard/crtn.o
OUTPUT(P1_Rover.elf elf32-littlearm)
LOAD linker stubs
LOAD C:/ST/STM32CubeIDE_1.14.1/STM32CubeIDE/plugins/com.st.stm32cube.ide.mcu.externaltools.gnu-tools-for-stm32.13.3.rel1.win32_1.0.0.202411081344/tools/bin/../lib/gcc/arm-none-eabi/13.3.1/../../../../arm-none-eabi/lib/thumb/v7e-m+fp/hard\libc.a
LOAD C:/ST/STM32CubeIDE_1.14.1/STM32CubeIDE/plugins/com.st.stm32cube.ide.mcu.externaltools.gnu-tools-for-stm32.13.3.rel1.win32_1.0.0.202411081344/tools/bin/../lib/gcc/arm-none-eabi/13.3.1/../../../../arm-none-eabi/lib/thumb/v7e-m+fp/hard\libm.a
LOAD C:/ST/STM32CubeIDE_1.14.1/STM32CubeIDE/plugins/com.st.stm32cube.ide.mcu.externaltools.gnu-tools-for-stm32.13.3.rel1.win32_1.0.0.202411081344/tools/bin/../lib/gcc/arm-none-eabi/13.3.1/thumb/v7e-m+fp/hard\libgcc.a

.debug_info     0x00000000    0x1988d
 .debug_info    0x00000000      0x1a6 ./Core/Src/App/appTask.o
 .debug_info    0x000001a6      0x124 ./Core/Src/App/commTask.o
 .debug_info    0x000002ca      0x135 ./Core/Src/App/watchdogTask.o
 .debug_info    0x000003ff      0x6d5 ./Core/Src/Drivers/ADC.o
 .debug_info    0x00000ad4      0x1fb ./Core/Src/Drivers/Dig.o
 .debug_info    0x00000ccf      0x6d1 ./Core/Src/Drivers/PWM.o
 .debug_info    0x000013a0       0xd4 ./Core/Src/Drivers/RC_Driver.o
 .debug_info    0x00001474      0x1b5 ./Core/Src/Drivers/WDG.o
 .debug_info    0x00001629      0x1e8 ./Core/Src/Middleware/DCMotCntrMod.o
 .debug_info    0x00001811      0x160 ./Core/Src/Middleware/JoyMod.o
 .debug_info    0x00001971     0x1927 ./Core/Src/main.o
 .debug_info    0x00003298     0x1298 ./Core/Src/stm32f4xx_hal_msp.o
 .debug_info    0x00004530      0x11a ./Core/Src/stm32f4xx_it.o
 .debug_info    0x0000464a      0x54a ./Core/Src/system_stm32f4xx.o
 .debug_info    0x00004b94       0x30 ./Core/Startup/startup_stm32f446retx.o
 .debug_info    0x00004bc4      0x99a ./Drivers/STM32F4xx_HAL_Driver/Src/stm32f4xx_hal.o
 .debug_info    0x0000555e      0xce3 ./Drivers/STM32F4xx_HAL_Driver/Src/stm32f4xx_hal_adc.o
 .debug_info    0x00006241      0xdaa ./Drivers/STM32F4xx_HAL_Driver/Src/stm32f4xx_hal_cortex.o
 .debug_info    0x00006feb      0x70b ./Drivers/STM32F4xx_HAL_Driver/Src/stm32f4xx_hal_gpio.o
 .debug_info    0x000076f6      0x1d8 ./Drivers/STM32F4xx_HAL_Driver/Src/stm32f4xx_hal_iwdg.o
 .debug_info    0x000078ce      0x6da ./Drivers/STM32F4xx_HAL_Driver/Src/stm32f4xx_hal_pwr_ex.o
 .debug_info    0x00007fa8      0x8ff ./Drivers/STM32F4xx_HAL_Driver/Src/stm32f4xx_hal_rcc.o
 .debug_info    0x000088a7      0x960 ./Drivers/STM32F4xx_HAL_Driver/Src/stm32f4xx_hal_rcc_ex.o
 .debug_info    0x00009207     0x299d ./Drivers/STM32F4xx_HAL_Driver/Src/stm32f4xx_hal_tim.o
 .debug_info    0x0000bba4     0x14db ./Drivers/STM32F4xx_HAL_Driver/Src/stm32f4xx_hal_tim_ex.o
 .debug_info    0x0000d07f     0x2f4f ./Drivers/STM32F4xx_HAL_Driver/Src/stm32f4xx_hal_uart.o
 .debug_info    0x0000ffce     0x3a70 ./Middlewares/Third_Party/FreeRTOS/Source/CMSIS_RTOS_V2/cmsis_os2.o
 .debug_info    0x00013a3e      0x2af ./Middlewares/Third_Party/FreeRTOS/Source/list.o
 .debug_info    0x00013ced     0x1b79 ./Middlewares/Third_Party/FreeRTOS/Source/queue.o
 .debug_info    0x00015866     0x21ec ./Middlewares/Third_Party/FreeRTOS/Source/tasks.o
 .debug_info    0x00017a52     0x1488 ./Middlewares/Third_Party/FreeRTOS/Source/timers.o
 .debug_info    0x00018eda      0x4de ./Middlewares/Third_Party/FreeRTOS/Source/portable/GCC/ARM_CM4F/port.o
 .debug_info    0x000193b8      0x4d5 ./Middlewares/Third_Party/FreeRTOS/Source/portable/MemMang/heap_4.o

.debug_abbrev   0x00000000     0x4012
 .debug_abbrev  0x00000000      0x13f ./Core/Src/App/appTask.o
 .debug_abbrev  0x0000013f       0xc2 ./Core/Src/App/commTask.o
 .debug_abbrev  0x00000201       0xed ./Core/Src/App/watchdogTask.o
 .debug_abbrev  0x000002ee      0x18f ./Core/Src/Drivers/ADC.o
 .debug_abbrev  0x0000047d      0x12a ./Core/Src/Drivers/Dig.o
 .debug_abbrev  0x000005a7      0x1a1 ./Core/Src/Drivers/PWM.o
 .debug_abbrev  0x00000748       0x74 ./Core/Src/Drivers/RC_Driver.o
 .debug_abbrev  0x000007bc      0x11f ./Core/Src/Drivers/WDG.o
 .debug_abbrev  0x000008db      0x115 ./Core/Src/Middleware/DCMotCntrMod.o
 .debug_abbrev  0x000009f0       0xda ./Core/Src/Middleware/JoyMod.o
 .debug_abbrev  0x00000aca      0x327 ./Core/Src/main.o
 .debug_abbrev  0x00000df1      0x225 ./Core/Src/stm32f4xx_hal_msp.o
 .debug_abbrev  0x00001016       0x97 ./Core/Src/stm32f4xx_it.o
 .debug_abbrev  0x000010ad      0x11a ./Core/Src/system_stm32f4xx.o
 .debug_abbrev  0x000011c7       0x24 ./Core/Startup/startup_stm32f446retx.o
 .debug_abbrev  0x000011eb      0x214 ./Drivers/STM32F4xx_HAL_Driver/Src/stm32f4xx_hal.o
 .debug_abbrev  0x000013ff      0x252 ./Drivers/STM32F4xx_HAL_Driver/Src/stm32f4xx_hal_adc.o
 .debug_abbrev  0x00001651      0x31d ./Drivers/STM32F4xx_HAL_Driver/Src/stm32f4xx_hal_cortex.o
 .debug_abbrev  0x0000196e      0x1d4 ./Drivers/STM32F4xx_HAL_Driver/Src/stm32f4xx_hal_gpio.o
 .debug_abbrev  0x00001b42      0x12c ./Drivers/STM32F4xx_HAL_Driver/Src/stm32f4xx_hal_iwdg.o
 .debug_abbrev  0x00001c6e      0x1cf ./Drivers/STM32F4xx_HAL_Driver/Src/stm32f4xx_hal_pwr_ex.o
 .debug_abbrev  0x00001e3d      0x2b7 ./Drivers/STM32F4xx_HAL_Driver/Src/stm32f4xx_hal_rcc.o
 .debug_abbrev  0x000020f4      0x211 ./Drivers/STM32F4xx_HAL_Driver/Src/stm32f4xx_hal_rcc_ex.o
 .debug_abbrev  0x00002305      0x278 ./Drivers/STM32F4xx_HAL_Driver/Src/stm32f4xx_hal_tim.o
 .debug_abbrev  0x0000257d      0x283 ./Drivers/STM32F4xx_HAL_Driver/Src/stm32f4xx_hal_tim_ex.o
 .debug_abbrev  0x00002800      0x30e ./Drivers/STM32F4xx_HAL_Driver/Src/stm32f4xx_hal_uart.o
 .debug_abbrev  0x00002b0e      0x508 ./Middlewares/Third_Party/FreeRTOS/Source/CMSIS_RTOS_V2/cmsis_os2.o
 .debug_abbrev  0x00003016       0xf5 ./Middlewares/Third_Party/FreeRTOS/Source/list.o
 .debug_abbrev  0x0000310b      0x3b6 ./Middlewares/Third_Party/FreeRTOS/Source/queue.o
 .debug_abbrev  0x000034c1      0x386 ./Middlewares/Third_Party/FreeRTOS/Source/tasks.o
 .debug_abbrev  0x00003847      0x352 ./Middlewares/Third_Party/FreeRTOS/Source/timers.o
 .debug_abbrev  0x00003b99      0x25c ./Middlewares/Third_Party/FreeRTOS/Source/portable/GCC/ARM_CM4F/port.o
 .debug_abbrev  0x00003df5      0x21d ./Middlewares/Third_Party/FreeRTOS/Source/portable/MemMang/heap_4.o

.debug_aranges  0x00000000     0x1708
 .debug_aranges
                0x00000000       0x30 ./Core/Src/App/appTask.o
 .debug_aranges
                0x00000030       0x28 ./Core/Src/App/commTask.o
 .debug_aranges
                0x00000058       0x20 ./Core/Src/App/watchdogTask.o
 .debug_aranges
                0x00000078       0x28 ./Core/Src/Drivers/ADC.o
 .debug_aranges
                0x000000a0       0x20 ./Core/Src/Drivers/Dig.o
 .debug_aranges
                0x000000c0       0x28 ./Core/Src/Drivers/PWM.o
 .debug_aranges
                0x000000e8       0x20 ./Core/Src/Drivers/RC_Driver.o
 .debug_aranges
                0x00000108       0x28 ./Core/Src/Drivers/WDG.o
 .debug_aranges
                0x00000130       0x20 ./Core/Src/Middleware/DCMotCntrMod.o
 .debug_aranges
                0x00000150       0x28 ./Core/Src/Middleware/JoyMod.o
 .debug_aranges
                0x00000178       0x60 ./Core/Src/main.o
 .debug_aranges
                0x000001d8       0x58 ./Core/Src/stm32f4xx_hal_msp.o
 .debug_aranges
                0x00000230       0x50 ./Core/Src/stm32f4xx_it.o
 .debug_aranges
                0x00000280       0x28 ./Core/Src/system_stm32f4xx.o
 .debug_aranges
                0x000002a8       0x28 ./Core/Startup/startup_stm32f446retx.o
 .debug_aranges
                0x000002d0       0xf0 ./Drivers/STM32F4xx_HAL_Driver/Src/stm32f4xx_hal.o
 .debug_aranges
                0x000003c0       0xe8 ./Drivers/STM32F4xx_HAL_Driver/Src/stm32f4xx_hal_adc.o
 .debug_aranges
                0x000004a8      0x130 ./Drivers/STM32F4xx_HAL_Driver/Src/stm32f4xx_hal_cortex.o
 .debug_aranges
                0x000005d8       0x58 ./Drivers/STM32F4xx_HAL_Driver/Src/stm32f4xx_hal_gpio.o
 .debug_aranges
                0x00000630       0x28 ./Drivers/STM32F4xx_HAL_Driver/Src/stm32f4xx_hal_iwdg.o
 .debug_aranges
                0x00000658       0x60 ./Drivers/STM32F4xx_HAL_Driver/Src/stm32f4xx_hal_pwr_ex.o
 .debug_aranges
                0x000006b8       0x88 ./Drivers/STM32F4xx_HAL_Driver/Src/stm32f4xx_hal_rcc.o
 .debug_aranges
                0x00000740       0x78 ./Drivers/STM32F4xx_HAL_Driver/Src/stm32f4xx_hal_rcc_ex.o
 .debug_aranges
                0x000007b8      0x3d0 ./Drivers/STM32F4xx_HAL_Driver/Src/stm32f4xx_hal_tim.o
 .debug_aranges
                0x00000b88      0x168 ./Drivers/STM32F4xx_HAL_Driver/Src/stm32f4xx_hal_tim_ex.o
 .debug_aranges
                0x00000cf0      0x208 ./Drivers/STM32F4xx_HAL_Driver/Src/stm32f4xx_hal_uart.o
 .debug_aranges
                0x00000ef8      0x2a8 ./Middlewares/Third_Party/FreeRTOS/Source/CMSIS_RTOS_V2/cmsis_os2.o
 .debug_aranges
                0x000011a0       0x40 ./Middlewares/Third_Party/FreeRTOS/Source/list.o
 .debug_aranges
                0x000011e0      0x158 ./Middlewares/Third_Party/FreeRTOS/Source/queue.o
 .debug_aranges
                0x00001338      0x208 ./Middlewares/Third_Party/FreeRTOS/Source/tasks.o
 .debug_aranges
                0x00001540       0xf0 ./Middlewares/Third_Party/FreeRTOS/Source/timers.o
 .debug_aranges
                0x00001630       0x80 ./Middlewares/Third_Party/FreeRTOS/Source/portable/GCC/ARM_CM4F/port.o
 .debug_aranges
                0x000016b0       0x58 ./Middlewares/Third_Party/FreeRTOS/Source/portable/MemMang/heap_4.o

.debug_rnglists
                0x00000000     0x11b2
 .debug_rnglists
                0x00000000       0x1f ./Core/Src/App/appTask.o
 .debug_rnglists
                0x0000001f       0x19 ./Core/Src/App/commTask.o
 .debug_rnglists
                0x00000038       0x13 ./Core/Src/App/watchdogTask.o
 .debug_rnglists
                0x0000004b       0x19 ./Core/Src/Drivers/ADC.o
 .debug_rnglists
                0x00000064       0x13 ./Core/Src/Drivers/Dig.o
 .debug_rnglists
                0x00000077       0x19 ./Core/Src/Drivers/PWM.o
 .debug_rnglists
                0x00000090       0x13 ./Core/Src/Drivers/RC_Driver.o
 .debug_rnglists
                0x000000a3       0x19 ./Core/Src/Drivers/WDG.o
 .debug_rnglists
                0x000000bc       0x13 ./Core/Src/Middleware/DCMotCntrMod.o
 .debug_rnglists
                0x000000cf       0x19 ./Core/Src/Middleware/JoyMod.o
 .debug_rnglists
                0x000000e8       0x47 ./Core/Src/main.o
 .debug_rnglists
                0x0000012f       0x3f ./Core/Src/stm32f4xx_hal_msp.o
 .debug_rnglists
                0x0000016e       0x37 ./Core/Src/stm32f4xx_it.o
 .debug_rnglists
                0x000001a5       0x1a ./Core/Src/system_stm32f4xx.o
 .debug_rnglists
                0x000001bf       0x19 ./Core/Startup/startup_stm32f446retx.o
 .debug_rnglists
                0x000001d8       0xaf ./Drivers/STM32F4xx_HAL_Driver/Src/stm32f4xx_hal.o
 .debug_rnglists
                0x00000287       0xb5 ./Drivers/STM32F4xx_HAL_Driver/Src/stm32f4xx_hal_adc.o
 .debug_rnglists
                0x0000033c       0xe0 ./Drivers/STM32F4xx_HAL_Driver/Src/stm32f4xx_hal_cortex.o
 .debug_rnglists
                0x0000041c       0x3f ./Drivers/STM32F4xx_HAL_Driver/Src/stm32f4xx_hal_gpio.o
 .debug_rnglists
                0x0000045b       0x1a ./Drivers/STM32F4xx_HAL_Driver/Src/stm32f4xx_hal_iwdg.o
 .debug_rnglists
                0x00000475       0x47 ./Drivers/STM32F4xx_HAL_Driver/Src/stm32f4xx_hal_pwr_ex.o
 .debug_rnglists
                0x000004bc       0x66 ./Drivers/STM32F4xx_HAL_Driver/Src/stm32f4xx_hal_rcc.o
 .debug_rnglists
                0x00000522       0x5e ./Drivers/STM32F4xx_HAL_Driver/Src/stm32f4xx_hal_rcc_ex.o
 .debug_rnglists
                0x00000580      0x31a ./Drivers/STM32F4xx_HAL_Driver/Src/stm32f4xx_hal_tim.o
 .debug_rnglists
                0x0000089a      0x125 ./Drivers/STM32F4xx_HAL_Driver/Src/stm32f4xx_hal_tim_ex.o
 .debug_rnglists
                0x000009bf      0x1bc ./Drivers/STM32F4xx_HAL_Driver/Src/stm32f4xx_hal_uart.o
 .debug_rnglists
                0x00000b7b      0x20c ./Middlewares/Third_Party/FreeRTOS/Source/CMSIS_RTOS_V2/cmsis_os2.o
 .debug_rnglists
                0x00000d87       0x2b ./Middlewares/Third_Party/FreeRTOS/Source/list.o
 .debug_rnglists
                0x00000db2      0x109 ./Middlewares/Third_Party/FreeRTOS/Source/queue.o
 .debug_rnglists
                0x00000ebb      0x1a0 ./Middlewares/Third_Party/FreeRTOS/Source/tasks.o
 .debug_rnglists
                0x0000105b       0xb8 ./Middlewares/Third_Party/FreeRTOS/Source/timers.o
 .debug_rnglists
                0x00001113       0x5d ./Middlewares/Third_Party/FreeRTOS/Source/portable/GCC/ARM_CM4F/port.o
 .debug_rnglists
                0x00001170       0x42 ./Middlewares/Third_Party/FreeRTOS/Source/portable/MemMang/heap_4.o

.debug_macro    0x00000000    0x25c78
 .debug_macro   0x00000000       0xf7 ./Core/Src/App/appTask.o
 .debug_macro   0x000000f7      0xad8 ./Core/Src/App/appTask.o
 .debug_macro   0x00000bcf       0x22 ./Core/Src/App/appTask.o
 .debug_macro   0x00000bf1       0x8e ./Core/Src/App/appTask.o
 .debug_macro   0x00000c7f       0x51 ./Core/Src/App/appTask.o
 .debug_macro   0x00000cd0      0x103 ./Core/Src/App/appTask.o
 .debug_macro   0x00000dd3       0x6a ./Core/Src/App/appTask.o
 .debug_macro   0x00000e3d      0x1df ./Core/Src/App/appTask.o
 .debug_macro   0x0000101c      0x190 ./Core/Src/App/appTask.o
 .debug_macro   0x000011ac      0x169 ./Core/Src/App/appTask.o
 .debug_macro   0x00001315      0x15a ./Core/Src/App/appTask.o
 .debug_macro   0x0000146f       0xc9 ./Core/Src/App/appTask.o
 .debug_macro   0x00001538       0x1c ./Core/Src/App/appTask.o
 .debug_macro   0x00001554       0x26 ./Core/Src/App/appTask.o
 .debug_macro   0x0000157a      0x4c5 ./Core/Src/App/appTask.o
 .debug_macro   0x00001a3f       0xb5 ./Core/Src/App/appTask.o
 .debug_macro   0x00001af4       0xaa ./Core/Src/App/appTask.o
 .debug_macro   0x00001b9e       0x2e ./Core/Src/App/appTask.o
 .debug_macro   0x00001bcc       0xed ./Core/Src/App/commTask.o
 .debug_macro   0x00001cb9      0x101 ./Core/Src/App/watchdogTask.o
 .debug_macro   0x00001dba      0x219 ./Core/Src/Drivers/ADC.o
 .debug_macro   0x00001fd3      0x2a7 ./Core/Src/Drivers/ADC.o
 .debug_macro   0x0000227a       0x2e ./Core/Src/Drivers/ADC.o
 .debug_macro   0x000022a8       0x28 ./Core/Src/Drivers/ADC.o
 .debug_macro   0x000022d0       0x1c ./Core/Src/Drivers/ADC.o
 .debug_macro   0x000022ec       0x22 ./Core/Src/Drivers/ADC.o
 .debug_macro   0x0000230e       0xfb ./Core/Src/Drivers/ADC.o
 .debug_macro   0x00002409     0x1011 ./Core/Src/Drivers/ADC.o
 .debug_macro   0x0000341a      0x11f ./Core/Src/Drivers/ADC.o
 .debug_macro   0x00003539    0x1675e ./Core/Src/Drivers/ADC.o
 .debug_macro   0x00019c97       0x6d ./Core/Src/Drivers/ADC.o
 .debug_macro   0x00019d04     0x3693 ./Core/Src/Drivers/ADC.o
 .debug_macro   0x0001d397       0x5c ./Core/Src/Drivers/ADC.o
 .debug_macro   0x0001d3f3      0xca5 ./Core/Src/Drivers/ADC.o
 .debug_macro   0x0001e098      0x9e9 ./Core/Src/Drivers/ADC.o
 .debug_macro   0x0001ea81      0x115 ./Core/Src/Drivers/ADC.o
 .debug_macro   0x0001eb96      0x1a0 ./Core/Src/Drivers/ADC.o
 .debug_macro   0x0001ed36       0xa5 ./Core/Src/Drivers/ADC.o
 .debug_macro   0x0001eddb      0x16d ./Core/Src/Drivers/ADC.o
 .debug_macro   0x0001ef48      0x287 ./Core/Src/Drivers/ADC.o
 .debug_macro   0x0001f1cf       0x5f ./Core/Src/Drivers/ADC.o
 .debug_macro   0x0001f22e      0x236 ./Core/Src/Drivers/ADC.o
 .debug_macro   0x0001f464      0xb5b ./Core/Src/Drivers/ADC.o
 .debug_macro   0x0001ffbf      0x38b ./Core/Src/Drivers/ADC.o
 .debug_macro   0x0002034a      0x17d ./Core/Src/Drivers/ADC.o
 .debug_macro   0x000204c7       0xf9 ./Core/Src/Drivers/ADC.o
 .debug_macro   0x000205c0      0x132 ./Core/Src/Drivers/ADC.o
 .debug_macro   0x000206f2      0x29c ./Core/Src/Drivers/ADC.o
 .debug_macro   0x0002098e       0x2e ./Core/Src/Drivers/ADC.o
 .debug_macro   0x000209bc       0x78 ./Core/Src/Drivers/ADC.o
 .debug_macro   0x00020a34      0x127 ./Core/Src/Drivers/ADC.o
 .debug_macro   0x00020b5b       0xe8 ./Core/Src/Drivers/ADC.o
 .debug_macro   0x00020c43       0x89 ./Core/Src/Drivers/ADC.o
 .debug_macro   0x00020ccc      0x8ed ./Core/Src/Drivers/ADC.o
 .debug_macro   0x000215b9       0x53 ./Core/Src/Drivers/ADC.o
 .debug_macro   0x0002160c      0x2aa ./Core/Src/Drivers/ADC.o
 .debug_macro   0x000218b6      0x126 ./Core/Src/Drivers/ADC.o
 .debug_macro   0x000219dc       0x3a ./Core/Src/Drivers/ADC.o
 .debug_macro   0x00021a16      0x20a ./Core/Src/Drivers/Dig.o
 .debug_macro   0x00021c20      0x219 ./Core/Src/Drivers/PWM.o
 .debug_macro   0x00021e39      0x223 ./Core/Src/Drivers/RC_Driver.o
 .debug_macro   0x0002205c      0x20a ./Core/Src/Drivers/WDG.o
 .debug_macro   0x00022266      0x230 ./Core/Src/Middleware/DCMotCntrMod.o
 .debug_macro   0x00022496       0x2e ./Core/Src/Middleware/DCMotCntrMod.o
 .debug_macro   0x000224c4       0x40 ./Core/Src/Middleware/DCMotCntrMod.o
 .debug_macro   0x00022504       0x80 ./Core/Src/Middleware/JoyMod.o
 .debug_macro   0x00022584      0x2c1 ./Core/Src/main.o
 .debug_macro   0x00022845      0x169 ./Core/Src/main.o
 .debug_macro   0x000229ae       0x66 ./Core/Src/main.o
 .debug_macro   0x00022a14       0x74 ./Core/Src/main.o
 .debug_macro   0x00022a88       0xdd ./Core/Src/main.o
 .debug_macro   0x00022b65      0x20a ./Core/Src/stm32f4xx_hal_msp.o
 .debug_macro   0x00022d6f      0x27c ./Core/Src/stm32f4xx_it.o
 .debug_macro   0x00022feb      0x200 ./Core/Src/system_stm32f4xx.o
 .debug_macro   0x000231eb      0x260 ./Drivers/STM32F4xx_HAL_Driver/Src/stm32f4xx_hal.o
 .debug_macro   0x0002344b      0x201 ./Drivers/STM32F4xx_HAL_Driver/Src/stm32f4xx_hal_adc.o
 .debug_macro   0x0002364c      0x200 ./Drivers/STM32F4xx_HAL_Driver/Src/stm32f4xx_hal_cortex.o
 .debug_macro   0x0002384c      0x206 ./Drivers/STM32F4xx_HAL_Driver/Src/stm32f4xx_hal_gpio.o
 .debug_macro   0x00023a52      0x20c ./Drivers/STM32F4xx_HAL_Driver/Src/stm32f4xx_hal_iwdg.o
 .debug_macro   0x00023c5e      0x218 ./Drivers/STM32F4xx_HAL_Driver/Src/stm32f4xx_hal_pwr_ex.o
 .debug_macro   0x00023e76      0x224 ./Drivers/STM32F4xx_HAL_Driver/Src/stm32f4xx_hal_rcc.o
 .debug_macro   0x0002409a      0x200 ./Drivers/STM32F4xx_HAL_Driver/Src/stm32f4xx_hal_rcc_ex.o
 .debug_macro   0x0002429a      0x201 ./Drivers/STM32F4xx_HAL_Driver/Src/stm32f4xx_hal_tim.o
 .debug_macro   0x0002449b      0x200 ./Drivers/STM32F4xx_HAL_Driver/Src/stm32f4xx_hal_tim_ex.o
 .debug_macro   0x0002469b      0x201 ./Drivers/STM32F4xx_HAL_Driver/Src/stm32f4xx_hal_uart.o
 .debug_macro   0x0002489c      0x3f7 ./Middlewares/Third_Party/FreeRTOS/Source/CMSIS_RTOS_V2/cmsis_os2.o
 .debug_macro   0x00024c93       0x10 ./Middlewares/Third_Party/FreeRTOS/Source/CMSIS_RTOS_V2/cmsis_os2.o
 .debug_macro   0x00024ca3       0x20 ./Middlewares/Third_Party/FreeRTOS/Source/CMSIS_RTOS_V2/cmsis_os2.o
 .debug_macro   0x00024cc3       0x10 ./Middlewares/Third_Party/FreeRTOS/Source/CMSIS_RTOS_V2/cmsis_os2.o
 .debug_macro   0x00024cd3       0xf5 ./Middlewares/Third_Party/FreeRTOS/Source/CMSIS_RTOS_V2/cmsis_os2.o
 .debug_macro   0x00024dc8       0x91 ./Middlewares/Third_Party/FreeRTOS/Source/CMSIS_RTOS_V2/cmsis_os2.o
 .debug_macro   0x00024e59       0x8d ./Middlewares/Third_Party/FreeRTOS/Source/CMSIS_RTOS_V2/cmsis_os2.o
 .debug_macro   0x00024ee6       0x9a ./Middlewares/Third_Party/FreeRTOS/Source/CMSIS_RTOS_V2/cmsis_os2.o
 .debug_macro   0x00024f80       0x22 ./Middlewares/Third_Party/FreeRTOS/Source/CMSIS_RTOS_V2/cmsis_os2.o
 .debug_macro   0x00024fa2       0x56 ./Middlewares/Third_Party/FreeRTOS/Source/CMSIS_RTOS_V2/cmsis_os2.o
 .debug_macro   0x00024ff8      0x187 ./Middlewares/Third_Party/FreeRTOS/Source/list.o
 .debug_macro   0x0002517f      0x216 ./Middlewares/Third_Party/FreeRTOS/Source/queue.o
 .debug_macro   0x00025395       0x16 ./Middlewares/Third_Party/FreeRTOS/Source/queue.o
 .debug_macro   0x000253ab       0x87 ./Middlewares/Third_Party/FreeRTOS/Source/queue.o
 .debug_macro   0x00025432      0x27f ./Middlewares/Third_Party/FreeRTOS/Source/tasks.o
 .debug_macro   0x000256b1       0x10 ./Middlewares/Third_Party/FreeRTOS/Source/tasks.o
 .debug_macro   0x000256c1      0x1dc ./Middlewares/Third_Party/FreeRTOS/Source/timers.o
 .debug_macro   0x0002589d       0x97 ./Middlewares/Third_Party/FreeRTOS/Source/timers.o
 .debug_macro   0x00025934      0x196 ./Middlewares/Third_Party/FreeRTOS/Source/portable/GCC/ARM_CM4F/port.o
 .debug_macro   0x00025aca      0x1ae ./Middlewares/Third_Party/FreeRTOS/Source/portable/MemMang/heap_4.o

.debug_line     0x00000000    0x1cf93
 .debug_line    0x00000000      0x5c1 ./Core/Src/App/appTask.o
 .debug_line    0x000005c1      0x593 ./Core/Src/App/commTask.o
 .debug_line    0x00000b54      0x5b0 ./Core/Src/App/watchdogTask.o
 .debug_line    0x00001104      0x801 ./Core/Src/Drivers/ADC.o
 .debug_line    0x00001905      0x7b6 ./Core/Src/Drivers/Dig.o
 .debug_line    0x000020bb      0x7dd ./Core/Src/Drivers/PWM.o
 .debug_line    0x00002898      0x7d2 ./Core/Src/Drivers/RC_Driver.o
 .debug_line    0x0000306a      0x7c1 ./Core/Src/Drivers/WDG.o
 .debug_line    0x0000382b      0x81f ./Core/Src/Middleware/DCMotCntrMod.o
 .debug_line    0x0000404a      0x4b3 ./Core/Src/Middleware/JoyMod.o
 .debug_line    0x000044fd      0xb9a ./Core/Src/main.o
 .debug_line    0x00005097      0x8a2 ./Core/Src/stm32f4xx_hal_msp.o
 .debug_line    0x00005939      0x93e ./Core/Src/stm32f4xx_it.o
 .debug_line    0x00006277      0x81b ./Core/Src/system_stm32f4xx.o
 .debug_line    0x00006a92       0x7a ./Core/Startup/startup_stm32f446retx.o
 .debug_line    0x00006b0c      0xa97 ./Drivers/STM32F4xx_HAL_Driver/Src/stm32f4xx_hal.o
 .debug_line    0x000075a3     0x12ba ./Drivers/STM32F4xx_HAL_Driver/Src/stm32f4xx_hal_adc.o
 .debug_line    0x0000885d      0xd67 ./Drivers/STM32F4xx_HAL_Driver/Src/stm32f4xx_hal_cortex.o
 .debug_line    0x000095c4      0xbdb ./Drivers/STM32F4xx_HAL_Driver/Src/stm32f4xx_hal_gpio.o
 .debug_line    0x0000a19f      0x824 ./Drivers/STM32F4xx_HAL_Driver/Src/stm32f4xx_hal_iwdg.o
 .debug_line    0x0000a9c3      0xa04 ./Drivers/STM32F4xx_HAL_Driver/Src/stm32f4xx_hal_pwr_ex.o
 .debug_line    0x0000b3c7      0xeb0 ./Drivers/STM32F4xx_HAL_Driver/Src/stm32f4xx_hal_rcc.o
 .debug_line    0x0000c277     0x1560 ./Drivers/STM32F4xx_HAL_Driver/Src/stm32f4xx_hal_rcc_ex.o
 .debug_line    0x0000d7d7     0x380c ./Drivers/STM32F4xx_HAL_Driver/Src/stm32f4xx_hal_tim.o
 .debug_line    0x00010fe3     0x19f7 ./Drivers/STM32F4xx_HAL_Driver/Src/stm32f4xx_hal_tim_ex.o
 .debug_line    0x000129da     0x25df ./Drivers/STM32F4xx_HAL_Driver/Src/stm32f4xx_hal_uart.o
 .debug_line    0x00014fb9     0x2551 ./Middlewares/Third_Party/FreeRTOS/Source/CMSIS_RTOS_V2/cmsis_os2.o
 .debug_line    0x0001750a      0x78c ./Middlewares/Third_Party/FreeRTOS/Source/list.o
 .debug_line    0x00017c96     0x16fd ./Middlewares/Third_Party/FreeRTOS/Source/queue.o
 .debug_line    0x00019393     0x1c80 ./Middlewares/Third_Party/FreeRTOS/Source/tasks.o
 .debug_line    0x0001b013      0xdcc ./Middlewares/Third_Party/FreeRTOS/Source/timers.o
 .debug_line    0x0001bddf      0x811 ./Middlewares/Third_Party/FreeRTOS/Source/portable/GCC/ARM_CM4F/port.o
 .debug_line    0x0001c5f0      0x9a3 ./Middlewares/Third_Party/FreeRTOS/Source/portable/MemMang/heap_4.o

.debug_str      0x00000000    0xe8321
 .debug_str     0x00000000    0xe8321 ./Core/Src/App/appTask.o
                               0x8056 (size before relaxing)
 .debug_str     0x000e8321     0x7fe8 ./Core/Src/App/commTask.o
 .debug_str     0x000e8321     0x8026 ./Core/Src/App/watchdogTask.o
 .debug_str     0x000e8321    0xd6730 ./Core/Src/Drivers/ADC.o
 .debug_str     0x000e8321    0xd61d3 ./Core/Src/Drivers/Dig.o
 .debug_str     0x000e8321    0xd67f2 ./Core/Src/Drivers/PWM.o
 .debug_str     0x000e8321    0xd6299 ./Core/Src/Drivers/RC_Driver.o
 .debug_str     0x000e8321    0xd61cb ./Core/Src/Drivers/WDG.o
 .debug_str     0x000e8321    0xd63f0 ./Core/Src/Middleware/DCMotCntrMod.o
 .debug_str     0x000e8321     0x3f20 ./Core/Src/Middleware/JoyMod.o
 .debug_str     0x000e8321    0xdc093 ./Core/Src/main.o
 .debug_str     0x000e8321    0xd7182 ./Core/Src/stm32f4xx_hal_msp.o
 .debug_str     0x000e8321    0xd9f81 ./Core/Src/stm32f4xx_it.o
 .debug_str     0x000e8321    0xd62f7 ./Core/Src/system_stm32f4xx.o
 .debug_str     0x000e8321       0x83 ./Core/Startup/startup_stm32f446retx.o
 .debug_str     0x000e8321    0xd6ebc ./Drivers/STM32F4xx_HAL_Driver/Src/stm32f4xx_hal.o
 .debug_str     0x000e8321    0xd68bf ./Drivers/STM32F4xx_HAL_Driver/Src/stm32f4xx_hal_adc.o
 .debug_str     0x000e8321    0xd6c13 ./Drivers/STM32F4xx_HAL_Driver/Src/stm32f4xx_hal_cortex.o
 .debug_str     0x000e8321    0xd6472 ./Drivers/STM32F4xx_HAL_Driver/Src/stm32f4xx_hal_gpio.o
 .debug_str     0x000e8321    0xd6289 ./Drivers/STM32F4xx_HAL_Driver/Src/stm32f4xx_hal_iwdg.o
 .debug_str     0x000e8321    0xd64cf ./Drivers/STM32F4xx_HAL_Driver/Src/stm32f4xx_hal_pwr_ex.o
 .debug_str     0x000e8321    0xd6730 ./Drivers/STM32F4xx_HAL_Driver/Src/stm32f4xx_hal_rcc.o
 .debug_str     0x000e8321    0xd6763 ./Drivers/STM32F4xx_HAL_Driver/Src/stm32f4xx_hal_rcc_ex.o
 .debug_str     0x000e8321    0xd765c ./Drivers/STM32F4xx_HAL_Driver/Src/stm32f4xx_hal_tim.o
 .debug_str     0x000e8321    0xd6e68 ./Drivers/STM32F4xx_HAL_Driver/Src/stm32f4xx_hal_tim_ex.o
 .debug_str     0x000e8321    0xd6ce7 ./Drivers/STM32F4xx_HAL_Driver/Src/stm32f4xx_hal_uart.o
 .debug_str     0x000e8321    0xe0fbe ./Middlewares/Third_Party/FreeRTOS/Source/CMSIS_RTOS_V2/cmsis_os2.o
 .debug_str     0x000e8321     0xac15 ./Middlewares/Third_Party/FreeRTOS/Source/list.o
 .debug_str     0x000e8321     0xc755 ./Middlewares/Third_Party/FreeRTOS/Source/queue.o
 .debug_str     0x000e8321     0xd212 ./Middlewares/Third_Party/FreeRTOS/Source/tasks.o
 .debug_str     0x000e8321     0xcc87 ./Middlewares/Third_Party/FreeRTOS/Source/timers.o
 .debug_str     0x000e8321     0x87bb ./Middlewares/Third_Party/FreeRTOS/Source/portable/GCC/ARM_CM4F/port.o
 .debug_str     0x000e8321     0xb557 ./Middlewares/Third_Party/FreeRTOS/Source/portable/MemMang/heap_4.o

.comment        0x00000000       0x43
 .comment       0x00000000       0x43 ./Core/Src/App/appTask.o
                                 0x44 (size before relaxing)
 .comment       0x00000043       0x44 ./Core/Src/App/commTask.o
 .comment       0x00000043       0x44 ./Core/Src/App/watchdogTask.o
 .comment       0x00000043       0x44 ./Core/Src/Drivers/ADC.o
 .comment       0x00000043       0x44 ./Core/Src/Drivers/Dig.o
 .comment       0x00000043       0x44 ./Core/Src/Drivers/PWM.o
 .comment       0x00000043       0x44 ./Core/Src/Drivers/RC_Driver.o
 .comment       0x00000043       0x44 ./Core/Src/Drivers/WDG.o
 .comment       0x00000043       0x44 ./Core/Src/Middleware/DCMotCntrMod.o
 .comment       0x00000043       0x44 ./Core/Src/Middleware/JoyMod.o
 .comment       0x00000043       0x44 ./Core/Src/main.o
 .comment       0x00000043       0x44 ./Core/Src/stm32f4xx_hal_msp.o
 .comment       0x00000043       0x44 ./Core/Src/stm32f4xx_it.o
 .comment       0x00000043       0x44 ./Core/Src/system_stm32f4xx.o
 .comment       0x00000043       0x44 ./Drivers/STM32F4xx_HAL_Driver/Src/stm32f4xx_hal.o
 .comment       0x00000043       0x44 ./Drivers/STM32F4xx_HAL_Driver/Src/stm32f4xx_hal_adc.o
 .comment       0x00000043       0x44 ./Drivers/STM32F4xx_HAL_Driver/Src/stm32f4xx_hal_cortex.o
 .comment       0x00000043       0x44 ./Drivers/STM32F4xx_HAL_Driver/Src/stm32f4xx_hal_gpio.o
 .comment       0x00000043       0x44 ./Drivers/STM32F4xx_HAL_Driver/Src/stm32f4xx_hal_iwdg.o
 .comment       0x00000043       0x44 ./Drivers/STM32F4xx_HAL_Driver/Src/stm32f4xx_hal_pwr_ex.o
 .comment       0x00000043       0x44 ./Drivers/STM32F4xx_HAL_Driver/Src/stm32f4xx_hal_rcc.o
 .comment       0x00000043       0x44 ./Drivers/STM32F4xx_HAL_Driver/Src/stm32f4xx_hal_rcc_ex.o
 .comment       0x00000043       0x44 ./Drivers/STM32F4xx_HAL_Driver/Src/stm32f4xx_hal_tim.o
 .comment       0x00000043       0x44 ./Drivers/STM32F4xx_HAL_Driver/Src/stm32f4xx_hal_tim_ex.o
 .comment       0x00000043       0x44 ./Drivers/STM32F4xx_HAL_Driver/Src/stm32f4xx_hal_uart.o
 .comment       0x00000043       0x44 ./Middlewares/Third_Party/FreeRTOS/Source/CMSIS_RTOS_V2/cmsis_os2.o
 .comment       0x00000043       0x44 ./Middlewares/Third_Party/FreeRTOS/Source/list.o
 .comment       0x00000043       0x44 ./Middlewares/Third_Party/FreeRTOS/Source/queue.o
 .comment       0x00000043       0x44 ./Middlewares/Third_Party/FreeRTOS/Source/tasks.o
 .comment       0x00000043       0x44 ./Middlewares/Third_Party/FreeRTOS/Source/timers.o
 .comment       0x00000043       0x44 ./Middlewares/Third_Party/FreeRTOS/Source/portable/GCC/ARM_CM4F/port.o
 .comment       0x00000043       0x44 ./Middlewares/Third_Party/FreeRTOS/Source/portable/MemMang/heap_4.o

.debug_frame    0x00000000     0x5e08
 .debug_frame   0x00000000       0x70 ./Core/Src/App/appTask.o
 .debug_frame   0x00000070       0x50 ./Core/Src/App/commTask.o
 .debug_frame   0x000000c0       0x30 ./Core/Src/App/watchdogTask.o
 .debug_frame   0x000000f0       0x50 ./Core/Src/Drivers/ADC.o
 .debug_frame   0x00000140       0x34 ./Core/Src/Drivers/Dig.o
 .debug_frame   0x00000174       0x54 ./Core/Src/Drivers/PWM.o
 .debug_frame   0x000001c8       0x2c ./Core/Src/Drivers/RC_Driver.o
 .debug_frame   0x000001f4       0x4c ./Core/Src/Drivers/WDG.o
 .debug_frame   0x00000240       0x34 ./Core/Src/Middleware/DCMotCntrMod.o
 .debug_frame   0x00000274       0x5c ./Core/Src/Middleware/JoyMod.o
 .debug_frame   0x000002d0      0x12c ./Core/Src/main.o
 .debug_frame   0x000003fc      0x138 ./Core/Src/stm32f4xx_hal_msp.o
 .debug_frame   0x00000534       0xc4 ./Core/Src/stm32f4xx_it.o
 .debug_frame   0x000005f8       0x58 ./Core/Src/system_stm32f4xx.o
 .debug_frame   0x00000650      0x374 ./Drivers/STM32F4xx_HAL_Driver/Src/stm32f4xx_hal.o
 .debug_frame   0x000009c4      0x3fc ./Drivers/STM32F4xx_HAL_Driver/Src/stm32f4xx_hal_adc.o
 .debug_frame   0x00000dc0      0x508 ./Drivers/STM32F4xx_HAL_Driver/Src/stm32f4xx_hal_cortex.o
 .debug_frame   0x000012c8      0x14c ./Drivers/STM32F4xx_HAL_Driver/Src/stm32f4xx_hal_gpio.o
 .debug_frame   0x00001414       0x5c ./Drivers/STM32F4xx_HAL_Driver/Src/stm32f4xx_hal_iwdg.o
 .debug_frame   0x00001470      0x14c ./Drivers/STM32F4xx_HAL_Driver/Src/stm32f4xx_hal_pwr_ex.o
 .debug_frame   0x000015bc      0x1f4 ./Drivers/STM32F4xx_HAL_Driver/Src/stm32f4xx_hal_rcc.o
 .debug_frame   0x000017b0      0x1e8 ./Drivers/STM32F4xx_HAL_Driver/Src/stm32f4xx_hal_rcc_ex.o
 .debug_frame   0x00001998     0x11c0 ./Drivers/STM32F4xx_HAL_Driver/Src/stm32f4xx_hal_tim.o
 .debug_frame   0x00002b58      0x638 ./Drivers/STM32F4xx_HAL_Driver/Src/stm32f4xx_hal_tim_ex.o
 .debug_frame   0x00003190      0x954 ./Drivers/STM32F4xx_HAL_Driver/Src/stm32f4xx_hal_uart.o
 .debug_frame   0x00003ae4      0xbc8 ./Middlewares/Third_Party/FreeRTOS/Source/CMSIS_RTOS_V2/cmsis_os2.o
 .debug_frame   0x000046ac       0xd8 ./Middlewares/Third_Party/FreeRTOS/Source/list.o
 .debug_frame   0x00004784      0x5ec ./Middlewares/Third_Party/FreeRTOS/Source/queue.o
 .debug_frame   0x00004d70      0x8f0 ./Middlewares/Third_Party/FreeRTOS/Source/tasks.o
 .debug_frame   0x00005660      0x400 ./Middlewares/Third_Party/FreeRTOS/Source/timers.o
 .debug_frame   0x00005a60      0x1a8 ./Middlewares/Third_Party/FreeRTOS/Source/portable/GCC/ARM_CM4F/port.o
 .debug_frame   0x00005c08      0x12c ./Middlewares/Third_Party/FreeRTOS/Source/portable/MemMang/heap_4.o
 .debug_frame   0x00005d34       0x20 C:/ST/STM32CubeIDE_1.14.1/STM32CubeIDE/plugins/com.st.stm32cube.ide.mcu.externaltools.gnu-tools-for-stm32.13.3.rel1.win32_1.0.0.202411081344/tools/bin/../lib/gcc/arm-none-eabi/13.3.1/../../../../arm-none-eabi/lib/thumb/v7e-m+fp/hard\libc_nano.a(libc_a-memset.o)
 .debug_frame   0x00005d54       0x2c C:/ST/STM32CubeIDE_1.14.1/STM32CubeIDE/plugins/com.st.stm32cube.ide.mcu.externaltools.gnu-tools-for-stm32.13.3.rel1.win32_1.0.0.202411081344/tools/bin/../lib/gcc/arm-none-eabi/13.3.1/../../../../arm-none-eabi/lib/thumb/v7e-m+fp/hard\libc_nano.a(libc_a-init.o)
 .debug_frame   0x00005d80       0x28 C:/ST/STM32CubeIDE_1.14.1/STM32CubeIDE/plugins/com.st.stm32cube.ide.mcu.externaltools.gnu-tools-for-stm32.13.3.rel1.win32_1.0.0.202411081344/tools/bin/../lib/gcc/arm-none-eabi/13.3.1/../../../../arm-none-eabi/lib/thumb/v7e-m+fp/hard\libc_nano.a(libc_a-memcpy-stub.o)
 .debug_frame   0x00005da8       0x2c C:/ST/STM32CubeIDE_1.14.1/STM32CubeIDE/plugins/com.st.stm32cube.ide.mcu.externaltools.gnu-tools-for-stm32.13.3.rel1.win32_1.0.0.202411081344/tools/bin/../lib/gcc/arm-none-eabi/13.3.1/thumb/v7e-m+fp/hard\libgcc.a(_aeabi_uldivmod.o)
 .debug_frame   0x00005dd4       0x34 C:/ST/STM32CubeIDE_1.14.1/STM32CubeIDE/plugins/com.st.stm32cube.ide.mcu.externaltools.gnu-tools-for-stm32.13.3.rel1.win32_1.0.0.202411081344/tools/bin/../lib/gcc/arm-none-eabi/13.3.1/thumb/v7e-m+fp/hard\libgcc.a(_udivmoddi4.o)

.debug_line_str
                0x00000000       0x67
 .debug_line_str
                0x00000000       0x67 ./Core/Startup/startup_stm32f446retx.o