Archive member included to satisfy reference by file (symbol)

C:/ST/STM32CubeIDE_1.14.1/STM32CubeIDE/plugins/com.st.stm32cube.ide.mcu.externaltools.gnu-tools-for-stm32.13.3.rel1.win32_1.0.0.202411081344/tools/bin/../lib/gcc/arm-none-eabi/13.3.1/../../../../arm-none-eabi/lib/thumb/v7e-m+fp/hard\libc_nano.a(libc_a-exit.o)
                              C:/ST/STM32CubeIDE_1.14.1/STM32CubeIDE/plugins/com.st.stm32cube.ide.mcu.externaltools.gnu-tools-for-stm32.13.3.rel1.win32_1.0.0.202411081344/tools/bin/../lib/gcc/arm-none-eabi/13.3.1/../../../../arm-none-eabi/lib/thumb/v7e-m+fp/hard/crt0.o (exit)
C:/ST/STM32CubeIDE_1.14.1/STM32CubeIDE/plugins/com.st.stm32cube.ide.mcu.externaltools.gnu-tools-for-stm32.13.3.rel1.win32_1.0.0.202411081344/tools/bin/../lib/gcc/arm-none-eabi/13.3.1/../../../../arm-none-eabi/lib/thumb/v7e-m+fp/hard\libc_nano.a(libc_a-findfp.o)
                              C:/ST/STM32CubeIDE_1.14.1/STM32CubeIDE/plugins/com.st.stm32cube.ide.mcu.externaltools.gnu-tools-for-stm32.13.3.rel1.win32_1.0.0.202411081344/tools/bin/../lib/gcc/arm-none-eabi/13.3.1/../../../../arm-none-eabi/lib/thumb/v7e-m+fp/hard\libc_nano.a(libc_a-exit.o) (__stdio_exit_handler)
C:/ST/STM32CubeIDE_1.14.1/STM32CubeIDE/plugins/com.st.stm32cube.ide.mcu.externaltools.gnu-tools-for-stm32.13.3.rel1.win32_1.0.0.202411081344/tools/bin/../lib/gcc/arm-none-eabi/13.3.1/../../../../arm-none-eabi/lib/thumb/v7e-m+fp/hard\libc_nano.a(libc_a-fwalk.o)
                              C:/ST/STM32CubeIDE_1.14.1/STM32CubeIDE/plugins/com.st.stm32cube.ide.mcu.externaltools.gnu-tools-for-stm32.13.3.rel1.win32_1.0.0.202411081344/tools/bin/../lib/gcc/arm-none-eabi/13.3.1/../../../../arm-none-eabi/lib/thumb/v7e-m+fp/hard\libc_nano.a(libc_a-findfp.o) (_fwalk_sglue)
C:/ST/STM32CubeIDE_1.14.1/STM32CubeIDE/plugins/com.st.stm32cube.ide.mcu.externaltools.gnu-tools-for-stm32.13.3.rel1.win32_1.0.0.202411081344/tools/bin/../lib/gcc/arm-none-eabi/13.3.1/../../../../arm-none-eabi/lib/thumb/v7e-m+fp/hard\libc_nano.a(libc_a-stdio.o)
                              C:/ST/STM32CubeIDE_1.14.1/STM32CubeIDE/plugins/com.st.stm32cube.ide.mcu.externaltools.gnu-tools-for-stm32.13.3.rel1.win32_1.0.0.202411081344/tools/bin/../lib/gcc/arm-none-eabi/13.3.1/../../../../arm-none-eabi/lib/thumb/v7e-m+fp/hard\libc_nano.a(libc_a-findfp.o) (__sread)
C:/ST/STM32CubeIDE_1.14.1/STM32CubeIDE/plugins/com.st.stm32cube.ide.mcu.externaltools.gnu-tools-for-stm32.13.3.rel1.win32_1.0.0.202411081344/tools/bin/../lib/gcc/arm-none-eabi/13.3.1/../../../../arm-none-eabi/lib/thumb/v7e-m+fp/hard\libc_nano.a(libc_a-memset.o)
                              C:/ST/STM32CubeIDE_1.14.1/STM32CubeIDE/plugins/com.st.stm32cube.ide.mcu.externaltools.gnu-tools-for-stm32.13.3.rel1.win32_1.0.0.202411081344/tools/bin/../lib/gcc/arm-none-eabi/13.3.1/../../../../arm-none-eabi/lib/thumb/v7e-m+fp/hard/crt0.o (memset)
C:/ST/STM32CubeIDE_1.14.1/STM32CubeIDE/plugins/com.st.stm32cube.ide.mcu.externaltools.gnu-tools-for-stm32.13.3.rel1.win32_1.0.0.202411081344/tools/bin/../lib/gcc/arm-none-eabi/13.3.1/../../../../arm-none-eabi/lib/thumb/v7e-m+fp/hard\libc_nano.a(libc_a-closer.o)
                              C:/ST/STM32CubeIDE_1.14.1/STM32CubeIDE/plugins/com.st.stm32cube.ide.mcu.externaltools.gnu-tools-for-stm32.13.3.rel1.win32_1.0.0.202411081344/tools/bin/../lib/gcc/arm-none-eabi/13.3.1/../../../../arm-none-eabi/lib/thumb/v7e-m+fp/hard\libc_nano.a(libc_a-stdio.o) (_close_r)
C:/ST/STM32CubeIDE_1.14.1/STM32CubeIDE/plugins/com.st.stm32cube.ide.mcu.externaltools.gnu-tools-for-stm32.13.3.rel1.win32_1.0.0.202411081344/tools/bin/../lib/gcc/arm-none-eabi/13.3.1/../../../../arm-none-eabi/lib/thumb/v7e-m+fp/hard\libc_nano.a(libc_a-reent.o)
                              C:/ST/STM32CubeIDE_1.14.1/STM32CubeIDE/plugins/com.st.stm32cube.ide.mcu.externaltools.gnu-tools-for-stm32.13.3.rel1.win32_1.0.0.202411081344/tools/bin/../lib/gcc/arm-none-eabi/13.3.1/../../../../arm-none-eabi/lib/thumb/v7e-m+fp/hard\libc_nano.a(libc_a-closer.o) (errno)
C:/ST/STM32CubeIDE_1.14.1/STM32CubeIDE/plugins/com.st.stm32cube.ide.mcu.externaltools.gnu-tools-for-stm32.13.3.rel1.win32_1.0.0.202411081344/tools/bin/../lib/gcc/arm-none-eabi/13.3.1/../../../../arm-none-eabi/lib/thumb/v7e-m+fp/hard\libc_nano.a(libc_a-impure.o)
                              C:/ST/STM32CubeIDE_1.14.1/STM32CubeIDE/plugins/com.st.stm32cube.ide.mcu.externaltools.gnu-tools-for-stm32.13.3.rel1.win32_1.0.0.202411081344/tools/bin/../lib/gcc/arm-none-eabi/13.3.1/../../../../arm-none-eabi/lib/thumb/v7e-m+fp/hard\libc_nano.a(libc_a-reent.o) (_impure_ptr)
C:/ST/STM32CubeIDE_1.14.1/STM32CubeIDE/plugins/com.st.stm32cube.ide.mcu.externaltools.gnu-tools-for-stm32.13.3.rel1.win32_1.0.0.202411081344/tools/bin/../lib/gcc/arm-none-eabi/13.3.1/../../../../arm-none-eabi/lib/thumb/v7e-m+fp/hard\libc_nano.a(libc_a-lseekr.o)
[...]
Memory Configuration

Name             Origin             Length             Attributes
RAM              0x20000000         0x00020000         xrw
FLASH            0x08000000         0x00080000         xr
*default*        0x00000000         0xffffffff

Linker script and memory map

LOAD C:/ST/STM32CubeIDE_1.14.1/STM32CubeIDE/plugins/com.st.stm32cube.ide.mcu.externaltools.gnu-tools-for-stm32.13.3.rel1.win32_1.0.0.202411081344/tools/bin/../lib/gcc/arm-none-eabi/13.3.1/thumb/v7e-m+fp/hard/crti.o
LOAD C:/ST/STM32CubeIDE_1.14.1/STM32CubeIDE/plugins/com.st.stm32cube.ide.mcu.externaltools.gnu-tools-for-stm32.13.3.rel1.win32_1.0.0.202411081344/tools/bin/../lib/gcc/arm-none-eabi/13.3.1/thumb/v7e-m+fp/hard/crtbegin.o
LOAD C:/ST/STM32CubeIDE_1.14.1/STM32CubeIDE/plugins/com.st.stm32cube.ide.mcu.externaltools.gnu-tools-for-stm32.13.3.rel1.win32_1.0.0.202411081344/tools/bin/../lib/gcc/arm-none-eabi/13.3.1/../../../../arm-none-eabi/lib/thumb/v7e-m+fp/hard/crt0.o
LOAD ./Core/Src/App/Application/RoverControl.o
LOAD ./Core/Src/App/SystemControls/RoverDcMotorControl.o
LOAD ./Core/Src/Drivers/ADC.o
LOAD ./Core/Src/Drivers/Dig.o
LOAD ./Core/Src/Drivers/PWM.o
LOAD ./Core/Src/Drivers/UART.o
LOAD ./Core/Src/Drivers/WDG.o
LOAD ./Core/Src/Middleware/DCMotCntrMod.o
LOAD ./Core/Src/Middleware/JoyMod.o
LOAD ./Core/Src/Tasks/appTask.o
LOAD ./Core/Src/Tasks/commTask.o
LOAD ./Core/Src/Tasks/watchdogTask.o
LOAD ./Core/Src/freertos.o
LOAD ./Core/Src/main.o
LOAD ./Core/Src/stm32f4xx_hal_msp.o
LOAD ./Core/Src/stm32f4xx_it.o
LOAD ./Core/Src/syscalls.o
LOAD ./Core/Src/sysmem.o
LOAD ./Core/Src/system_stm32f4xx.o
LOAD ./Core/Startup/startup_stm32f446retx.o
LOAD ./Drivers/STM32F4xx_HAL_Driver/Src/stm32f4xx_hal.o
LOAD ./Drivers/STM32F4xx_HAL_Driver/Src/stm32f4xx_hal_adc.o
LOAD ./Drivers/STM32F4xx_HAL_Driver/Src/stm32f4xx_hal_adc_ex.o
LOAD ./Drivers/STM32F4xx_HAL_Driver/Src/stm32f4xx_hal_cortex.o
LOAD ./Drivers/STM32F4xx_HAL_Driver/Src/stm32f4xx_hal_dma.o
LOAD ./Drivers/STM32F4xx_HAL_Driver/Src/stm32f4xx_hal_dma_ex.o
LOAD ./Drivers/STM32F4xx_HAL_Driver/Src/stm32f4xx_hal_exti.o
LOAD ./Drivers/STM32F4xx_HAL_Driver/Src/stm32f4xx_hal_flash.o
LOAD ./Drivers/STM32F4xx_HAL_Driver/Src/stm32f4xx_hal_flash_ex.o
LOAD ./Drivers/STM32F4xx_HAL_Driver/Src/stm32f4xx_hal_flash_ramfunc.o
LOAD ./Drivers/STM32F4xx_HAL_Driver/Src/stm32f4xx_hal_gpio.o
LOAD ./Drivers/STM32F4xx_HAL_Driver/Src/stm32f4xx_hal_iwdg.o
LOAD ./Drivers/STM32F4xx_HAL_Driver/Src/stm32f4xx_hal_pwr.o
LOAD ./Drivers/STM32F4xx_HAL_Driver/Src/stm32f4xx_hal_pwr_ex.o
LOAD ./Drivers/STM32F4xx_HAL_Driver/Src/stm32f4xx_hal_rcc.o
LOAD ./Drivers/STM32F4xx_HAL_Driver/Src/stm32f4xx_hal_rcc_ex.o
LOAD ./Drivers/STM32F4xx_HAL_Driver/Src/stm32f4xx_hal_tim.o
LOAD ./Drivers/STM32F4xx_HAL_Driver/Src/stm32f4xx_hal_tim_ex.o
LOAD ./Drivers/STM32F4xx_HAL_Driver/Src/stm32f4xx_hal_uart.o
LOAD ./Drivers/STM32F4xx_HAL_Driver/Src/stm32f4xx_ll_adc.o
LOAD ./Middlewares/Third_Party/FreeRTOS/Source/CMSIS_RTOS_V2/cmsis_os2.o
LOAD ./Middlewares/Third_Party/FreeRTOS/Source/croutine.o
LOAD ./Middlewares/Third_Party/FreeRTOS/Source/event_groups.o
LOAD ./Middlewares/Third_Party/FreeRTOS/Source/list.o
LOAD ./Middlewares/Third_Party/FreeRTOS/Source/queue.o
LOAD ./Middlewares/Third_Party/FreeRTOS/Source/stream_buffer.o
LOAD ./Middlewares/Third_Party/FreeRTOS/Source/tasks.o
LOAD ./Middlewares/Third_Party/FreeRTOS/Source/timers.o
LOAD ./Middlewares/Third_Party/FreeRTOS/Source/portable/GCC/ARM_CM4F/port.o
LOAD ./Middlewares/Third_Party/FreeRTOS/Source/portable/MemMang/heap_4.o
START GROUP
LOAD C:/ST/STM32CubeIDE_1.14.1/STM32CubeIDE/plugins/com.st.stm32cube.ide.mcu.externaltools.gnu-tools-for-stm32.13.3.rel1.win32_1.0.0.202411081344/tools/bin/../lib/gcc/arm-none-eabi/13.3.1/../../../../arm-none-eabi/lib/thumb/v7e-m+fp/hard\libc_nano.a
LOAD C:/ST/STM32CubeIDE_1.14.1/STM32CubeIDE/plugins/com.st.stm32cube.ide.mcu.externaltools.gnu-tools-for-stm32.13.3.rel1.win32_1.0.0.202411081344/tools/bin/../lib/gcc/arm-none-eabi/13.3.1/../../../../arm-none-eabi/lib/thumb/v7e-m+fp/hard\libm.a
END GROUP
START GROUP
LOAD C:/ST/STM32CubeIDE_1.14.1/STM32CubeIDE/plugins/com.st.stm32cube.ide.mcu.externaltools.gnu-tools-for-stm32.13.3.rel1.win32_1.0.0.202411081344/tools/bin/../lib/gcc/arm-none-eabi/13.3.1/thumb/v7e-m+fp/hard\libgcc.a
LOAD C:/ST/STM32CubeIDE_1.14.1/STM32CubeIDE/plugins/com.st.stm32cube.ide.mcu.externaltools.gnu-tools-for-stm32.13.3.rel1.win32_1.0.0.202411081344/tools/bin/../lib/gcc/arm-none-eabi/13.3.1/../../../../arm-none-eabi/lib/thumb/v7e-m+fp/hard\libc_nano.a
END GROUP
START GROUP
LOAD C:/ST/STM32CubeIDE_1.14.1/STM32CubeIDE/plugins/com.st.stm32cube.ide.mcu.externaltools.gnu-tools-for-stm32.13.3.rel1.win32_1.0.0.202411081344/tools/bin/../lib/gcc/arm-none-eabi/13.3.1/thumb/v7e-m+fp/hard\libgcc.a
LOAD C:/ST/STM32CubeIDE_1.14.1/STM32CubeIDE/plugins/com.st.stm32cube.ide.mcu.externaltools.gnu-tools-for-stm32.13.3.rel1.win32_1.0.0.202411081344/tools/bin/../lib/gcc/arm-none-eabi/13.3.1/../../../../arm-none-eabi/lib/thumb/v7e-m+fp/hard\libc_nano.a
LOAD C:/ST/STM32CubeIDE_1.14.1/STM32CubeIDE/plugins/com.st.stm32cube.ide.mcu.externaltools.gnu-tools-for-stm32.13.3.rel1.win32_1.0.0.202411081344/tools/bin/../lib/gcc/arm-none-eabi/13.3.1/../../../../arm-none-eabi/lib/thumb/v7e-m+fp/hard\libnosys.a
END GROUP
START GROUP
LOAD C:/ST/STM32CubeIDE_1.14.1/STM32CubeIDE/plugins/com.st.stm32cube.ide.mcu.externaltools.gnu-tools-for-stm32.13.3.rel1.win32_1.0.0.202411081344/tools/bin/../lib/gcc/arm-none-eabi/13.3.1/thumb/v7e-m+fp/hard\libgcc.a
LOAD C:/ST/STM32CubeIDE_1.14.1/STM32CubeIDE/plugins/com.st.stm32cube.ide.mcu.externaltools.gnu-tools-for-stm32.13.3.rel1.win32_1.0.0.202411081344/tools/bin/../lib/gcc/arm-none-eabi/13.3.1/../../../../arm-none-eabi/lib/thumb/v7e-m+fp/hard\libc_nano.a
LOAD C:/ST/STM32CubeIDE_1.14.1/STM32CubeIDE/plugins/com.st.stm32cube.ide.mcu.externaltools.gnu-tools-for-stm32.13.3.rel1.win32_1.0.0.202411081344/tools/bin/../lib/gcc/arm-none-eabi/13.3.1/../../../../arm-none-eabi/lib/thumb/v7e-m+fp/hard\libnosys.a
END GROUP
LOAD C:/ST/STM32CubeIDE_1.14.1/STM32CubeIDE/plugins/com.st.stm32cube.ide.mcu.externaltools.gnu-tools-for-stm32.13.3.rel1.win32_1.0.0.202411081344/tools/bin/../lib/gcc/arm-none-eabi/13.3.1/thumb/v7e-m+fp/hard/crtend.o
LOAD C:/ST/STM32CubeIDE_1.14.1/STM32CubeIDE/plugins/com.st.stm32cube.ide.mcu.externaltools.gnu-tools-for-stm32.13.3.rel1.win32_1.0.0.202411081344/tools/bin/../lib/gcc/arm-none-eabi/13.3.1/thumb/v7e-m+fp/hard/crtn.o
                0x20020000                        _estack = (ORIGIN (RAM) + LENGTH (RAM))
                0x00000200                        _Min_Heap_Size = 0x200
                0x00000400                        _Min_Stack_Size = 0x400

.isr_vector     0x08000000      0x1c4
                0x08000000                        . = ALIGN (0x4)
 *(.isr_vector)
 .isr_vector    0x08000000      0x1c4 ./Core/Startup/startup_stm32f446retx.o
                0x08000000                g_pfnVectors
                0x080001c4                        . = ALIGN (0x4)

.text           0x080001d0     0x6584
                0x080001d0                        . = ALIGN (0x4)
 *(.text)
 .text          0x080001d0       0x40 C:/ST/STM32CubeIDE_1.14.1/STM32CubeIDE/plugins/com.st.stm32cube.ide.mcu.externaltools.gnu-tools-for-stm32.13.3.rel1.win32_1.0.0.202411081344/tools/bin/../lib/gcc/arm-none-eabi/13.3.1/thumb/v7e-m+fp/hard/crtbegin.o
 .text          0x08000210       0x30 C:/ST/STM32CubeIDE_1.14.1/STM32CubeIDE/plugins/com.st.stm32cube.ide.mcu.externaltools.gnu-tools-for-stm32.13.3.rel1.win32_1.0.0.202411081344/tools/bin/../lib/gcc/arm-none-eabi/13.3.1/thumb/v7e-m+fp/hard\libgcc.a(_aeabi_uldivmod.o)
                0x08000210                __aeabi_uldivmod
 .text          0x08000240      0x2f8 C:/ST/STM32CubeIDE_1.14.1/STM32CubeIDE/plugins/com.st.stm32cube.ide.mcu.externaltools.gnu-tools-for-stm32.13.3.rel1.win32_1.0.0.202411081344/tools/bin/../lib/gcc/arm-none-eabi/13.3.1/thumb/v7e-m+fp/hard\libgcc.a(_udivmoddi4.o)
                0x08000240                __udivmoddi4
 .text          0x08000538        0x4 C:/ST/STM32CubeIDE_1.14.1/STM32CubeIDE/plugins/com.st.stm32cube.ide.mcu.externaltools.gnu-tools-for-stm32.13.3.rel1.win32_1.0.0.202411081344/tools/bin/../lib/gcc/arm-none-eabi/13.3.1/thumb/v7e-m+fp/hard\libgcc.a(_dvmd_tls.o)
                0x08000538                __aeabi_idiv0
                0x08000538                __aeabi_ldiv0
 *(.text*)
 .text.Joy_ToSignedSpeed
                0x0800053c       0x3a ./Core/Src/App/Application/RoverControl.o
 .text.Rover_Run
                0x08000576       0x36 ./Core/Src/App/Application/RoverControl.o
                0x08000576                Rover_Run
 .text.RoverDcMotor_Update
                0x080005ac       0x7a ./Core/Src/App/SystemControls/RoverDcMotorControl.o
                0x080005ac                RoverDcMotor_Update
 *fill*         0x08000626        0x2 
 .text.ADC_Init
                0x08000628       0x14 ./Core/Src/Drivers/ADC.o
                0x08000628                ADC_Init
 .text.ADC_GetValue
                0x0800063c       0x70 ./Core/Src/Drivers/ADC.o
                0x0800063c                ADC_GetValue
 .text.Dig_Write
                0x080006ac       0x34 ./Core/Src/Drivers/Dig.o
                0x080006ac                Dig_Write
 .text.PWM_Init
                0x080006e0       0x1c ./Core/Src/Drivers/PWM.o
                0x080006e0                PWM_Init
 .text.Pwm_SetDuty
                0x080006fc       0x52 ./Core/Src/Drivers/PWM.o
                0x080006fc                Pwm_SetDuty
 *fill*         0x0800074e        0x2 
 .text.WDG_Refresh
                0x08000750       0x14 ./Core/Src/Drivers/WDG.o
                0x08000750                WDG_Refresh
 .text.Motor_Run
                0x08000764       0xbc ./Core/Src/Middleware/DCMotCntrMod.o
 .text.DCMotor_Left_Run
                0x08000820       0x34 ./Core/Src/Middleware/DCMotCntrMod.o
                0x08000820                DCMotor_Left_Run
 .text.DCMotor_Right_Run
                0x08000854       0x34 ./Core/Src/Middleware/DCMotCntrMod.o
                0x08000854                DCMotor_Right_Run
 .text.getJoyInfoFromADC
                0x08000888       0xf8 ./Core/Src/Middleware/JoyMod.o
                0x08000888                getJoyInfoFromADC
 .text.Joystick_Get
                0x08000980       0x3e ./Core/Src/Middleware/JoyMod.o
                0x08000980                Joystick_Get
 *fill*         0x080009be        0x2 
 .text.AppTask  0x080009c0       0x3c ./Core/Src/Tasks/appTask.o
                0x080009c0                AppTask
 .text.AppTask_IsAlive
                0x080009fc       0x18 ./Core/Src/Tasks/appTask.o
                0x080009fc                AppTask_IsAlive
 .text.CommTask
                0x08000a14       0x1c ./Core/Src/Tasks/commTask.o
                0x08000a14                CommTask
 .text.CommTask_IsAlive
                0x08000a30       0x18 ./Core/Src/Tasks/commTask.o
                0x08000a30                CommTask_IsAlive
 .text.WatchdogTask
                0x08000a48       0x2a ./Core/Src/Tasks/watchdogTask.o
                0x08000a48                WatchdogTask
 *fill*         0x08000a72        0x2 
 .text.main     0x08000a74       0x88 ./Core/Src/main.o
                0x08000a74                main
 .text.SystemClock_Config
                0x08000afc       0xe8 ./Core/Src/main.o
                0x08000afc                SystemClock_Config
 .text.MX_ADC1_Init
                0x08000be4       0xa4 ./Core/Src/main.o
 .text.MX_IWDG_Init
                0x08000c88       0x34 ./Core/Src/main.o
 .text.MX_TIM1_Init
                0x08000cbc      0x120 ./Core/Src/main.o
 .text.MX_USART2_UART_Init
                0x08000ddc       0x54 ./Core/Src/main.o
 .text.MX_GPIO_Init
                0x08000e30       0x64 ./Core/Src/main.o
 .text.Error_Handler
                0x08000e94        0xc ./Core/Src/main.o
                0x08000e94                Error_Handler
 .text.HAL_MspInit
                0x08000ea0       0x58 ./Core/Src/stm32f4xx_hal_msp.o
                0x08000ea0                HAL_MspInit
 .text.HAL_ADC_MspInit
                0x08000ef8       0x88 ./Core/Src/stm32f4xx_hal_msp.o
                0x08000ef8                HAL_ADC_MspInit
 .text.HAL_TIM_PWM_MspInit
                0x08000f80       0x44 ./Core/Src/stm32f4xx_hal_msp.o
                0x08000f80                HAL_TIM_PWM_MspInit
 .text.HAL_TIM_MspPostInit
                0x08000fc4       0x74 ./Core/Src/stm32f4xx_hal_msp.o
                0x08000fc4                HAL_TIM_MspPostInit
 .text.HAL_UART_MspInit
                0x08001038       0x90 ./Core/Src/stm32f4xx_hal_msp.o
                0x08001038                HAL_UART_MspInit
 .text.NMI_Handler
                0x080010c8        0x8 ./Core/Src/stm32f4xx_it.o
                0x080010c8                NMI_Handler
 .text.HardFault_Handler
                0x080010d0        0x8 ./Core/Src/stm32f4xx_it.o
                0x080010d0                HardFault_Handler
 .text.MemManage_Handler
                0x080010d8        0x8 ./Core/Src/stm32f4xx_it.o
                0x080010d8                MemManage_Handler
 .text.BusFault_Handler
                0x080010e0        0x8 ./Core/Src/stm32f4xx_it.o
                0x080010e0                BusFault_Handler
 .text.UsageFault_Handler
                0x080010e8        0x8 ./Core/Src/stm32f4xx_it.o
                0x080010e8                UsageFault_Handler
 .text.DebugMon_Handler
                0x080010f0        0xe ./Core/Src/stm32f4xx_it.o
                0x080010f0                DebugMon_Handler
 .text.SysTick_Handler
                0x080010fe       0x1a ./Core/Src/stm32f4xx_it.o
                0x080010fe                SysTick_Handler
 .text.SystemInit
                0x08001118       0x24 ./Core/Src/system_stm32f4xx.o
                0x08001118                SystemInit
 .text.Reset_Handler
                0x0800113c       0x50 ./Core/Startup/startup_stm32f446retx.o
                0x0800113c                Reset_Handler
 .text.Default_Handler
                0x0800118c        0x2 ./Core/Startup/startup_stm32f446retx.o
                0x0800118c                RTC_Alarm_IRQHandler
                0x0800118c                EXTI2_IRQHandler
                0x0800118c                TIM8_CC_IRQHandler
                0x0800118c                FMPI2C1_EV_IRQHandler
                0x0800118c                SPI4_IRQHandler
                0x0800118c                TIM1_CC_IRQHandler
                0x0800118c                DMA2_Stream5_IRQHandler
                0x0800118c                DMA1_Stream5_IRQHandler
                0x0800118c                PVD_IRQHandler
                0x0800118c                SDIO_IRQHandler
                0x0800118c                TAMP_STAMP_IRQHandler
                0x0800118c                CAN2_RX1_IRQHandler
                0x0800118c                EXTI3_IRQHandler
                0x0800118c                TIM8_TRG_COM_TIM14_IRQHandler
                0x0800118c                TIM1_UP_TIM10_IRQHandler
                0x0800118c                TIM8_UP_TIM13_IRQHandler
                0x0800118c                I2C3_ER_IRQHandler
                0x0800118c                EXTI0_IRQHandler
                0x0800118c                I2C2_EV_IRQHandler
                0x0800118c                DMA1_Stream2_IRQHandler
                0x0800118c                CAN1_RX0_IRQHandler
                0x0800118c                FPU_IRQHandler
                0x0800118c                OTG_HS_WKUP_IRQHandler
                0x0800118c                CAN2_SCE_IRQHandler
                0x0800118c                DMA2_Stream2_IRQHandler
                0x0800118c                SPI1_IRQHandler
                0x0800118c                TIM6_DAC_IRQHandler
                0x0800118c                TIM1_BRK_TIM9_IRQHandler
                0x0800118c                DCMI_IRQHandler
                0x0800118c                CAN2_RX0_IRQHandler
                0x0800118c                DMA2_Stream3_IRQHandler
                0x0800118c                SAI2_IRQHandler
                0x0800118c                USART6_IRQHandler
                0x0800118c                USART3_IRQHandler
                0x0800118c                CAN1_RX1_IRQHandler
                0x0800118c                UART5_IRQHandler
                0x0800118c                DMA2_Stream0_IRQHandler
                0x0800118c                TIM4_IRQHandler
                0x0800118c                QUADSPI_IRQHandler
                0x0800118c                I2C1_EV_IRQHandler
                0x0800118c                DMA1_Stream6_IRQHandler
                0x0800118c                DMA1_Stream1_IRQHandler
                0x0800118c                UART4_IRQHandler
                0x0800118c                TIM3_IRQHandler
                0x0800118c                RCC_IRQHandler
                0x0800118c                TIM8_BRK_TIM12_IRQHandler
                0x0800118c                Default_Handler
                0x0800118c                CEC_IRQHandler
                0x0800118c                EXTI15_10_IRQHandler
                0x0800118c                ADC_IRQHandler
                0x0800118c                DMA1_Stream7_IRQHandler
                0x0800118c                TIM7_IRQHandler
                0x0800118c                CAN2_TX_IRQHandler
                0x0800118c                TIM5_IRQHandler
                0x0800118c                DMA2_Stream7_IRQHandler
                0x0800118c                I2C3_EV_IRQHandler
                0x0800118c                EXTI9_5_IRQHandler
                0x0800118c                RTC_WKUP_IRQHandler
                0x0800118c                SPDIF_RX_IRQHandler
                0x0800118c                SPI2_IRQHandler
                0x0800118c                OTG_HS_EP1_IN_IRQHandler
                0x0800118c                DMA1_Stream0_IRQHandler
                0x0800118c                CAN1_TX_IRQHandler
                0x0800118c                FMPI2C1_ER_IRQHandler
                0x0800118c                EXTI4_IRQHandler
                0x0800118c                OTG_HS_EP1_OUT_IRQHandler
                0x0800118c                WWDG_IRQHandler
                0x0800118c                TIM2_IRQHandler
                0x0800118c                OTG_FS_WKUP_IRQHandler
                0x0800118c                TIM1_TRG_COM_TIM11_IRQHandler
                0x0800118c                OTG_HS_IRQHandler
                0x0800118c                EXTI1_IRQHandler
                0x0800118c                USART2_IRQHandler
                0x0800118c                I2C2_ER_IRQHandler
                0x0800118c                DMA2_Stream1_IRQHandler
                0x0800118c                CAN1_SCE_IRQHandler
                0x0800118c                FLASH_IRQHandler
                0x0800118c                DMA2_Stream4_IRQHandler
                0x0800118c                USART1_IRQHandler
                0x0800118c                OTG_FS_IRQHandler
                0x0800118c                SPI3_IRQHandler
                0x0800118c                DMA1_Stream4_IRQHandler
                0x0800118c                I2C1_ER_IRQHandler
                0x0800118c                FMC_IRQHandler
                0x0800118c                DMA2_Stream6_IRQHandler
                0x0800118c                SAI1_IRQHandler
                0x0800118c                DMA1_Stream3_IRQHandler
 *fill*         0x0800118e        0x2 
 .text.HAL_Init
                0x08001190       0x44 ./Drivers/STM32F4xx_HAL_Driver/Src/stm32f4xx_hal.o
                0x08001190                HAL_Init
 .text.HAL_InitTick
                0x080011d4       0x60 ./Drivers/STM32F4xx_HAL_Driver/Src/stm32f4xx_hal.o
                0x080011d4                HAL_InitTick
 .text.HAL_IncTick
                0x08001234       0x28 ./Drivers/STM32F4xx_HAL_Driver/Src/stm32f4xx_hal.o
                0x08001234                HAL_IncTick
 .text.HAL_GetTick
                0x0800125c       0x18 ./Drivers/STM32F4xx_HAL_Driver/Src/stm32f4xx_hal.o
                0x0800125c                HAL_GetTick
 .text.HAL_ADC_Init
                0x08001274       0x86 ./Drivers/STM32F4xx_HAL_Driver/Src/stm32f4xx_hal_adc.o
                0x08001274                HAL_ADC_Init
 *fill*         0x080012fa        0x2 
 .text.HAL_ADC_Start
                0x080012fc      0x1a4 ./Drivers/STM32F4xx_HAL_Driver/Src/stm32f4xx_hal_adc.o
                0x080012fc                HAL_ADC_Start
 .text.HAL_ADC_Stop
                0x080014a0       0x66 ./Drivers/STM32F4xx_HAL_Driver/Src/stm32f4xx_hal_adc.o
                0x080014a0                HAL_ADC_Stop
 .text.HAL_ADC_PollForConversion
                0x08001506      0x116 ./Drivers/STM32F4xx_HAL_Driver/Src/stm32f4xx_hal_adc.o
                0x08001506                HAL_ADC_PollForConversion
 .text.HAL_ADC_GetValue
                0x0800161c       0x1a ./Drivers/STM32F4xx_HAL_Driver/Src/stm32f4xx_hal_adc.o
                0x0800161c                HAL_ADC_GetValue
 *fill*         0x08001636        0x2 
 .text.HAL_ADC_ConfigChannel
                0x08001638      0x264 ./Drivers/STM32F4xx_HAL_Driver/Src/stm32f4xx_hal_adc.o
                0x08001638                HAL_ADC_ConfigChannel
 .text.ADC_Init
                0x0800189c      0x1f8 ./Drivers/STM32F4xx_HAL_Driver/Src/stm32f4xx_hal_adc.o
 .text.__NVIC_SetPriorityGrouping
                0x08001a94       0x48 ./Drivers/STM32F4xx_HAL_Driver/Src/stm32f4xx_hal_cortex.o
 .text.__NVIC_GetPriorityGrouping
                0x08001adc       0x1c ./Drivers/STM32F4xx_HAL_Driver/Src/stm32f4xx_hal_cortex.o
 .text.__NVIC_SetPriority
                0x08001af8       0x54 ./Drivers/STM32F4xx_HAL_Driver/Src/stm32f4xx_hal_cortex.o
 .text.NVIC_EncodePriority
                0x08001b4c       0x66 ./Drivers/STM32F4xx_HAL_Driver/Src/stm32f4xx_hal_cortex.o
 *fill*         0x08001bb2        0x2 
 .text.SysTick_Config
                0x08001bb4       0x44 ./Drivers/STM32F4xx_HAL_Driver/Src/stm32f4xx_hal_cortex.o
 .text.HAL_NVIC_SetPriorityGrouping
                0x08001bf8       0x16 ./Drivers/STM32F4xx_HAL_Driver/Src/stm32f4xx_hal_cortex.o
                0x08001bf8                HAL_NVIC_SetPriorityGrouping
 .text.HAL_NVIC_SetPriority
                0x08001c0e       0x38 ./Drivers/STM32F4xx_HAL_Driver/Src/stm32f4xx_hal_cortex.o
                0x08001c0e                HAL_NVIC_SetPriority
 .text.HAL_SYSTICK_Config
                0x08001c46       0x18 ./Drivers/STM32F4xx_HAL_Driver/Src/stm32f4xx_hal_cortex.o
                0x08001c46                HAL_SYSTICK_Config
 *fill*         0x08001c5e        0x2 
 .text.HAL_GPIO_Init
                0x08001c60      0x328 ./Drivers/STM32F4xx_HAL_Driver/Src/stm32f4xx_hal_gpio.o
                0x08001c60                HAL_GPIO_Init
 .text.HAL_GPIO_WritePin
                0x08001f88       0x32 ./Drivers/STM32F4xx_HAL_Driver/Src/stm32f4xx_hal_gpio.o
                0x08001f88                HAL_GPIO_WritePin
 .text.HAL_IWDG_Init
                0x08001fba       0x88 ./Drivers/STM32F4xx_HAL_Driver/Src/stm32f4xx_hal_iwdg.o
                0x08001fba                HAL_IWDG_Init
 .text.HAL_IWDG_Refresh
                0x08002042       0x20 ./Drivers/STM32F4xx_HAL_Driver/Src/stm32f4xx_hal_iwdg.o
                0x08002042                HAL_IWDG_Refresh
 *fill*         0x08002062        0x2 
 .text.HAL_PWREx_EnableOverDrive
                0x08002064       0xa0 ./Drivers/STM32F4xx_HAL_Driver/Src/stm32f4xx_hal_pwr_ex.o
                0x08002064                HAL_PWREx_EnableOverDrive
 .text.HAL_RCC_ClockConfig
                0x08002104      0x1cc ./Drivers/STM32F4xx_HAL_Driver/Src/stm32f4xx_hal_rcc.o
                0x08002104                HAL_RCC_ClockConfig
 .text.HAL_RCC_GetHCLKFreq
                0x080022d0       0x18 ./Drivers/STM32F4xx_HAL_Driver/Src/stm32f4xx_hal_rcc.o
                0x080022d0                HAL_RCC_GetHCLKFreq
 .text.HAL_RCC_GetPCLK1Freq
                0x080022e8       0x28 ./Drivers/STM32F4xx_HAL_Driver/Src/stm32f4xx_hal_rcc.o
                0x080022e8                HAL_RCC_GetPCLK1Freq
 .text.HAL_RCC_GetPCLK2Freq
                0x08002310       0x28 ./Drivers/STM32F4xx_HAL_Driver/Src/stm32f4xx_hal_rcc.o
                0x08002310                HAL_RCC_GetPCLK2Freq
 .text.HAL_RCC_GetSysClockFreq
                0x08002338      0x354 ./Drivers/STM32F4xx_HAL_Driver/Src/stm32f4xx_hal_rcc_ex.o
                0x08002338                HAL_RCC_GetSysClockFreq
 .text.HAL_RCC_OscConfig
                0x0800268c      0x53c ./Drivers/STM32F4xx_HAL_Driver/Src/stm32f4xx_hal_rcc_ex.o
                0x0800268c                HAL_RCC_OscConfig
 .text.HAL_TIM_PWM_Init
                0x08002bc8       0x9e ./Drivers/STM32F4xx_HAL_Driver/Src/stm32f4xx_hal_tim.o
                0x08002bc8                HAL_TIM_PWM_Init
 *fill*         0x08002c66        0x2 
 .text.HAL_TIM_PWM_Start
                0x08002c68      0x190 ./Drivers/STM32F4xx_HAL_Driver/Src/stm32f4xx_hal_tim.o
                0x08002c68                HAL_TIM_PWM_Start
 .text.HAL_TIM_PWM_ConfigChannel
                0x08002df8      0x184 ./Drivers/STM32F4xx_HAL_Driver/Src/stm32f4xx_hal_tim.o
                0x08002df8                HAL_TIM_PWM_ConfigChannel
 .text.TIM_Base_SetConfig
                0x08002f7c      0x14c ./Drivers/STM32F4xx_HAL_Driver/Src/stm32f4xx_hal_tim.o
                0x08002f7c                TIM_Base_SetConfig
 .text.TIM_OC1_SetConfig
                0x080030c8       0xe0 ./Drivers/STM32F4xx_HAL_Driver/Src/stm32f4xx_hal_tim.o
 .text.TIM_OC2_SetConfig
                0x080031a8       0xec ./Drivers/STM32F4xx_HAL_Driver/Src/stm32f4xx_hal_tim.o
                0x080031a8                TIM_OC2_SetConfig
 .text.TIM_OC3_SetConfig
                0x08003294       0xe8 ./Drivers/STM32F4xx_HAL_Driver/Src/stm32f4xx_hal_tim.o
 .text.TIM_OC4_SetConfig
                0x0800337c       0xac ./Drivers/STM32F4xx_HAL_Driver/Src/stm32f4xx_hal_tim.o
 .text.TIM_CCxChannelCmd
                0x08003428       0x4a ./Drivers/STM32F4xx_HAL_Driver/Src/stm32f4xx_hal_tim.o
                0x08003428                TIM_CCxChannelCmd
 *fill*         0x08003472        0x2 
 .text.HAL_TIMEx_MasterConfigSynchronization
                0x08003474       0xf8 ./Drivers/STM32F4xx_HAL_Driver/Src/stm32f4xx_hal_tim_ex.o
                0x08003474                HAL_TIMEx_MasterConfigSynchronization
 .text.HAL_TIMEx_ConfigBreakDeadTime
                0x0800356c       0xa4 ./Drivers/STM32F4xx_HAL_Driver/Src/stm32f4xx_hal_tim_ex.o
                0x0800356c                HAL_TIMEx_ConfigBreakDeadTime
 .text.HAL_UART_Init
                0x08003610       0xa0 ./Drivers/STM32F4xx_HAL_Driver/Src/stm32f4xx_hal_uart.o
                0x08003610                HAL_UART_Init
 .text.UART_SetConfig
                0x080036b0      0x4e8 ./Drivers/STM32F4xx_HAL_Driver/Src/stm32f4xx_hal_uart.o
 .text.__NVIC_SetPriority
                0x08003b98       0x54 ./Middlewares/Third_Party/FreeRTOS/Source/CMSIS_RTOS_V2/cmsis_os2.o
 .text.SVC_Setup
                0x08003bec       0x12 ./Middlewares/Third_Party/FreeRTOS/Source/CMSIS_RTOS_V2/cmsis_os2.o
 *fill*         0x08003bfe        0x2 
 .text.osKernelInitialize
                0x08003c00       0x48 ./Middlewares/Third_Party/FreeRTOS/Source/CMSIS_RTOS_V2/cmsis_os2.o
                0x08003c00                osKernelInitialize
 .text.osKernelStart
                0x08003c48       0x4c ./Middlewares/Third_Party/FreeRTOS/Source/CMSIS_RTOS_V2/cmsis_os2.o
                0x08003c48                osKernelStart
 .text.osThreadNew
                0x08003c94      0x124 ./Middlewares/Third_Party/FreeRTOS/Source/CMSIS_RTOS_V2/cmsis_os2.o
                0x08003c94                osThreadNew
 .text.vApplicationGetIdleTaskMemory
                0x08003db8       0x34 ./Middlewares/Third_Party/FreeRTOS/Source/CMSIS_RTOS_V2/cmsis_os2.o
                0x08003db8                vApplicationGetIdleTaskMemory
 .text.vApplicationGetTimerTaskMemory
                0x08003dec       0x34 ./Middlewares/Third_Party/FreeRTOS/Source/CMSIS_RTOS_V2/cmsis_os2.o
                0x08003dec                vApplicationGetTimerTaskMemory
 .text.vListInitialise
                0x08003e20       0x40 ./Middlewares/Third_Party/FreeRTOS/Source/list.o
                0x08003e20                vListInitialise
 .text.vListInitialiseItem
                0x08003e60       0x1a ./Middlewares/Third_Party/FreeRTOS/Source/list.o
                0x08003e60                vListInitialiseItem
 .text.vListInsertEnd
                0x08003e7a       0x48 ./Middlewares/Third_Party/FreeRTOS/Source/list.o
                0x08003e7a                vListInsertEnd
 .text.vListInsert
                0x08003ec2       0x72 ./Middlewares/Third_Party/FreeRTOS/Source/list.o
                0x08003ec2                vListInsert
 .text.uxListRemove
                0x08003f34       0x54 ./Middlewares/Third_Party/FreeRTOS/Source/list.o
                0x08003f34                uxListRemove
 .text.xQueueGenericReset
                0x08003f88       0xd4 ./Middlewares/Third_Party/FreeRTOS/Source/queue.o
                0x08003f88                xQueueGenericReset
 .text.xQueueGenericCreateStatic
                0x0800405c       0xfa ./Middlewares/Third_Party/FreeRTOS/Source/queue.o
                0x0800405c                xQueueGenericCreateStatic
 .text.prvInitialiseNewQueue
                0x08004156       0x46 ./Middlewares/Third_Party/FreeRTOS/Source/queue.o
 .text.xQueueGenericSend
                0x0800419c      0x204 ./Middlewares/Third_Party/FreeRTOS/Source/queue.o
                0x0800419c                xQueueGenericSend
 .text.xQueueGenericSendFromISR
                0x080043a0      0x13c ./Middlewares/Third_Party/FreeRTOS/Source/queue.o
                0x080043a0                xQueueGenericSendFromISR
 .text.xQueueReceive
                0x080044dc      0x1c4 ./Middlewares/Third_Party/FreeRTOS/Source/queue.o
                0x080044dc                xQueueReceive
 .text.prvCopyDataToQueue
                0x080046a0       0xd4 ./Middlewares/Third_Party/FreeRTOS/Source/queue.o
 .text.prvCopyDataFromQueue
                0x08004774       0x4c ./Middlewares/Third_Party/FreeRTOS/Source/queue.o
 .text.prvUnlockQueue
                0x080047c0       0xa4 ./Middlewares/Third_Party/FreeRTOS/Source/queue.o
 .text.prvIsQueueEmpty
                0x08004864       0x2c ./Middlewares/Third_Party/FreeRTOS/Source/queue.o
 .text.prvIsQueueFull
                0x08004890       0x30 ./Middlewares/Third_Party/FreeRTOS/Source/queue.o
 .text.vQueueAddToRegistry
                0x080048c0       0x54 ./Middlewares/Third_Party/FreeRTOS/Source/queue.o
                0x080048c0                vQueueAddToRegistry
 .text.vQueueWaitForMessageRestricted
                0x08004914       0x68 ./Middlewares/Third_Party/FreeRTOS/Source/queue.o
                0x08004914                vQueueWaitForMessageRestricted
 .text.xTaskCreateStatic
                0x0800497c       0xc0 ./Middlewares/Third_Party/FreeRTOS/Source/tasks.o
                0x0800497c                xTaskCreateStatic
 .text.xTaskCreate
                0x08004a3c       0x8a ./Middlewares/Third_Party/FreeRTOS/Source/tasks.o
                0x08004a3c                xTaskCreate
 .text.prvInitialiseNewTask
                0x08004ac6      0x120 ./Middlewares/Third_Party/FreeRTOS/Source/tasks.o
 *fill*         0x08004be6        0x2 
 .text.prvAddNewTaskToReadyList
                0x08004be8       0xe0 ./Middlewares/Third_Party/FreeRTOS/Source/tasks.o
 .text.vTaskDelay
                0x08004cc8       0x6c ./Middlewares/Third_Party/FreeRTOS/Source/tasks.o
                0x08004cc8                vTaskDelay
 .text.vTaskStartScheduler
                0x08004d34       0xd0 ./Middlewares/Third_Party/FreeRTOS/Source/tasks.o
                0x08004d34                vTaskStartScheduler
 .text.vTaskSuspendAll
                0x08004e04       0x1c ./Middlewares/Third_Party/FreeRTOS/Source/tasks.o
                0x08004e04                vTaskSuspendAll
 .text.xTaskResumeAll
                0x08004e20      0x13c ./Middlewares/Third_Party/FreeRTOS/Source/tasks.o
                0x08004e20                xTaskResumeAll
 .text.xTaskGetTickCount
                0x08004f5c       0x20 ./Middlewares/Third_Party/FreeRTOS/Source/tasks.o
                0x08004f5c                xTaskGetTickCount
 .text.xTaskIncrementTick
                0x08004f7c      0x174 ./Middlewares/Third_Party/FreeRTOS/Source/tasks.o
                0x08004f7c                xTaskIncrementTick
 .text.vTaskSwitchContext
                0x080050f0       0xbc ./Middlewares/Third_Party/FreeRTOS/Source/tasks.o
                0x080050f0                vTaskSwitchContext
 .text.vTaskPlaceOnEventList
                0x080051ac       0x4c ./Middlewares/Third_Party/FreeRTOS/Source/tasks.o
                0x080051ac                vTaskPlaceOnEventList
 .text.vTaskPlaceOnEventListRestricted
                0x080051f8       0x58 ./Middlewares/Third_Party/FreeRTOS/Source/tasks.o
                0x080051f8                vTaskPlaceOnEventListRestricted
 .text.xTaskRemoveFromEventList
                0x08005250       0xc8 ./Middlewares/Third_Party/FreeRTOS/Source/tasks.o
                0x08005250                xTaskRemoveFromEventList
 .text.vTaskInternalSetTimeOutState
                0x08005318       0x2c ./Middlewares/Third_Party/FreeRTOS/Source/tasks.o
                0x08005318                vTaskInternalSetTimeOutState
 .text.xTaskCheckForTimeOut
                0x08005344       0xc8 ./Middlewares/Third_Party/FreeRTOS/Source/tasks.o
                0x08005344                xTaskCheckForTimeOut
 .text.vTaskMissedYield
                0x0800540c       0x18 ./Middlewares/Third_Party/FreeRTOS/Source/tasks.o
                0x0800540c                vTaskMissedYield
 .text.prvIdleTask
                0x08005424       0x30 ./Middlewares/Third_Party/FreeRTOS/Source/tasks.o
 .text.prvInitialiseTaskLists
                0x08005454       0x80 ./Middlewares/Third_Party/FreeRTOS/Source/tasks.o
 .text.prvCheckTasksWaitingTermination
                0x080054d4       0x5c ./Middlewares/Third_Party/FreeRTOS/Source/tasks.o
 .text.prvDeleteTCB
                0x08005530       0x60 ./Middlewares/Third_Party/FreeRTOS/Source/tasks.o
 .text.prvResetNextTaskUnblockTime
                0x08005590       0x40 ./Middlewares/Third_Party/FreeRTOS/Source/tasks.o
 .text.xTaskGetSchedulerState
                0x080055d0       0x3c ./Middlewares/Third_Party/FreeRTOS/Source/tasks.o
                0x080055d0                xTaskGetSchedulerState
 .text.xTaskPriorityDisinherit
                0x0800560c       0xe0 ./Middlewares/Third_Party/FreeRTOS/Source/tasks.o
                0x0800560c                xTaskPriorityDisinherit
 .text.prvAddCurrentTaskToDelayedList
                0x080056ec       0xa8 ./Middlewares/Third_Party/FreeRTOS/Source/tasks.o
 .text.xTimerCreateTimerTask
                0x08005794       0x94 ./Middlewares/Third_Party/FreeRTOS/Source/timers.o
                0x08005794                xTimerCreateTimerTask
 .text.xTimerGenericCommand
                0x08005828       0x9c ./Middlewares/Third_Party/FreeRTOS/Source/timers.o
                0x08005828                xTimerGenericCommand
 .text.prvProcessExpiredTimer
                0x080058c4       0x9c ./Middlewares/Third_Party/FreeRTOS/Source/timers.o
 .text.prvTimerTask
                0x08005960       0x26 ./Middlewares/Third_Party/FreeRTOS/Source/timers.o
 *fill*         0x08005986        0x2 
 .text.prvProcessTimerOrBlockTask
                0x08005988       0x9c ./Middlewares/Third_Party/FreeRTOS/Source/timers.o
 .text.prvGetNextExpireTime
                0x08005a24       0x48 ./Middlewares/Third_Party/FreeRTOS/Source/timers.o
 .text.prvSampleTimeNow
                0x08005a6c       0x40 ./Middlewares/Third_Party/FreeRTOS/Source/timers.o
 .text.prvInsertTimerInActiveList
                0x08005aac       0x84 ./Middlewares/Third_Party/FreeRTOS/Source/timers.o
 .text.prvProcessReceivedCommands
                0x08005b30      0x1cc ./Middlewares/Third_Party/FreeRTOS/Source/timers.o
 .text.prvSwitchTimerLists
                0x08005cfc       0xcc ./Middlewares/Third_Party/FreeRTOS/Source/timers.o
 .text.prvCheckForValidListAndQueue
                0x08005dc8       0x80 ./Middlewares/Third_Party/FreeRTOS/Source/timers.o
 .text.pxPortInitialiseStack
                0x08005e48       0x68 ./Middlewares/Third_Party/FreeRTOS/Source/portable/GCC/ARM_CM4F/port.o
                0x08005e48                pxPortInitialiseStack
 .text.prvTaskExitError
                0x08005eb0       0x5c ./Middlewares/Third_Party/FreeRTOS/Source/portable/GCC/ARM_CM4F/port.o
 *fill*         0x08005f0c        0x4 
 .text.SVC_Handler
                0x08005f10       0x28 ./Middlewares/Third_Party/FreeRTOS/Source/portable/GCC/ARM_CM4F/port.o
                0x08005f10                SVC_Handler
 .text.prvPortStartFirstTask
                0x08005f38       0x28 ./Middlewares/Third_Party/FreeRTOS/Source/portable/GCC/ARM_CM4F/port.o
 .text.xPortStartScheduler
                0x08005f60      0x148 ./Middlewares/Third_Party/FreeRTOS/Source/portable/GCC/ARM_CM4F/port.o
                0x08005f60                xPortStartScheduler
 .text.vPortEnterCritical
                0x080060a8       0x64 ./Middlewares/Third_Party/FreeRTOS/Source/portable/GCC/ARM_CM4F/port.o
                0x080060a8                vPortEnterCritical
 .text.vPortExitCritical
                0x0800610c       0x54 ./Middlewares/Third_Party/FreeRTOS/Source/portable/GCC/ARM_CM4F/port.o
                0x0800610c                vPortExitCritical
 .text.PendSV_Handler
                0x08006160       0x68 ./Middlewares/Third_Party/FreeRTOS/Source/portable/GCC/ARM_CM4F/port.o
                0x08006160                PendSV_Handler
 .text.xPortSysTickHandler
                0x080061c8       0x44 ./Middlewares/Third_Party/FreeRTOS/Source/portable/GCC/ARM_CM4F/port.o
                0x080061c8                xPortSysTickHandler
 .text.vPortSetupTimerInterrupt
                0x0800620c       0x48 ./Middlewares/Third_Party/FreeRTOS/Source/portable/GCC/ARM_CM4F/port.o
                0x0800620c                vPortSetupTimerInterrupt
 .text.vPortEnableVFP
                0x08006254       0x14 ./Middlewares/Third_Party/FreeRTOS/Source/portable/GCC/ARM_CM4F/port.o
 .text.vPortValidateInterruptPriority
                0x08006268       0x84 ./Middlewares/Third_Party/FreeRTOS/Source/portable/GCC/ARM_CM4F/port.o
                0x08006268                vPortValidateInterruptPriority
 .text.pvPortMalloc
                0x080062ec      0x19c ./Middlewares/Third_Party/FreeRTOS/Source/portable/MemMang/heap_4.o
                0x080062ec                pvPortMalloc
 .text.vPortFree
                0x08006488       0xc8 ./Middlewares/Third_Party/FreeRTOS/Source/portable/MemMang/heap_4.o
                0x08006488                vPortFree
 .text.prvHeapInit
                0x08006550       0xc4 ./Middlewares/Third_Party/FreeRTOS/Source/portable/MemMang/heap_4.o
 .text.prvInsertBlockIntoFreeList
                0x08006614       0xb4 ./Middlewares/Third_Party/FreeRTOS/Source/portable/MemMang/heap_4.o
 .text.memset   0x080066c8       0x10 C:/ST/STM32CubeIDE_1.14.1/STM32CubeIDE/plugins/com.st.stm32cube.ide.mcu.externaltools.gnu-tools-for-stm32.13.3.rel1.win32_1.0.0.202411081344/tools/bin/../lib/gcc/arm-none-eabi/13.3.1/../../../../arm-none-eabi/lib/thumb/v7e-m+fp/hard\libc_nano.a(libc_a-memset.o)
                0x080066c8                memset
 .text.__libc_init_array
                0x080066d8       0x48 C:/ST/STM32CubeIDE_1.14.1/STM32CubeIDE/plugins/com.st.stm32cube.ide.mcu.externaltools.gnu-tools-for-stm32.13.3.rel1.win32_1.0.0.202411081344/tools/bin/../lib/gcc/arm-none-eabi/13.3.1/../../../../arm-none-eabi/lib/thumb/v7e-m+fp/hard\libc_nano.a(libc_a-init.o)
                0x080066d8                __libc_init_array
 .text.memcpy   0x08006720       0x1c C:/ST/STM32CubeIDE_1.14.1/STM32CubeIDE/plugins/com.st.stm32cube.ide.mcu.externaltools.gnu-tools-for-stm32.13.3.rel1.win32_1.0.0.202411081344/tools/bin/../lib/gcc/arm-none-eabi/13.3.1/../../../../arm-none-eabi/lib/thumb/v7e-m+fp/hard\libc_nano.a(libc_a-memcpy-stub.o)
                0x08006720                memcpy
 *(.glue_7)
 .glue_7        0x0800673c        0x0 linker stubs
 *(.glue_7t)
 .glue_7t       0x0800673c        0x0 linker stubs
 *(.eh_frame)
 .eh_frame      0x0800673c        0x0 C:/ST/STM32CubeIDE_1.14.1/STM32CubeIDE/plugins/com.st.stm32cube.ide.mcu.externaltools.gnu-tools-for-stm32.13.3.rel1.win32_1.0.0.202411081344/tools/bin/../lib/gcc/arm-none-eabi/13.3.1/thumb/v7e-m+fp/hard/crtbegin.o
 *(.init)
 .init          0x0800673c        0x4 C:/ST/STM32CubeIDE_1.14.1/STM32CubeIDE/plugins/com.st.stm32cube.ide.mcu.externaltools.gnu-tools-for-stm32.13.3.rel1.win32_1.0.0.202411081344/tools/bin/../lib/gcc/arm-none-eabi/13.3.1/thumb/v7e-m+fp/hard/crti.o
                0x0800673c                _init
 .init          0x08006740        0x8 C:/ST/STM32CubeIDE_1.14.1/STM32CubeIDE/plugins/com.st.stm32cube.ide.mcu.externaltools.gnu-tools-for-stm32.13.3.rel1.win32_1.0.0.202411081344/tools/bin/../lib/gcc/arm-none-eabi/13.3.1/thumb/v7e-m+fp/hard/crtn.o
 *(.fini)
 .fini          0x08006748        0x4 C:/ST/STM32CubeIDE_1.14.1/STM32CubeIDE/plugins/com.st.stm32cube.ide.mcu.externaltools.gnu-tools-for-stm32.13.3.rel1.win32_1.0.0.202411081344/tools/bin/../lib/gcc/arm-none-eabi/13.3.1/thumb/v7e-m+fp/hard/crti.o
                0x08006748                _fini
 .fini          0x0800674c        0x8 C:/ST/STM32CubeIDE_1.14.1/STM32CubeIDE/plugins/com.st.stm32cube.ide.mcu.externaltools.gnu-tools-for-stm32.13.3.rel1.win32_1.0.0.202411081344/tools/bin/../lib/gcc/arm-none-eabi/13.3.1/thumb/v7e-m+fp/hard/crtn.o
                0x08006754                        . = ALIGN (0x4)
                0x08006754                        _etext = .

.vfp11_veneer   0x08006754        0x0
 .vfp11_veneer  0x08006754        0x0 linker stubs

.v4_bx          0x08006754        0x0
 .v4_bx         0x08006754        0x0 linker stubs

.iplt           0x08006754        0x0
 .iplt          0x08006754        0x0 C:/ST/STM32CubeIDE_1.14.1/STM32CubeIDE/plugins/com.st.stm32cube.ide.mcu.externaltools.gnu-tools-for-stm32.13.3.rel1.win32_1.0.0.202411081344/tools/bin/../lib/gcc/arm-none-eabi/13.3.1/thumb/v7e-m+fp/hard/crtbegin.o

.rodata         0x08006754       0xcc
                0x08006754                        . = ALIGN (0x4)
 *(.rodata)
 .rodata        0x08006754       0x2d ./Core/Src/main.o
 *fill*         0x08006781        0x3 
 .rodata        0x08006784        0x5 ./Middlewares/Third_Party/FreeRTOS/Source/tasks.o
 *fill*         0x08006789        0x3 
 .rodata        0x0800678c        0xd ./Middlewares/Third_Party/FreeRTOS/Source/timers.o
 *(.rodata*)
 *fill*         0x08006799        0x3 
 .rodata.appTask_attributes
                0x0800679c       0x24 ./Core/Src/main.o
                0x0800679c                appTask_attributes
 .rodata.commTask_attributes
                0x080067c0       0x24 ./Core/Src/main.o
                0x080067c0                commTask_attributes
 .rodata.watchdogTask_attributes
                0x080067e4       0x24 ./Core/Src/main.o
                0x080067e4                watchdogTask_attributes
 .rodata.AHBPrescTable
                0x08006808       0x10 ./Core/Src/system_stm32f4xx.o
                0x08006808                AHBPrescTable
 .rodata.APBPrescTable
                0x08006818        0x8 ./Core/Src/system_stm32f4xx.o
                0x08006818                APBPrescTable
                0x08006820                        . = ALIGN (0x4)

.ARM.extab      0x08006820        0x0
                0x08006820                        . = ALIGN (0x4)
 *(.ARM.extab* .gnu.linkonce.armextab.*)
                0x08006820                        . = ALIGN (0x4)

.ARM            0x08006820        0x8
                0x08006820                        . = ALIGN (0x4)
                0x08006820                        __exidx_start = .
 *(.ARM.exidx*)
 .ARM.exidx     0x08006820        0x8 C:/ST/STM32CubeIDE_1.14.1/STM32CubeIDE/plugins/com.st.stm32cube.ide.mcu.externaltools.gnu-tools-for-stm32.13.3.rel1.win32_1.0.0.202411081344/tools/bin/../lib/gcc/arm-none-eabi/13.3.1/thumb/v7e-m+fp/hard\libgcc.a(_udivmoddi4.o)
                0x08006828                        __exidx_end = .
                0x08006828                        . = ALIGN (0x4)

.preinit_array  0x08006828        0x0
                0x08006828                        . = ALIGN (0x4)
                0x08006828                        PROVIDE (__preinit_array_start = .)
 *(.preinit_array*)
                0x08006828                        PROVIDE (__preinit_array_end = .)
                0x08006828                        . = ALIGN (0x4)

.init_array     0x08006828        0x4
                0x08006828                        . = ALIGN (0x4)
                0x08006828                        PROVIDE (__init_array_start = .)
 *(SORT_BY_NAME(.init_array.*))
 *(.init_array*)
 .init_array    0x08006828        0x4 C:/ST/STM32CubeIDE_1.14.1/STM32CubeIDE/plugins/com.st.stm32cube.ide.mcu.externaltools.gnu-tools-for-stm32.13.3.rel1.win32_1.0.0.202411081344/tools/bin/../lib/gcc/arm-none-eabi/13.3.1/thumb/v7e-m+fp/hard/crtbegin.o
                0x0800682c                        PROVIDE (__init_array_end = .)
                0x0800682c                        . = ALIGN (0x4)

.fini_array     0x0800682c        0x4
                0x0800682c                        . = ALIGN (0x4)
                [!provide]                        PROVIDE (__fini_array_start = .)
 *(SORT_BY_NAME(.fini_array.*))
 *(.fini_array*)
 .fini_array    0x0800682c        0x4 C:/ST/STM32CubeIDE_1.14.1/STM32CubeIDE/plugins/com.st.stm32cube.ide.mcu.externaltools.gnu-tools-for-stm32.13.3.rel1.win32_1.0.0.202411081344/tools/bin/../lib/gcc/arm-none-eabi/13.3.1/thumb/v7e-m+fp/hard/crtbegin.o
                [!provide]                        PROVIDE (__fini_array_end = .)
                0x08006830                        . = ALIGN (0x4)
                0x08006830                        _sidata = LOADADDR (.data)

.rel.dyn        0x08006830        0x0
 .rel.iplt      0x08006830        0x0 C:/ST/STM32CubeIDE_1.14.1/STM32CubeIDE/plugins/com.st.stm32cube.ide.mcu.externaltools.gnu-tools-for-stm32.13.3.rel1.win32_1.0.0.202411081344/tools/bin/../lib/gcc/arm-none-eabi/13.3.1/thumb/v7e-m+fp/hard/crtbegin.o

.data           0x20000000       0x10 load address 0x08006830
                0x20000000                        . = ALIGN (0x4)
                0x20000000                        _sdata = .
 *(.data)
 *(.data*)
 .data.SystemCoreClock
                0x20000000        0x4 ./Core/Src/system_stm32f4xx.o
                0x20000000                SystemCoreClock
 .data.uwTickPrio
                0x20000004        0x4 ./Drivers/STM32F4xx_HAL_Driver/Src/stm32f4xx_hal.o
                0x20000004                uwTickPrio
 .data.uwTickFreq
                0x20000008        0x1 ./Drivers/STM32F4xx_HAL_Driver/Src/stm32f4xx_hal.o
                0x20000008                uwTickFreq
 *fill*         0x20000009        0x3 
 .data.uxCriticalNesting
                0x2000000c        0x4 ./Middlewares/Third_Party/FreeRTOS/Source/portable/GCC/ARM_CM4F/port.o
 *(.RamFunc)
 *(.RamFunc*)
                0x20000010                        . = ALIGN (0x4)
                0x20000010                        _edata = .

.igot.plt       0x20000010        0x0 load address 0x08006840
 .igot.plt      0x20000010        0x0 C:/ST/STM32CubeIDE_1.14.1/STM32CubeIDE/plugins/com.st.stm32cube.ide.mcu.externaltools.gnu-tools-for-stm32.13.3.rel1.win32_1.0.0.202411081344/tools/bin/../lib/gcc/arm-none-eabi/13.3.1/thumb/v7e-m+fp/hard/crtbegin.o
                0x20000010                        . = ALIGN (0x4)

.bss            0x20000010     0x4a64 load address 0x08006840
                0x20000010                        _sbss = .
                0x20000010                        __bss_start__ = _sbss
 *(.bss)
 .bss           0x20000010       0x1c C:/ST/STM32CubeIDE_1.14.1/STM32CubeIDE/plugins/com.st.stm32cube.ide.mcu.externaltools.gnu-tools-for-stm32.13.3.rel1.win32_1.0.0.202411081344/tools/bin/../lib/gcc/arm-none-eabi/13.3.1/thumb/v7e-m+fp/hard/crtbegin.o
 *(.bss*)
 .bss.appTaskAliveFlag
                0x2000002c        0x1 ./Core/Src/Tasks/appTask.o
 .bss.commTaskAliveFlag
                0x2000002d        0x1 ./Core/Src/Tasks/commTask.o
 *fill*         0x2000002e        0x2 
 .bss.hadc1     0x20000030       0x48 ./Core/Src/main.o
                0x20000030                hadc1
 .bss.hiwdg     0x20000078        0xc ./Core/Src/main.o
                0x20000078                hiwdg
 .bss.htim1     0x20000084       0x48 ./Core/Src/main.o
                0x20000084                htim1
 .bss.huart2    0x200000cc       0x48 ./Core/Src/main.o
                0x200000cc                huart2
 .bss.appTaskHandle
                0x20000114        0x4 ./Core/Src/main.o
                0x20000114                appTaskHandle
 .bss.commTaskHandle
                0x20000118        0x4 ./Core/Src/main.o
                0x20000118                commTaskHandle
 .bss.watchdogTaskHandle
                0x2000011c        0x4 ./Core/Src/main.o
                0x2000011c                watchdogTaskHandle
 .bss.uwTick    0x20000120        0x4 ./Drivers/STM32F4xx_HAL_Driver/Src/stm32f4xx_hal.o
                0x20000120                uwTick
 .bss.KernelState
                0x20000124        0x4 ./Middlewares/Third_Party/FreeRTOS/Source/CMSIS_RTOS_V2/cmsis_os2.o
 .bss.Idle_TCB.3
                0x20000128       0x5c ./Middlewares/Third_Party/FreeRTOS/Source/CMSIS_RTOS_V2/cmsis_os2.o
 .bss.Idle_Stack.2
                0x20000184      0x200 ./Middlewares/Third_Party/FreeRTOS/Source/CMSIS_RTOS_V2/cmsis_os2.o
 .bss.Timer_TCB.1
                0x20000384       0x5c ./Middlewares/Third_Party/FreeRTOS/Source/CMSIS_RTOS_V2/cmsis_os2.o
 .bss.Timer_Stack.0
                0x200003e0      0x400 ./Middlewares/Third_Party/FreeRTOS/Source/CMSIS_RTOS_V2/cmsis_os2.o
 .bss.xQueueRegistry
                0x200007e0       0x40 ./Middlewares/Third_Party/FreeRTOS/Source/queue.o
                0x200007e0                xQueueRegistry
 .bss.pxCurrentTCB
                0x20000820        0x4 ./Middlewares/Third_Party/FreeRTOS/Source/tasks.o
                0x20000820                pxCurrentTCB
 .bss.pxReadyTasksLists
                0x20000824      0x460 ./Middlewares/Third_Party/FreeRTOS/Source/tasks.o
 .bss.xDelayedTaskList1
                0x20000c84       0x14 ./Middlewares/Third_Party/FreeRTOS/Source/tasks.o
 .bss.xDelayedTaskList2
                0x20000c98       0x14 ./Middlewares/Third_Party/FreeRTOS/Source/tasks.o
 .bss.pxDelayedTaskList
                0x20000cac        0x4 ./Middlewares/Third_Party/FreeRTOS/Source/tasks.o
 .bss.pxOverflowDelayedTaskList
                0x20000cb0        0x4 ./Middlewares/Third_Party/FreeRTOS/Source/tasks.o
 .bss.xPendingReadyList
                0x20000cb4       0x14 ./Middlewares/Third_Party/FreeRTOS/Source/tasks.o
 .bss.xTasksWaitingTermination
                0x20000cc8       0x14 ./Middlewares/Third_Party/FreeRTOS/Source/tasks.o
 .bss.uxDeletedTasksWaitingCleanUp
                0x20000cdc        0x4 ./Middlewares/Third_Party/FreeRTOS/Source/tasks.o
 .bss.xSuspendedTaskList
                0x20000ce0       0x14 ./Middlewares/Third_Party/FreeRTOS/Source/tasks.o
 .bss.uxCurrentNumberOfTasks
                0x20000cf4        0x4 ./Middlewares/Third_Party/FreeRTOS/Source/tasks.o
 .bss.xTickCount
                0x20000cf8        0x4 ./Middlewares/Third_Party/FreeRTOS/Source/tasks.o
 .bss.uxTopReadyPriority
                0x20000cfc        0x4 ./Middlewares/Third_Party/FreeRTOS/Source/tasks.o
 .bss.xSchedulerRunning
                0x20000d00        0x4 ./Middlewares/Third_Party/FreeRTOS/Source/tasks.o
 .bss.xPendedTicks
                0x20000d04        0x4 ./Middlewares/Third_Party/FreeRTOS/Source/tasks.o
 .bss.xYieldPending
                0x20000d08        0x4 ./Middlewares/Third_Party/FreeRTOS/Source/tasks.o
 .bss.xNumOfOverflows
                0x20000d0c        0x4 ./Middlewares/Third_Party/FreeRTOS/Source/tasks.o
 .bss.uxTaskNumber
                0x20000d10        0x4 ./Middlewares/Third_Party/FreeRTOS/Source/tasks.o
 .bss.xNextTaskUnblockTime
                0x20000d14        0x4 ./Middlewares/Third_Party/FreeRTOS/Source/tasks.o
 .bss.xIdleTaskHandle
                0x20000d18        0x4 ./Middlewares/Third_Party/FreeRTOS/Source/tasks.o
 .bss.uxSchedulerSuspended
                0x20000d1c        0x4 ./Middlewares/Third_Party/FreeRTOS/Source/tasks.o
 .bss.xActiveTimerList1
                0x20000d20       0x14 ./Middlewares/Third_Party/FreeRTOS/Source/timers.o
 .bss.xActiveTimerList2
                0x20000d34       0x14 ./Middlewares/Third_Party/FreeRTOS/Source/timers.o
 .bss.pxCurrentTimerList
                0x20000d48        0x4 ./Middlewares/Third_Party/FreeRTOS/Source/timers.o
 .bss.pxOverflowTimerList
                0x20000d4c        0x4 ./Middlewares/Third_Party/FreeRTOS/Source/timers.o
 .bss.xTimerQueue
                0x20000d50        0x4 ./Middlewares/Third_Party/FreeRTOS/Source/timers.o
 .bss.xTimerTaskHandle
                0x20000d54        0x4 ./Middlewares/Third_Party/FreeRTOS/Source/timers.o
 .bss.xLastTime.2
                0x20000d58        0x4 ./Middlewares/Third_Party/FreeRTOS/Source/timers.o
 .bss.ucStaticTimerQueueStorage.1
                0x20000d5c       0xa0 ./Middlewares/Third_Party/FreeRTOS/Source/timers.o
 .bss.xStaticTimerQueue.0
                0x20000dfc       0x50 ./Middlewares/Third_Party/FreeRTOS/Source/timers.o
 .bss.ucMaxSysCallPriority
                0x20000e4c        0x1 ./Middlewares/Third_Party/FreeRTOS/Source/portable/GCC/ARM_CM4F/port.o
 *fill*         0x20000e4d        0x3 
 .bss.ulMaxPRIGROUPValue
                0x20000e50        0x4 ./Middlewares/Third_Party/FreeRTOS/Source/portable/GCC/ARM_CM4F/port.o
 .bss.ucHeap    0x20000e54     0x3c00 ./Middlewares/Third_Party/FreeRTOS/Source/portable/MemMang/heap_4.o
 .bss.xStart    0x20004a54        0x8 ./Middlewares/Third_Party/FreeRTOS/Source/portable/MemMang/heap_4.o
 .bss.pxEnd     0x20004a5c        0x4 ./Middlewares/Third_Party/FreeRTOS/Source/portable/MemMang/heap_4.o
 .bss.xFreeBytesRemaining
                0x20004a60        0x4 ./Middlewares/Third_Party/FreeRTOS/Source/portable/MemMang/heap_4.o
 .bss.xMinimumEverFreeBytesRemaining
                0x20004a64        0x4 ./Middlewares/Third_Party/FreeRTOS/Source/portable/MemMang/heap_4.o
 .bss.xNumberOfSuccessfulAllocations
                0x20004a68        0x4 ./Middlewares/Third_Party/FreeRTOS/Source/portable/MemMang/heap_4.o
 .bss.xNumberOfSuccessfulFrees
                0x20004a6c        0x4 ./Middlewares/Third_Party/FreeRTOS/Source/portable/MemMang/heap_4.o
 .bss.xBlockAllocatedBit
                0x20004a70        0x4 ./Middlewares/Third_Party/FreeRTOS/Source/portable/MemMang/heap_4.o
 *(COMMON)
                0x20004a74                        . = ALIGN (0x4)
                0x20004a74                        _ebss = .
                0x20004a74                        __bss_end__ = _ebss

._user_heap_stack
                0x20004a74      0x604 load address 0x08006840
                0x20004a78                        . = ALIGN (0x8)
 *fill*         0x20004a74        0x4 
                [!provide]                        PROVIDE (end = .)
                0x20004a78                        PROVIDE (_end = .)
                0x20004c78                        . = (. + _Min_Heap_Size)
 *fill*         0x20004a78      0x200 
                0x20005078                        . = (. + _Min_Stack_Size)
 *fill*         0x20004c78      0x400 
                0x20005078                        . = ALIGN (0x8)

/DISCARD/
 libc.a(*)
 libm.a(*)
 libgcc.a(*)

.ARM.attributes
                0x00000000       0x30
 *(.ARM.attributes)
 .ARM.attributes
                0x00000000       0x22 C:/ST/STM32CubeIDE_1.14.1/STM32CubeIDE/plugins/com.st.stm32cube.ide.mcu.externaltools.gnu-tools-for-stm32.13.3.rel1.win32_1.0.0.202411081344/tools/bin/../lib/gcc/arm-none-eabi/13.3.1/thumb/v7e-m+fp/hard/crti.o
 .ARM.attributes
                0x00000022       0x34 C:/ST/STM32CubeIDE_1.14.1/STM32CubeIDE/plugins/com.st.stm32cube.ide.mcu.externaltools.gnu-tools-for-stm32.13.3.rel1.win32_1.0.0.202411081344/tools/bin/../lib/gcc/arm-none-eabi/13.3.1/thumb/v7e-m+fp/hard/crtbegin.o
 .ARM.attributes
                0x00000056       0x34 ./Core/Src/App/Application/RoverControl.o
 .ARM.attributes
                0x0000008a       0x34 ./Core/Src/App/SystemControls/RoverDcMotorControl.o
 .ARM.attributes
                0x000000be       0x34 ./Core/Src/Drivers/ADC.o
 .ARM.attributes
                0x000000f2       0x34 ./Core/Src/Drivers/Dig.o
 .ARM.attributes
                0x00000126       0x34 ./Core/Src/Drivers/PWM.o
 .ARM.attributes
                0x0000015a       0x34 ./Core/Src/Drivers/WDG.o
 .ARM.attributes
                0x0000018e       0x34 ./Core/Src/Middleware/DCMotCntrMod.o
 .ARM.attributes
                0x000001c2       0x34 ./Core/Src/Middleware/JoyMod.o
 .ARM.attributes
                0x000001f6       0x34 ./Core/Src/Tasks/appTask.o
 .ARM.attributes
                0x0000022a       0x34 ./Core/Src/Tasks/commTask.o
 .ARM.attributes
                0x0000025e       0x34 ./Core/Src/Tasks/watchdogTask.o
 .ARM.attributes
                0x00000292       0x34 ./Core/Src/main.o
 .ARM.attributes
                0x000002c6       0x34 ./Core/Src/stm32f4xx_hal_msp.o
 .ARM.attributes
                0x000002fa       0x34 ./Core/Src/stm32f4xx_it.o
 .ARM.attributes
                0x0000032e       0x34 ./Core/Src/system_stm32f4xx.o
 .ARM.attributes
                0x00000362       0x21 ./Core/Startup/startup_stm32f446retx.o
 .ARM.attributes
                0x00000383       0x34 ./Drivers/STM32F4xx_HAL_Driver/Src/stm32f4xx_hal.o
 .ARM.attributes
                0x000003b7       0x34 ./Drivers/STM32F4xx_HAL_Driver/Src/stm32f4xx_hal_adc.o
 .ARM.attributes
                0x000003eb       0x34 ./Drivers/STM32F4xx_HAL_Driver/Src/stm32f4xx_hal_cortex.o
 .ARM.attributes
                0x0000041f       0x34 ./Drivers/STM32F4xx_HAL_Driver/Src/stm32f4xx_hal_gpio.o
 .ARM.attributes
                0x00000453       0x34 ./Drivers/STM32F4xx_HAL_Driver/Src/stm32f4xx_hal_iwdg.o
 .ARM.attributes
                0x00000487       0x34 ./Drivers/STM32F4xx_HAL_Driver/Src/stm32f4xx_hal_pwr_ex.o
 .ARM.attributes
                0x000004bb       0x34 ./Drivers/STM32F4xx_HAL_Driver/Src/stm32f4xx_hal_rcc.o
 .ARM.attributes
                0x000004ef       0x34 ./Drivers/STM32F4xx_HAL_Driver/Src/stm32f4xx_hal_rcc_ex.o
 .ARM.attributes
                0x00000523       0x34 ./Drivers/STM32F4xx_HAL_Driver/Src/stm32f4xx_hal_tim.o
 .ARM.attributes
                0x00000557       0x34 ./Drivers/STM32F4xx_HAL_Driver/Src/stm32f4xx_hal_tim_ex.o
 .ARM.attributes
                0x0000058b       0x34 ./Drivers/STM32F4xx_HAL_Driver/Src/stm32f4xx_hal_uart.o
 .ARM.attributes
                0x000005bf       0x34 ./Middlewares/Third_Party/FreeRTOS/Source/CMSIS_RTOS_V2/cmsis_os2.o
 .ARM.attributes
                0x000005f3       0x34 ./Middlewares/Third_Party/FreeRTOS/Source/list.o
 .ARM.attributes
                0x00000627       0x34 ./Middlewares/Third_Party/FreeRTOS/Source/queue.o
 .ARM.attributes
                0x0000065b       0x34 ./Middlewares/Third_Party/FreeRTOS/Source/tasks.o
 .ARM.attributes
                0x0000068f       0x34 ./Middlewares/Third_Party/FreeRTOS/Source/timers.o
 .ARM.attributes
                0x000006c3       0x34 ./Middlewares/Third_Party/FreeRTOS/Source/portable/GCC/ARM_CM4F/port.o
 .ARM.attributes
                0x000006f7       0x34 ./Middlewares/Third_Party/FreeRTOS/Source/portable/MemMang/heap_4.o
 .ARM.attributes
                0x0000072b       0x34 C:/ST/STM32CubeIDE_1.14.1/STM32CubeIDE/plugins/com.st.stm32cube.ide.mcu.externaltools.gnu-tools-for-stm32.13.3.rel1.win32_1.0.0.202411081344/tools/bin/../lib/gcc/arm-none-eabi/13.3.1/../../../../arm-none-eabi/lib/thumb/v7e-m+fp/hard\libc_nano.a(libc_a-memset.o)
 .ARM.attributes
                0x0000075f       0x34 C:/ST/STM32CubeIDE_1.14.1/STM32CubeIDE/plugins/com.st.stm32cube.ide.mcu.externaltools.gnu-tools-for-stm32.13.3.rel1.win32_1.0.0.202411081344/tools/bin/../lib/gcc/arm-none-eabi/13.3.1/../../../../arm-none-eabi/lib/thumb/v7e-m+fp/hard\libc_nano.a(libc_a-init.o)
 .ARM.attributes
                0x00000793       0x34 C:/ST/STM32CubeIDE_1.14.1/STM32CubeIDE/plugins/com.st.stm32cube.ide.mcu.externaltools.gnu-tools-for-stm32.13.3.rel1.win32_1.0.0.202411081344/tools/bin/../lib/gcc/arm-none-eabi/13.3.1/../../../../arm-none-eabi/lib/thumb/v7e-m+fp/hard\libc_nano.a(libc_a-memcpy-stub.o)
 .ARM.attributes
                0x000007c7       0x22 C:/ST/STM32CubeIDE_1.14.1/STM32CubeIDE/plugins/com.st.stm32cube.ide.mcu.externaltools.gnu-tools-for-stm32.13.3.rel1.win32_1.0.0.202411081344/tools/bin/../lib/gcc/arm-none-eabi/13.3.1/thumb/v7e-m+fp/hard\libgcc.a(_aeabi_uldivmod.o)
 .ARM.attributes
                0x000007e9       0x34 C:/ST/STM32CubeIDE_1.14.1/STM32CubeIDE/plugins/com.st.stm32cube.ide.mcu.externaltools.gnu-tools-for-stm32.13.3.rel1.win32_1.0.0.202411081344/tools/bin/../lib/gcc/arm-none-eabi/13.3.1/thumb/v7e-m+fp/hard\libgcc.a(_udivmoddi4.o)
 .ARM.attributes
                0x0000081d       0x22 C:/ST/STM32CubeIDE_1.14.1/STM32CubeIDE/plugins/com.st.stm32cube.ide.mcu.externaltools.gnu-tools-for-stm32.13.3.rel1.win32_1.0.0.202411081344/tools/bin/../lib/gcc/arm-none-eabi/13.3.1/thumb/v7e-m+fp/hard\libgcc.a(_dvmd_tls.o)
 .ARM.attributes
                0x0000083f       0x22 C:/ST/STM32CubeIDE_1.14.1/STM32CubeIDE/plugins/com.st.stm32cube.ide.mcu.externaltools.gnu-tools-for-stm32.13.3.rel1.win32_1.0.0.202411081344/tools/bin/../lib/gcc/arm-none-eabi/13.3.1/thumb/v7e-m+fp/hard/crtn.o
OUTPUT(Rover_FW.elf elf32-littlearm)
LOAD linker stubs
LOAD C:/ST/STM32CubeIDE_1.14.1/STM32CubeIDE/plugins/com.st.stm32cube.ide.mcu.externaltools.gnu-tools-for-stm32.13.3.rel1.win32_1.0.0.202411081344/tools/bin/../lib/gcc/arm-none-eabi/13.3.1/../../../../arm-none-eabi/lib/thumb/v7e-m+fp/hard\libc.a
LOAD C:/ST/STM32CubeIDE_1.14.1/STM32CubeIDE/plugins/com.st.stm32cube.ide.mcu.externaltools.gnu-tools-for-stm32.13.3.rel1.win32_1.0.0.202411081344/tools/bin/../lib/gcc/arm-none-eabi/13.3.1/../../../../arm-none-eabi/lib/thumb/v7e-m+fp/hard\libm.a
LOAD C:/ST/STM32CubeIDE_1.14.1/STM32CubeIDE/plugins/com.st.stm32cube.ide.mcu.externaltools.gnu-tools-for-stm32.13.3.rel1.win32_1.0.0.202411081344/tools/bin/../lib/gcc/arm-none-eabi/13.3.1/thumb/v7e-m+fp/hard\libgcc.a

.debug_info     0x00000000    0x1a17c
 .debug_info    0x00000000      0x190 ./Core/Src/App/Application/RoverControl.o
 .debug_info    0x00000190       0xf0 ./Core/Src/App/SystemControls/RoverDcMotorControl.o
 .debug_info    0x00000280      0x6d5 ./Core/Src/Drivers/ADC.o
 .debug_info    0x00000955      0x1fb ./Core/Src/Drivers/Dig.o
 .debug_info    0x00000b50      0x6dd ./Core/Src/Drivers/PWM.o
 .debug_info    0x0000122d      0x1b5 ./Core/Src/Drivers/WDG.o
 .debug_info    0x000013e2      0x822 ./Core/Src/Middleware/DCMotCntrMod.o
 .debug_info    0x00001c04      0x1f8 ./Core/Src/Middleware/JoyMod.o
 .debug_info    0x00001dfc      0x20b ./Core/Src/Tasks/appTask.o
 .debug_info    0x00002007      0x124 ./Core/Src/Tasks/commTask.o
 .debug_info    0x0000212b      0x135 ./Core/Src/Tasks/watchdogTask.o
 .debug_info    0x00002260     0x1927 ./Core/Src/main.o
 .debug_info    0x00003b87     0x1298 ./Core/Src/stm32f4xx_hal_msp.o
 .debug_info    0x00004e1f      0x11a ./Core/Src/stm32f4xx_it.o
 .debug_info    0x00004f39      0x54a ./Core/Src/system_stm32f4xx.o
 .debug_info    0x00005483       0x30 ./Core/Startup/startup_stm32f446retx.o
 .debug_info    0x000054b3      0x99a ./Drivers/STM32F4xx_HAL_Driver/Src/stm32f4xx_hal.o
 .debug_info    0x00005e4d      0xce3 ./Drivers/STM32F4xx_HAL_Driver/Src/stm32f4xx_hal_adc.o
 .debug_info    0x00006b30      0xdaa ./Drivers/STM32F4xx_HAL_Driver/Src/stm32f4xx_hal_cortex.o
 .debug_info    0x000078da      0x70b ./Drivers/STM32F4xx_HAL_Driver/Src/stm32f4xx_hal_gpio.o
 .debug_info    0x00007fe5      0x1d8 ./Drivers/STM32F4xx_HAL_Driver/Src/stm32f4xx_hal_iwdg.o
 .debug_info    0x000081bd      0x6da ./Drivers/STM32F4xx_HAL_Driver/Src/stm32f4xx_hal_pwr_ex.o
 .debug_info    0x00008897      0x8ff ./Drivers/STM32F4xx_HAL_Driver/Src/stm32f4xx_hal_rcc.o
 .debug_info    0x00009196      0x960 ./Drivers/STM32F4xx_HAL_Driver/Src/stm32f4xx_hal_rcc_ex.o
 .debug_info    0x00009af6     0x299d ./Drivers/STM32F4xx_HAL_Driver/Src/stm32f4xx_hal_tim.o
 .debug_info    0x0000c493     0x14db ./Drivers/STM32F4xx_HAL_Driver/Src/stm32f4xx_hal_tim_ex.o
 .debug_info    0x0000d96e     0x2f4f ./Drivers/STM32F4xx_HAL_Driver/Src/stm32f4xx_hal_uart.o
 .debug_info    0x000108bd     0x3a70 ./Middlewares/Third_Party/FreeRTOS/Source/CMSIS_RTOS_V2/cmsis_os2.o
 .debug_info    0x0001432d      0x2af ./Middlewares/Third_Party/FreeRTOS/Source/list.o
 .debug_info    0x000145dc     0x1b79 ./Middlewares/Third_Party/FreeRTOS/Source/queue.o
 .debug_info    0x00016155     0x21ec ./Middlewares/Third_Party/FreeRTOS/Source/tasks.o
 .debug_info    0x00018341     0x1488 ./Middlewares/Third_Party/FreeRTOS/Source/timers.o
 .debug_info    0x000197c9      0x4de ./Middlewares/Third_Party/FreeRTOS/Source/portable/GCC/ARM_CM4F/port.o
 .debug_info    0x00019ca7      0x4d5 ./Middlewares/Third_Party/FreeRTOS/Source/portable/MemMang/heap_4.o

.debug_abbrev   0x00000000     0x41fd
 .debug_abbrev  0x00000000       0xfd ./Core/Src/App/Application/RoverControl.o
 .debug_abbrev  0x000000fd       0x98 ./Core/Src/App/SystemControls/RoverDcMotorControl.o
 .debug_abbrev  0x00000195      0x18f ./Core/Src/Drivers/ADC.o
 .debug_abbrev  0x00000324      0x12a ./Core/Src/Drivers/Dig.o
 .debug_abbrev  0x0000044e      0x191 ./Core/Src/Drivers/PWM.o
 .debug_abbrev  0x000005df      0x11f ./Core/Src/Drivers/WDG.o
 .debug_abbrev  0x000006fe      0x1a1 ./Core/Src/Middleware/DCMotCntrMod.o
 .debug_abbrev  0x0000089f       0xfa ./Core/Src/Middleware/JoyMod.o
 .debug_abbrev  0x00000999      0x16d ./Core/Src/Tasks/appTask.o
 .debug_abbrev  0x00000b06       0xc2 ./Core/Src/Tasks/commTask.o
 .debug_abbrev  0x00000bc8       0xed ./Core/Src/Tasks/watchdogTask.o
 .debug_abbrev  0x00000cb5      0x327 ./Core/Src/main.o
 .debug_abbrev  0x00000fdc      0x225 ./Core/Src/stm32f4xx_hal_msp.o
 .debug_abbrev  0x00001201       0x97 ./Core/Src/stm32f4xx_it.o
 .debug_abbrev  0x00001298      0x11a ./Core/Src/system_stm32f4xx.o
 .debug_abbrev  0x000013b2       0x24 ./Core/Startup/startup_stm32f446retx.o
 .debug_abbrev  0x000013d6      0x214 ./Drivers/STM32F4xx_HAL_Driver/Src/stm32f4xx_hal.o
 .debug_abbrev  0x000015ea      0x252 ./Drivers/STM32F4xx_HAL_Driver/Src/stm32f4xx_hal_adc.o
 .debug_abbrev  0x0000183c      0x31d ./Drivers/STM32F4xx_HAL_Driver/Src/stm32f4xx_hal_cortex.o
 .debug_abbrev  0x00001b59      0x1d4 ./Drivers/STM32F4xx_HAL_Driver/Src/stm32f4xx_hal_gpio.o
 .debug_abbrev  0x00001d2d      0x12c ./Drivers/STM32F4xx_HAL_Driver/Src/stm32f4xx_hal_iwdg.o
 .debug_abbrev  0x00001e59      0x1cf ./Drivers/STM32F4xx_HAL_Driver/Src/stm32f4xx_hal_pwr_ex.o
 .debug_abbrev  0x00002028      0x2b7 ./Drivers/STM32F4xx_HAL_Driver/Src/stm32f4xx_hal_rcc.o
 .debug_abbrev  0x000022df      0x211 ./Drivers/STM32F4xx_HAL_Driver/Src/stm32f4xx_hal_rcc_ex.o
 .debug_abbrev  0x000024f0      0x278 ./Drivers/STM32F4xx_HAL_Driver/Src/stm32f4xx_hal_tim.o
 .debug_abbrev  0x00002768      0x283 ./Drivers/STM32F4xx_HAL_Driver/Src/stm32f4xx_hal_tim_ex.o
 .debug_abbrev  0x000029eb      0x30e ./Drivers/STM32F4xx_HAL_Driver/Src/stm32f4xx_hal_uart.o
 .debug_abbrev  0x00002cf9      0x508 ./Middlewares/Third_Party/FreeRTOS/Source/CMSIS_RTOS_V2/cmsis_os2.o
 .debug_abbrev  0x00003201       0xf5 ./Middlewares/Third_Party/FreeRTOS/Source/list.o
 .debug_abbrev  0x000032f6      0x3b6 ./Middlewares/Third_Party/FreeRTOS/Source/queue.o
 .debug_abbrev  0x000036ac      0x386 ./Middlewares/Third_Party/FreeRTOS/Source/tasks.o
 .debug_abbrev  0x00003a32      0x352 ./Middlewares/Third_Party/FreeRTOS/Source/timers.o
 .debug_abbrev  0x00003d84      0x25c ./Middlewares/Third_Party/FreeRTOS/Source/portable/GCC/ARM_CM4F/port.o
 .debug_abbrev  0x00003fe0      0x21d ./Middlewares/Third_Party/FreeRTOS/Source/portable/MemMang/heap_4.o

.debug_aranges  0x00000000     0x1740
 .debug_aranges
                0x00000000       0x28 ./Core/Src/App/Application/RoverControl.o
 .debug_aranges
                0x00000028       0x20 ./Core/Src/App/SystemControls/RoverDcMotorControl.o
 .debug_aranges
                0x00000048       0x28 ./Core/Src/Drivers/ADC.o
 .debug_aranges
                0x00000070       0x20 ./Core/Src/Drivers/Dig.o
 .debug_aranges
                0x00000090       0x28 ./Core/Src/Drivers/PWM.o
 .debug_aranges
                0x000000b8       0x28 ./Core/Src/Drivers/WDG.o
 .debug_aranges
                0x000000e0       0x30 ./Core/Src/Middleware/DCMotCntrMod.o
 .debug_aranges
                0x00000110       0x28 ./Core/Src/Middleware/JoyMod.o
 .debug_aranges
                0x00000138       0x30 ./Core/Src/Tasks/appTask.o
 .debug_aranges
                0x00000168       0x28 ./Core/Src/Tasks/commTask.o
 .debug_aranges
                0x00000190       0x20 ./Core/Src/Tasks/watchdogTask.o
 .debug_aranges
                0x000001b0       0x60 ./Core/Src/main.o
 .debug_aranges
                0x00000210       0x58 ./Core/Src/stm32f4xx_hal_msp.o
 .debug_aranges
                0x00000268       0x50 ./Core/Src/stm32f4xx_it.o
 .debug_aranges
                0x000002b8       0x28 ./Core/Src/system_stm32f4xx.o
 .debug_aranges
                0x000002e0       0x28 ./Core/Startup/startup_stm32f446retx.o
 .debug_aranges
                0x00000308       0xf0 ./Drivers/STM32F4xx_HAL_Driver/Src/stm32f4xx_hal.o
 .debug_aranges
                0x000003f8       0xe8 ./Drivers/STM32F4xx_HAL_Driver/Src/stm32f4xx_hal_adc.o
 .debug_aranges
                0x000004e0      0x130 ./Drivers/STM32F4xx_HAL_Driver/Src/stm32f4xx_hal_cortex.o
 .debug_aranges
                0x00000610       0x58 ./Drivers/STM32F4xx_HAL_Driver/Src/stm32f4xx_hal_gpio.o
 .debug_aranges
                0x00000668       0x28 ./Drivers/STM32F4xx_HAL_Driver/Src/stm32f4xx_hal_iwdg.o
 .debug_aranges
                0x00000690       0x60 ./Drivers/STM32F4xx_HAL_Driver/Src/stm32f4xx_hal_pwr_ex.o
 .debug_aranges
                0x000006f0       0x88 ./Drivers/STM32F4xx_HAL_Driver/Src/stm32f4xx_hal_rcc.o
 .debug_aranges
                0x00000778       0x78 ./Drivers/STM32F4xx_HAL_Driver/Src/stm32f4xx_hal_rcc_ex.o
 .debug_aranges
                0x000007f0      0x3d0 ./Drivers/STM32F4xx_HAL_Driver/Src/stm32f4xx_hal_tim.o
 .debug_aranges
                0x00000bc0      0x168 ./Drivers/STM32F4xx_HAL_Driver/Src/stm32f4xx_hal_tim_ex.o
 .debug_aranges
                0x00000d28      0x208 ./Drivers/STM32F4xx_HAL_Driver/Src/stm32f4xx_hal_uart.o
 .debug_aranges
                0x00000f30      0x2a8 ./Middlewares/Third_Party/FreeRTOS/Source/CMSIS_RTOS_V2/cmsis_os2.o
 .debug_aranges
                0x000011d8       0x40 ./Middlewares/Third_Party/FreeRTOS/Source/list.o
 .debug_aranges
                0x00001218      0x158 ./Middlewares/Third_Party/FreeRTOS/Source/queue.o
 .debug_aranges
                0x00001370      0x208 ./Middlewares/Third_Party/FreeRTOS/Source/tasks.o
 .debug_aranges
                0x00001578       0xf0 ./Middlewares/Third_Party/FreeRTOS/Source/timers.o
 .debug_aranges
                0x00001668       0x80 ./Middlewares/Third_Party/FreeRTOS/Source/portable/GCC/ARM_CM4F/port.o
 .debug_aranges
                0x000016e8       0x58 ./Middlewares/Third_Party/FreeRTOS/Source/portable/MemMang/heap_4.o

.debug_rnglists
                0x00000000     0x11d9
 .debug_rnglists
                0x00000000       0x19 ./Core/Src/App/Application/RoverControl.o
 .debug_rnglists
                0x00000019       0x13 ./Core/Src/App/SystemControls/RoverDcMotorControl.o
 .debug_rnglists
                0x0000002c       0x19 ./Core/Src/Drivers/ADC.o
 .debug_rnglists
                0x00000045       0x13 ./Core/Src/Drivers/Dig.o
 .debug_rnglists
                0x00000058       0x19 ./Core/Src/Drivers/PWM.o
 .debug_rnglists
                0x00000071       0x19 ./Core/Src/Drivers/WDG.o
 .debug_rnglists
                0x0000008a       0x20 ./Core/Src/Middleware/DCMotCntrMod.o
 .debug_rnglists
                0x000000aa       0x1a ./Core/Src/Middleware/JoyMod.o
 .debug_rnglists
                0x000000c4       0x1f ./Core/Src/Tasks/appTask.o
 .debug_rnglists
                0x000000e3       0x19 ./Core/Src/Tasks/commTask.o
 .debug_rnglists
                0x000000fc       0x13 ./Core/Src/Tasks/watchdogTask.o
 .debug_rnglists
                0x0000010f       0x47 ./Core/Src/main.o
 .debug_rnglists
                0x00000156       0x3f ./Core/Src/stm32f4xx_hal_msp.o
 .debug_rnglists
                0x00000195       0x37 ./Core/Src/stm32f4xx_it.o
 .debug_rnglists
                0x000001cc       0x1a ./Core/Src/system_stm32f4xx.o
 .debug_rnglists
                0x000001e6       0x19 ./Core/Startup/startup_stm32f446retx.o
 .debug_rnglists
                0x000001ff       0xaf ./Drivers/STM32F4xx_HAL_Driver/Src/stm32f4xx_hal.o
 .debug_rnglists
                0x000002ae       0xb5 ./Drivers/STM32F4xx_HAL_Driver/Src/stm32f4xx_hal_adc.o
 .debug_rnglists
                0x00000363       0xe0 ./Drivers/STM32F4xx_HAL_Driver/Src/stm32f4xx_hal_cortex.o
 .debug_rnglists
                0x00000443       0x3f ./Drivers/STM32F4xx_HAL_Driver/Src/stm32f4xx_hal_gpio.o
 .debug_rnglists
                0x00000482       0x1a ./Drivers/STM32F4xx_HAL_Driver/Src/stm32f4xx_hal_iwdg.o
 .debug_rnglists
                0x0000049c       0x47 ./Drivers/STM32F4xx_HAL_Driver/Src/stm32f4xx_hal_pwr_ex.o
 .debug_rnglists
                0x000004e3       0x66 ./Drivers/STM32F4xx_HAL_Driver/Src/stm32f4xx_hal_rcc.o
 .debug_rnglists
                0x00000549       0x5e ./Drivers/STM32F4xx_HAL_Driver/Src/stm32f4xx_hal_rcc_ex.o
 .debug_rnglists
                0x000005a7      0x31a ./Drivers/STM32F4xx_HAL_Driver/Src/stm32f4xx_hal_tim.o
 .debug_rnglists
                0x000008c1      0x125 ./Drivers/STM32F4xx_HAL_Driver/Src/stm32f4xx_hal_tim_ex.o
 .debug_rnglists
                0x000009e6      0x1bc ./Drivers/STM32F4xx_HAL_Driver/Src/stm32f4xx_hal_uart.o
 .debug_rnglists
                0x00000ba2      0x20c ./Middlewares/Third_Party/FreeRTOS/Source/CMSIS_RTOS_V2/cmsis_os2.o
 .debug_rnglists
                0x00000dae       0x2b ./Middlewares/Third_Party/FreeRTOS/Source/list.o
 .debug_rnglists
                0x00000dd9      0x109 ./Middlewares/Third_Party/FreeRTOS/Source/queue.o
 .debug_rnglists
                0x00000ee2      0x1a0 ./Middlewares/Third_Party/FreeRTOS/Source/tasks.o
 .debug_rnglists
                0x00001082       0xb8 ./Middlewares/Third_Party/FreeRTOS/Source/timers.o
 .debug_rnglists
                0x0000113a       0x5d ./Middlewares/Third_Party/FreeRTOS/Source/portable/GCC/ARM_CM4F/port.o
 .debug_rnglists
                0x00001197       0x42 ./Middlewares/Third_Party/FreeRTOS/Source/portable/MemMang/heap_4.o

.debug_macro    0x00000000    0x25e82
 .debug_macro   0x00000000       0x81 ./Core/Src/App/Application/RoverControl.o
 .debug_macro   0x00000081      0xad8 ./Core/Src/App/Application/RoverControl.o
 .debug_macro   0x00000b59       0x22 ./Core/Src/App/Application/RoverControl.o
 .debug_macro   0x00000b7b       0x8e ./Core/Src/App/Application/RoverControl.o
 .debug_macro   0x00000c09       0x51 ./Core/Src/App/Application/RoverControl.o
 .debug_macro   0x00000c5a      0x103 ./Core/Src/App/Application/RoverControl.o
 .debug_macro   0x00000d5d       0x6a ./Core/Src/App/Application/RoverControl.o
 .debug_macro   0x00000dc7      0x1df ./Core/Src/App/Application/RoverControl.o
 .debug_macro   0x00000fa6       0x77 ./Core/Src/App/SystemControls/RoverDcMotorControl.o
 .debug_macro   0x0000101d      0x222 ./Core/Src/Drivers/ADC.o
 .debug_macro   0x0000123f      0x2a7 ./Core/Src/Drivers/ADC.o
 .debug_macro   0x000014e6       0x2e ./Core/Src/Drivers/ADC.o
 .debug_macro   0x00001514       0x28 ./Core/Src/Drivers/ADC.o
 .debug_macro   0x0000153c       0x1c ./Core/Src/Drivers/ADC.o
 .debug_macro   0x00001558       0x22 ./Core/Src/Drivers/ADC.o
 .debug_macro   0x0000157a       0xfb ./Core/Src/Drivers/ADC.o
 .debug_macro   0x00001675     0x1011 ./Core/Src/Drivers/ADC.o
 .debug_macro   0x00002686      0x11f ./Core/Src/Drivers/ADC.o
 .debug_macro   0x000027a5    0x1675e ./Core/Src/Drivers/ADC.o
 .debug_macro   0x00018f03       0x6d ./Core/Src/Drivers/ADC.o
 .debug_macro   0x00018f70     0x3693 ./Core/Src/Drivers/ADC.o
 .debug_macro   0x0001c603      0x190 ./Core/Src/Drivers/ADC.o
 .debug_macro   0x0001c793       0x5c ./Core/Src/Drivers/ADC.o
 .debug_macro   0x0001c7ef      0xca5 ./Core/Src/Drivers/ADC.o
 .debug_macro   0x0001d494      0x9e9 ./Core/Src/Drivers/ADC.o
 .debug_macro   0x0001de7d      0x115 ./Core/Src/Drivers/ADC.o
 .debug_macro   0x0001df92      0x1a0 ./Core/Src/Drivers/ADC.o
 .debug_macro   0x0001e132       0xa5 ./Core/Src/Drivers/ADC.o
 .debug_macro   0x0001e1d7      0x16d ./Core/Src/Drivers/ADC.o
 .debug_macro   0x0001e344      0x287 ./Core/Src/Drivers/ADC.o
 .debug_macro   0x0001e5cb       0x5f ./Core/Src/Drivers/ADC.o
 .debug_macro   0x0001e62a      0x236 ./Core/Src/Drivers/ADC.o
 .debug_macro   0x0001e860      0xb5b ./Core/Src/Drivers/ADC.o
 .debug_macro   0x0001f3bb      0x38b ./Core/Src/Drivers/ADC.o
 .debug_macro   0x0001f746      0x17d ./Core/Src/Drivers/ADC.o
 .debug_macro   0x0001f8c3       0xf9 ./Core/Src/Drivers/ADC.o
 .debug_macro   0x0001f9bc      0x132 ./Core/Src/Drivers/ADC.o
 .debug_macro   0x0001faee      0x29c ./Core/Src/Drivers/ADC.o
 .debug_macro   0x0001fd8a       0x2e ./Core/Src/Drivers/ADC.o
 .debug_macro   0x0001fdb8       0x78 ./Core/Src/Drivers/ADC.o
 .debug_macro   0x0001fe30      0x127 ./Core/Src/Drivers/ADC.o
 .debug_macro   0x0001ff57       0xe8 ./Core/Src/Drivers/ADC.o
 .debug_macro   0x0002003f       0x89 ./Core/Src/Drivers/ADC.o
 .debug_macro   0x000200c8      0x8ed ./Core/Src/Drivers/ADC.o
 .debug_macro   0x000209b5       0x53 ./Core/Src/Drivers/ADC.o
 .debug_macro   0x00020a08      0x2aa ./Core/Src/Drivers/ADC.o
 .debug_macro   0x00020cb2      0x126 ./Core/Src/Drivers/ADC.o
 .debug_macro   0x00020dd8       0x6a ./Core/Src/Drivers/ADC.o
 .debug_macro   0x00020e42       0x6a ./Core/Src/Drivers/ADC.o
 .debug_macro   0x00020eac      0x20a ./Core/Src/Drivers/Dig.o
 .debug_macro   0x000210b6      0x222 ./Core/Src/Drivers/PWM.o
 .debug_macro   0x000212d8       0x64 ./Core/Src/Drivers/PWM.o
 .debug_macro   0x0002133c       0x70 ./Core/Src/Drivers/PWM.o
 .debug_macro   0x000213ac      0x20a ./Core/Src/Drivers/WDG.o
 .debug_macro   0x000215b6      0x23f ./Core/Src/Middleware/DCMotCntrMod.o
 .debug_macro   0x000217f5       0x4c ./Core/Src/Middleware/DCMotCntrMod.o
 .debug_macro   0x00021841      0x239 ./Core/Src/Middleware/JoyMod.o
 .debug_macro   0x00021a7a       0xf7 ./Core/Src/Tasks/appTask.o
 .debug_macro   0x00021b71      0x169 ./Core/Src/Tasks/appTask.o
 .debug_macro   0x00021cda      0x15a ./Core/Src/Tasks/appTask.o
 .debug_macro   0x00021e34       0xc9 ./Core/Src/Tasks/appTask.o
 .debug_macro   0x00021efd       0x1c ./Core/Src/Tasks/appTask.o
 .debug_macro   0x00021f19       0x26 ./Core/Src/Tasks/appTask.o
 .debug_macro   0x00021f3f      0x4c5 ./Core/Src/Tasks/appTask.o
 .debug_macro   0x00022404       0xb5 ./Core/Src/Tasks/appTask.o
 .debug_macro   0x000224b9       0xaa ./Core/Src/Tasks/appTask.o
 .debug_macro   0x00022563       0x2e ./Core/Src/Tasks/appTask.o
 .debug_macro   0x00022591       0xed ./Core/Src/Tasks/commTask.o
 .debug_macro   0x0002267e      0x101 ./Core/Src/Tasks/watchdogTask.o
 .debug_macro   0x0002277f      0x2c6 ./Core/Src/main.o
 .debug_macro   0x00022a45      0x169 ./Core/Src/main.o
 .debug_macro   0x00022bae       0x66 ./Core/Src/main.o
 .debug_macro   0x00022c14       0x74 ./Core/Src/main.o
 .debug_macro   0x00022c88       0xdd ./Core/Src/main.o
 .debug_macro   0x00022d65      0x20f ./Core/Src/stm32f4xx_hal_msp.o
 .debug_macro   0x00022f74      0x281 ./Core/Src/stm32f4xx_it.o
 .debug_macro   0x000231f5      0x200 ./Core/Src/system_stm32f4xx.o
 .debug_macro   0x000233f5      0x260 ./Drivers/STM32F4xx_HAL_Driver/Src/stm32f4xx_hal.o
 .debug_macro   0x00023655      0x201 ./Drivers/STM32F4xx_HAL_Driver/Src/stm32f4xx_hal_adc.o
 .debug_macro   0x00023856      0x200 ./Drivers/STM32F4xx_HAL_Driver/Src/stm32f4xx_hal_cortex.o
 .debug_macro   0x00023a56      0x206 ./Drivers/STM32F4xx_HAL_Driver/Src/stm32f4xx_hal_gpio.o
 .debug_macro   0x00023c5c      0x20c ./Drivers/STM32F4xx_HAL_Driver/Src/stm32f4xx_hal_iwdg.o
 .debug_macro   0x00023e68      0x218 ./Drivers/STM32F4xx_HAL_Driver/Src/stm32f4xx_hal_pwr_ex.o
 .debug_macro   0x00024080      0x224 ./Drivers/STM32F4xx_HAL_Driver/Src/stm32f4xx_hal_rcc.o
 .debug_macro   0x000242a4      0x200 ./Drivers/STM32F4xx_HAL_Driver/Src/stm32f4xx_hal_rcc_ex.o
 .debug_macro   0x000244a4      0x201 ./Drivers/STM32F4xx_HAL_Driver/Src/stm32f4xx_hal_tim.o
 .debug_macro   0x000246a5      0x200 ./Drivers/STM32F4xx_HAL_Driver/Src/stm32f4xx_hal_tim_ex.o
 .debug_macro   0x000248a5      0x201 ./Drivers/STM32F4xx_HAL_Driver/Src/stm32f4xx_hal_uart.o
 .debug_macro   0x00024aa6      0x3f7 ./Middlewares/Third_Party/FreeRTOS/Source/CMSIS_RTOS_V2/cmsis_os2.o
 .debug_macro   0x00024e9d       0x10 ./Middlewares/Third_Party/FreeRTOS/Source/CMSIS_RTOS_V2/cmsis_os2.o
 .debug_macro   0x00024ead       0x20 ./Middlewares/Third_Party/FreeRTOS/Source/CMSIS_RTOS_V2/cmsis_os2.o
 .debug_macro   0x00024ecd       0x10 ./Middlewares/Third_Party/FreeRTOS/Source/CMSIS_RTOS_V2/cmsis_os2.o
 .debug_macro   0x00024edd       0xf5 ./Middlewares/Third_Party/FreeRTOS/Source/CMSIS_RTOS_V2/cmsis_os2.o
 .debug_macro   0x00024fd2       0x91 ./Middlewares/Third_Party/FreeRTOS/Source/CMSIS_RTOS_V2/cmsis_os2.o
 .debug_macro   0x00025063       0x8d ./Middlewares/Third_Party/FreeRTOS/Source/CMSIS_RTOS_V2/cmsis_os2.o
 .debug_macro   0x000250f0       0x9a ./Middlewares/Third_Party/FreeRTOS/Source/CMSIS_RTOS_V2/cmsis_os2.o
 .debug_macro   0x0002518a       0x22 ./Middlewares/Third_Party/FreeRTOS/Source/CMSIS_RTOS_V2/cmsis_os2.o
 .debug_macro   0x000251ac       0x56 ./Middlewares/Third_Party/FreeRTOS/Source/CMSIS_RTOS_V2/cmsis_os2.o
 .debug_macro   0x00025202      0x187 ./Middlewares/Third_Party/FreeRTOS/Source/list.o
 .debug_macro   0x00025389      0x216 ./Middlewares/Third_Party/FreeRTOS/Source/queue.o
 .debug_macro   0x0002559f       0x16 ./Middlewares/Third_Party/FreeRTOS/Source/queue.o
 .debug_macro   0x000255b5       0x87 ./Middlewares/Third_Party/FreeRTOS/Source/queue.o
 .debug_macro   0x0002563c      0x27f ./Middlewares/Third_Party/FreeRTOS/Source/tasks.o
 .debug_macro   0x000258bb       0x10 ./Middlewares/Third_Party/FreeRTOS/Source/tasks.o
 .debug_macro   0x000258cb      0x1dc ./Middlewares/Third_Party/FreeRTOS/Source/timers.o
 .debug_macro   0x00025aa7       0x97 ./Middlewares/Third_Party/FreeRTOS/Source/timers.o
 .debug_macro   0x00025b3e      0x196 ./Middlewares/Third_Party/FreeRTOS/Source/portable/GCC/ARM_CM4F/port.o
 .debug_macro   0x00025cd4      0x1ae ./Middlewares/Third_Party/FreeRTOS/Source/portable/MemMang/heap_4.o

.debug_line     0x00000000    0x1d5c8
 .debug_line    0x00000000      0x4d9 ./Core/Src/App/Application/RoverControl.o
 .debug_line    0x000004d9      0x4aa ./Core/Src/App/SystemControls/RoverDcMotorControl.o
 .debug_line    0x00000983      0x80b ./Core/Src/Drivers/ADC.o
 .debug_line    0x0000118e      0x7b6 ./Core/Src/Drivers/Dig.o
 .debug_line    0x00001944      0x812 ./Core/Src/Drivers/PWM.o
 .debug_line    0x00002156      0x7c1 ./Core/Src/Drivers/WDG.o
 .debug_line    0x00002917      0x869 ./Core/Src/Middleware/DCMotCntrMod.o
 .debug_line    0x00003180      0x88b ./Core/Src/Middleware/JoyMod.o
 .debug_line    0x00003a0b      0x5cb ./Core/Src/Tasks/appTask.o
 .debug_line    0x00003fd6      0x597 ./Core/Src/Tasks/commTask.o
 .debug_line    0x0000456d      0x5b4 ./Core/Src/Tasks/watchdogTask.o
 .debug_line    0x00004b21      0xbab ./Core/Src/main.o
 .debug_line    0x000056cc      0x8a2 ./Core/Src/stm32f4xx_hal_msp.o
 .debug_line    0x00005f6e      0x93e ./Core/Src/stm32f4xx_it.o
 .debug_line    0x000068ac      0x81b ./Core/Src/system_stm32f4xx.o
 .debug_line    0x000070c7       0x7a ./Core/Startup/startup_stm32f446retx.o
 .debug_line    0x00007141      0xa97 ./Drivers/STM32F4xx_HAL_Driver/Src/stm32f4xx_hal.o
 .debug_line    0x00007bd8     0x12ba ./Drivers/STM32F4xx_HAL_Driver/Src/stm32f4xx_hal_adc.o
 .debug_line    0x00008e92      0xd67 ./Drivers/STM32F4xx_HAL_Driver/Src/stm32f4xx_hal_cortex.o
 .debug_line    0x00009bf9      0xbdb ./Drivers/STM32F4xx_HAL_Driver/Src/stm32f4xx_hal_gpio.o
 .debug_line    0x0000a7d4      0x824 ./Drivers/STM32F4xx_HAL_Driver/Src/stm32f4xx_hal_iwdg.o
 .debug_line    0x0000aff8      0xa04 ./Drivers/STM32F4xx_HAL_Driver/Src/stm32f4xx_hal_pwr_ex.o
 .debug_line    0x0000b9fc      0xeb0 ./Drivers/STM32F4xx_HAL_Driver/Src/stm32f4xx_hal_rcc.o
 .debug_line    0x0000c8ac     0x1560 ./Drivers/STM32F4xx_HAL_Driver/Src/stm32f4xx_hal_rcc_ex.o
 .debug_line    0x0000de0c     0x380c ./Drivers/STM32F4xx_HAL_Driver/Src/stm32f4xx_hal_tim.o
 .debug_line    0x00011618     0x19f7 ./Drivers/STM32F4xx_HAL_Driver/Src/stm32f4xx_hal_tim_ex.o
 .debug_line    0x0001300f     0x25df ./Drivers/STM32F4xx_HAL_Driver/Src/stm32f4xx_hal_uart.o
 .debug_line    0x000155ee     0x2551 ./Middlewares/Third_Party/FreeRTOS/Source/CMSIS_RTOS_V2/cmsis_os2.o
 .debug_line    0x00017b3f      0x78c ./Middlewares/Third_Party/FreeRTOS/Source/list.o
 .debug_line    0x000182cb     0x16fd ./Middlewares/Third_Party/FreeRTOS/Source/queue.o
 .debug_line    0x000199c8     0x1c80 ./Middlewares/Third_Party/FreeRTOS/Source/tasks.o
 .debug_line    0x0001b648      0xdcc ./Middlewares/Third_Party/FreeRTOS/Source/timers.o
 .debug_line    0x0001c414      0x811 ./Middlewares/Third_Party/FreeRTOS/Source/portable/GCC/ARM_CM4F/port.o
 .debug_line    0x0001cc25      0x9a3 ./Middlewares/Third_Party/FreeRTOS/Source/portable/MemMang/heap_4.o

.debug_str      0x00000000    0xe8809
 .debug_str     0x00000000    0xe8809 ./Core/Src/App/Application/RoverControl.o
                               0x3f03 (size before relaxing)
 .debug_str     0x000e8809     0x3e6c ./Core/Src/App/SystemControls/RoverDcMotorControl.o
 .debug_str     0x000e8809    0xd6a04 ./Core/Src/Drivers/ADC.o
 .debug_str     0x000e8809    0xd61d3 ./Core/Src/Drivers/Dig.o
 .debug_str     0x000e8809    0xd6aca ./Core/Src/Drivers/PWM.o
 .debug_str     0x000e8809    0xd61cb ./Core/Src/Drivers/WDG.o
 .debug_str     0x000e8809    0xd6cb1 ./Core/Src/Middleware/DCMotCntrMod.o
 .debug_str     0x000e8809    0xd67a0 ./Core/Src/Middleware/JoyMod.o
 .debug_str     0x000e8809     0x80bf ./Core/Src/Tasks/appTask.o
 .debug_str     0x000e8809     0x7feb ./Core/Src/Tasks/commTask.o
 .debug_str     0x000e8809     0x8029 ./Core/Src/Tasks/watchdogTask.o
 .debug_str     0x000e8809    0xdc26e ./Core/Src/main.o
 .debug_str     0x000e8809    0xd735c ./Core/Src/stm32f4xx_hal_msp.o
 .debug_str     0x000e8809    0xda15b ./Core/Src/stm32f4xx_it.o
 .debug_str     0x000e8809    0xd62f7 ./Core/Src/system_stm32f4xx.o
 .debug_str     0x000e8809       0x83 ./Core/Startup/startup_stm32f446retx.o
 .debug_str     0x000e8809    0xd6ebc ./Drivers/STM32F4xx_HAL_Driver/Src/stm32f4xx_hal.o
 .debug_str     0x000e8809    0xd68bf ./Drivers/STM32F4xx_HAL_Driver/Src/stm32f4xx_hal_adc.o
 .debug_str     0x000e8809    0xd6c13 ./Drivers/STM32F4xx_HAL_Driver/Src/stm32f4xx_hal_cortex.o
 .debug_str     0x000e8809    0xd6472 ./Drivers/STM32F4xx_HAL_Driver/Src/stm32f4xx_hal_gpio.o
 .debug_str     0x000e8809    0xd6289 ./Drivers/STM32F4xx_HAL_Driver/Src/stm32f4xx_hal_iwdg.o
 .debug_str     0x000e8809    0xd64cf ./Drivers/STM32F4xx_HAL_Driver/Src/stm32f4xx_hal_pwr_ex.o
 .debug_str     0x000e8809    0xd6730 ./Drivers/STM32F4xx_HAL_Driver/Src/stm32f4xx_hal_rcc.o
 .debug_str     0x000e8809    0xd6763 ./Drivers/STM32F4xx_HAL_Driver/Src/stm32f4xx_hal_rcc_ex.o
 .debug_str     0x000e8809    0xd765c ./Drivers/STM32F4xx_HAL_Driver/Src/stm32f4xx_hal_tim.o
 .debug_str     0x000e8809    0xd6e68 ./Drivers/STM32F4xx_HAL_Driver/Src/stm32f4xx_hal_tim_ex.o
 .debug_str     0x000e8809    0xd6ce7 ./Drivers/STM32F4xx_HAL_Driver/Src/stm32f4xx_hal_uart.o
 .debug_str     0x000e8809    0xe0fbe ./Middlewares/Third_Party/FreeRTOS/Source/CMSIS_RTOS_V2/cmsis_os2.o
 .debug_str     0x000e8809     0xac15 ./Middlewares/Third_Party/FreeRTOS/Source/list.o
 .debug_str     0x000e8809     0xc755 ./Middlewares/Third_Party/FreeRTOS/Source/queue.o
 .debug_str     0x000e8809     0xd212 ./Middlewares/Third_Party/FreeRTOS/Source/tasks.o
 .debug_str     0x000e8809     0xcc87 ./Middlewares/Third_Party/FreeRTOS/Source/timers.o
 .debug_str     0x000e8809     0x87bb ./Middlewares/Third_Party/FreeRTOS/Source/portable/GCC/ARM_CM4F/port.o
 .debug_str     0x000e8809     0xb557 ./Middlewares/Third_Party/FreeRTOS/Source/portable/MemMang/heap_4.o

.comment        0x00000000       0x43
 .comment       0x00000000       0x43 ./Core/Src/App/Application/RoverControl.o
                                 0x44 (size before relaxing)
 .comment       0x00000043       0x44 ./Core/Src/App/SystemControls/RoverDcMotorControl.o
 .comment       0x00000043       0x44 ./Core/Src/Drivers/ADC.o
 .comment       0x00000043       0x44 ./Core/Src/Drivers/Dig.o
 .comment       0x00000043       0x44 ./Core/Src/Drivers/PWM.o
 .comment       0x00000043       0x44 ./Core/Src/Drivers/WDG.o
 .comment       0x00000043       0x44 ./Core/Src/Middleware/DCMotCntrMod.o
 .comment       0x00000043       0x44 ./Core/Src/Middleware/JoyMod.o
 .comment       0x00000043       0x44 ./Core/Src/Tasks/appTask.o
 .comment       0x00000043       0x44 ./Core/Src/Tasks/commTask.o
 .comment       0x00000043       0x44 ./Core/Src/Tasks/watchdogTask.o
 .comment       0x00000043       0x44 ./Core/Src/main.o
 .comment       0x00000043       0x44 ./Core/Src/stm32f4xx_hal_msp.o
 .comment       0x00000043       0x44 ./Core/Src/stm32f4xx_it.o
 .comment       0x00000043       0x44 ./Core/Src/system_stm32f4xx.o
 .comment       0x00000043       0x44 ./Drivers/STM32F4xx_HAL_Driver/Src/stm32f4xx_hal.o
 .comment       0x00000043       0x44 ./Drivers/STM32F4xx_HAL_Driver/Src/stm32f4xx_hal_adc.o
 .comment       0x00000043       0x44 ./Drivers/STM32F4xx_HAL_Driver/Src/stm32f4xx_hal_cortex.o
 .comment       0x00000043       0x44 ./Drivers/STM32F4xx_HAL_Driver/Src/stm32f4xx_hal_gpio.o
 .comment       0x00000043       0x44 ./Drivers/STM32F4xx_HAL_Driver/Src/stm32f4xx_hal_iwdg.o
 .comment       0x00000043       0x44 ./Drivers/STM32F4xx_HAL_Driver/Src/stm32f4xx_hal_pwr_ex.o
 .comment       0x00000043       0x44 ./Drivers/STM32F4xx_HAL_Driver/Src/stm32f4xx_hal_rcc.o
 .comment       0x00000043       0x44 ./Drivers/STM32F4xx_HAL_Driver/Src/stm32f4xx_hal_rcc_ex.o
 .comment       0x00000043       0x44 ./Drivers/STM32F4xx_HAL_Driver/Src/stm32f4xx_hal_tim.o
 .comment       0x00000043       0x44 ./Drivers/STM32F4xx_HAL_Driver/Src/stm32f4xx_hal_tim_ex.o
 .comment       0x00000043       0x44 ./Drivers/STM32F4xx_HAL_Driver/Src/stm32f4xx_hal_uart.o
 .comment       0x00000043       0x44 ./Middlewares/Third_Party/FreeRTOS/Source/CMSIS_RTOS_V2/cmsis_os2.o
 .comment       0x00000043       0x44 ./Middlewares/Third_Party/FreeRTOS/Source/list.o
 .comment       0x00000043       0x44 ./Middlewares/Third_Party/FreeRTOS/Source/queue.o
 .comment       0x00000043       0x44 ./Middlewares/Third_Party/FreeRTOS/Source/tasks.o
 .comment       0x00000043       0x44 ./Middlewares/Third_Party/FreeRTOS/Source/timers.o
 .comment       0x00000043       0x44 ./Middlewares/Third_Party/FreeRTOS/Source/portable/GCC/ARM_CM4F/port.o
 .comment       0x00000043       0x44 ./Middlewares/Third_Party/FreeRTOS/Source/portable/MemMang/heap_4.o

.debug_frame    0x00000000     0x5eb4
 .debug_frame   0x00000000       0x5c ./Core/Src/App/Application/RoverControl.o
 .debug_frame   0x0000005c       0x34 ./Core/Src/App/SystemControls/RoverDcMotorControl.o
 .debug_frame   0x00000090       0x50 ./Core/Src/Drivers/ADC.o
 .debug_frame   0x000000e0       0x34 ./Core/Src/Drivers/Dig.o
 .debug_frame   0x00000114       0x54 ./Core/Src/Drivers/PWM.o
 .debug_frame   0x00000168       0x4c ./Core/Src/Drivers/WDG.o
 .debug_frame   0x000001b4       0x7c ./Core/Src/Middleware/DCMotCntrMod.o
 .debug_frame   0x00000230       0x5c ./Core/Src/Middleware/JoyMod.o
 .debug_frame   0x0000028c       0x70 ./Core/Src/Tasks/appTask.o
 .debug_frame   0x000002fc       0x50 ./Core/Src/Tasks/commTask.o
 .debug_frame   0x0000034c       0x30 ./Core/Src/Tasks/watchdogTask.o
 .debug_frame   0x0000037c      0x12c ./Core/Src/main.o
 .debug_frame   0x000004a8      0x138 ./Core/Src/stm32f4xx_hal_msp.o
 .debug_frame   0x000005e0       0xc4 ./Core/Src/stm32f4xx_it.o
 .debug_frame   0x000006a4       0x58 ./Core/Src/system_stm32f4xx.o
 .debug_frame   0x000006fc      0x374 ./Drivers/STM32F4xx_HAL_Driver/Src/stm32f4xx_hal.o
 .debug_frame   0x00000a70      0x3fc ./Drivers/STM32F4xx_HAL_Driver/Src/stm32f4xx_hal_adc.o
 .debug_frame   0x00000e6c      0x508 ./Drivers/STM32F4xx_HAL_Driver/Src/stm32f4xx_hal_cortex.o
 .debug_frame   0x00001374      0x14c ./Drivers/STM32F4xx_HAL_Driver/Src/stm32f4xx_hal_gpio.o
 .debug_frame   0x000014c0       0x5c ./Drivers/STM32F4xx_HAL_Driver/Src/stm32f4xx_hal_iwdg.o
 .debug_frame   0x0000151c      0x14c ./Drivers/STM32F4xx_HAL_Driver/Src/stm32f4xx_hal_pwr_ex.o
 .debug_frame   0x00001668      0x1f4 ./Drivers/STM32F4xx_HAL_Driver/Src/stm32f4xx_hal_rcc.o
 .debug_frame   0x0000185c      0x1e8 ./Drivers/STM32F4xx_HAL_Driver/Src/stm32f4xx_hal_rcc_ex.o
 .debug_frame   0x00001a44     0x11c0 ./Drivers/STM32F4xx_HAL_Driver/Src/stm32f4xx_hal_tim.o
 .debug_frame   0x00002c04      0x638 ./Drivers/STM32F4xx_HAL_Driver/Src/stm32f4xx_hal_tim_ex.o
 .debug_frame   0x0000323c      0x954 ./Drivers/STM32F4xx_HAL_Driver/Src/stm32f4xx_hal_uart.o
 .debug_frame   0x00003b90      0xbc8 ./Middlewares/Third_Party/FreeRTOS/Source/CMSIS_RTOS_V2/cmsis_os2.o
 .debug_frame   0x00004758       0xd8 ./Middlewares/Third_Party/FreeRTOS/Source/list.o
 .debug_frame   0x00004830      0x5ec ./Middlewares/Third_Party/FreeRTOS/Source/queue.o
 .debug_frame   0x00004e1c      0x8f0 ./Middlewares/Third_Party/FreeRTOS/Source/tasks.o
 .debug_frame   0x0000570c      0x400 ./Middlewares/Third_Party/FreeRTOS/Source/timers.o
 .debug_frame   0x00005b0c      0x1a8 ./Middlewares/Third_Party/FreeRTOS/Source/portable/GCC/ARM_CM4F/port.o
 .debug_frame   0x00005cb4      0x12c ./Middlewares/Third_Party/FreeRTOS/Source/portable/MemMang/heap_4.o