../Core/Src/main.c:116:5:main	8	static
../Core/Src/main.c:206:6:SystemClock_Config	88	static
../Core/Src/main.c:262:13:MX_ADC1_Init	24	static
../Core/Src/main.c:314:13:MX_IWDG_Init	8	static
../Core/Src/main.c:342:13:MX_TIM1_Init	80	static
../Core/Src/main.c:411:13:MX_TIM2_Init	32	static
../Core/Src/main.c:463:13:MX_USART2_UART_Init	8	static
../Core/Src/main.c:496:13:MX_GPIO_Init	40	static
../Core/Src/main.c:531:6:StartDefaultTask	16	static
../Core/Src/main.c:546:6:Error_Handler	4	static,ignoring_inline_asm
