../Core/Src/main.c:112:5:main	8	static
../Core/Src/main.c:202:6:SystemClock_Config	88	static
../Core/Src/main.c:258:13:MX_ADC1_Init	24	static
../Core/Src/main.c:310:13:MX_IWDG_Init	8	static
../Core/Src/main.c:338:13:MX_TIM1_Init	80	static
../Core/Src/main.c:407:13:MX_TIM2_Init	32	static
../Core/Src/main.c:459:13:MX_USART2_UART_Init	8	static
../Core/Src/main.c:492:13:MX_GPIO_Init	40	static
../Core/Src/main.c:527:6:StartDefaultTask	16	static
../Core/Src/main.c:542:6:Error_Handler	4	static,ignoring_inline_asm
